Using pre-set license
Built from '6000.0/release' branch; Version is '6000.0.44f1 (101c91f3a8fb) revision 1055889'; Using compiler version '193933523'; Build Type 'Release'
OS: 'Windows 10  (10.0.19045) 64bit Core' Language: 'es' Physical Memory: 16315 MB
BatchMode: 1, IsHumanControllingUs: 0, StartBugReporterOnCrash: 0, Is64bit: 1, IsPro: 1

COMMAND LINE ARGUMENTS:
C:\Program Files\Unity\Hub\Editor\6000.0.44f1\Editor\Unity.exe
-adb2
-batchMode
-noUpm
-name
AssetImportWorker1
-projectPath
C:/Users/Alain Deleau/Desktop/Da Vinci/(Final Pendiente) Inteligencia Artificial 1/ElementsGame
-logFile
Logs/AssetImportWorker1.log
-srvPort
51617
-job-worker-count
5
-background-job-worker-count
8
-gc-helper-count
1
Successfully changed project path to: C:/Users/Alain Deleau/Desktop/Da Vinci/(Final Pendiente) Inteligencia Artificial 1/ElementsGame
C:/Users/Alain Deleau/Desktop/Da Vinci/(Final Pendiente) Inteligencia Artificial 1/ElementsGame
[UnityMemory] Configuration Parameters - Can be set up in boot.config
    "memorysetup-bucket-allocator-granularity=16"
    "memorysetup-bucket-allocator-bucket-count=8"
    "memorysetup-bucket-allocator-block-size=33554432"
    "memorysetup-bucket-allocator-block-count=8"
    "memorysetup-main-allocator-block-size=16777216"
    "memorysetup-thread-allocator-block-size=16777216"
    "memorysetup-gfx-main-allocator-block-size=16777216"
    "memorysetup-gfx-thread-allocator-block-size=16777216"
    "memorysetup-cache-allocator-block-size=4194304"
    "memorysetup-typetree-allocator-block-size=2097152"
    "memorysetup-profiler-bucket-allocator-granularity=16"
    "memorysetup-profiler-bucket-allocator-bucket-count=8"
    "memorysetup-profiler-bucket-allocator-block-size=33554432"
    "memorysetup-profiler-bucket-allocator-block-count=8"
    "memorysetup-profiler-allocator-block-size=16777216"
    "memorysetup-profiler-editor-allocator-block-size=1048576"
    "memorysetup-temp-allocator-size-main=16777216"
    "memorysetup-job-temp-allocator-block-size=2097152"
    "memorysetup-job-temp-allocator-block-size-background=1048576"
    "memorysetup-job-temp-allocator-reduction-small-platforms=262144"
    "memorysetup-allocator-temp-initial-block-size-main=262144"
    "memorysetup-allocator-temp-initial-block-size-worker=262144"
    "memorysetup-temp-allocator-size-background-worker=32768"
    "memorysetup-temp-allocator-size-job-worker=262144"
    "memorysetup-temp-allocator-size-preload-manager=33554432"
    "memorysetup-temp-allocator-size-nav-mesh-worker=65536"
    "memorysetup-temp-allocator-size-audio-worker=65536"
    "memorysetup-temp-allocator-size-cloud-worker=32768"
    "memorysetup-temp-allocator-size-gi-baking-worker=262144"
    "memorysetup-temp-allocator-size-gi-baking-worker=262144"
    "memorysetup-temp-allocator-size-gi-baking-worker=262144"
    "memorysetup-temp-allocator-size-gi-baking-worker=262144"
    "memorysetup-temp-allocator-size-gi-baking-worker=262144"
    "memorysetup-temp-allocator-size-gfx=262144"
Player connection [11408]  Target information:

Player connection [11408]  * "[IP] 192.168.0.5 [Port] 0 [Flags] 2 [Guid] 4191672095 [EditorId] 4191672095 [Version] 1048832 [Id] WindowsEditor(7,DESKTOP-NPM4VDT) [Debug] 1 [PackageName] WindowsEditor [ProjectName] Editor" 

Player connection [11408] Host joined multi-casting on [225.0.0.222:54997]...
Player connection [11408] Host joined alternative multi-casting on [225.0.0.222:34997]...
JobSystem: Creating JobQueue using job-worker-count value 5
Input System module state changed to: Initialized.
[Physics::Module] Initialized fallback backend.
[Physics::Module] Id: 0xdecafbad
Library Redirect Path: Library/
[Physics::Module] Selected backend.
[Physics::Module] Name: PhysX
[Physics::Module] Id: 0xf2b8ea05
[Physics::Module] SDK Version: 4.1.2
[Physics::Module] Integration Version: 1.0.0
[Physics::Module] Threading Mode: Multi-Threaded
Refreshing native plugins compatible for Editor in 3.35 ms, found 3 plugins.
Preloading 0 native plugins for Editor in 0.00 ms.
Initialize engine version: 6000.0.44f1 (101c91f3a8fb)
[Subsystems] Discovering subsystems at path C:/Program Files/Unity/Hub/Editor/6000.0.44f1/Editor/Data/Resources/UnitySubsystems
[Subsystems] Discovering subsystems at path C:/Users/Alain Deleau/Desktop/Da Vinci/(Final Pendiente) Inteligencia Artificial 1/ElementsGame/Assets
GfxDevice: creating device client; kGfxThreadingModeNonThreaded
Direct3D:
    Version:  Direct3D 11.0 [level 11.1]
    Renderer: NVIDIA GeForce RTX 2060 (ID=0x1f08)
    Vendor:   NVIDIA
    VRAM:     5954 MB
    Driver:   32.0.15.6094
Initialize mono
Mono path[0] = 'C:/Program Files/Unity/Hub/Editor/6000.0.44f1/Editor/Data/Managed'
Mono path[1] = 'C:/Program Files/Unity/Hub/Editor/6000.0.44f1/Editor/Data/MonoBleedingEdge/lib/mono/unityjit-win32'
Mono config path = 'C:/Program Files/Unity/Hub/Editor/6000.0.44f1/Editor/Data/MonoBleedingEdge/etc'
Using monoOptions --debugger-agent=transport=dt_socket,embedding=1,server=y,suspend=n,address=127.0.0.1:56132
Begin MonoManager ReloadAssembly
Registering precompiled unity dll's ...
Register platform support module: C:/Program Files/Unity/Hub/Editor/6000.0.44f1/Editor/Data/PlaybackEngines/WindowsStandaloneSupport/UnityEditor.WindowsStandalone.Extensions.dll
Registered in 0.006409 seconds.
- Loaded All Assemblies, in  0.607 seconds
Native extension for WindowsStandalone target not found
Mono: successfully reloaded assembly
- Finished resetting the current domain, in  0.480 seconds
Domain Reload Profiling: 1078ms
	BeginReloadAssembly (205ms)
		ExecutionOrderSort (0ms)
		DisableScriptedObjects (0ms)
		BackupInstance (0ms)
		ReleaseScriptingObjects (0ms)
		CreateAndSetChildDomain (1ms)
	RebuildCommonClasses (59ms)
	RebuildNativeTypeToScriptingClass (17ms)
	initialDomainReloadingComplete (78ms)
	LoadAllAssembliesAndSetupDomain (238ms)
		LoadAssemblies (198ms)
		RebuildTransferFunctionScriptingTraits (0ms)
		AnalyzeDomain (232ms)
			TypeCache.Refresh (230ms)
				TypeCache.ScanAssembly (213ms)
			BuildScriptInfoCaches (0ms)
			ResolveRequiredComponents (1ms)
	FinalizeReload (480ms)
		ReleaseScriptCaches (0ms)
		RebuildScriptCaches (0ms)
		SetupLoadedEditorAssemblies (429ms)
			LogAssemblyErrors (0ms)
			InitializePlatformSupportModulesInManaged (32ms)
			SetLoadedEditorAssemblies (6ms)
			BeforeProcessingInitializeOnLoad (78ms)
			ProcessInitializeOnLoadAttributes (229ms)
			ProcessInitializeOnLoadMethodAttributes (84ms)
			AfterProcessingInitializeOnLoad (0ms)
			EditorAssembliesLoaded (0ms)
		ExecutionOrderSort2 (0ms)
		AwakeInstancesAfterBackupRestoration (0ms)
========================================================================
Worker process is ready to serve import requests
Import Worker Mode flag is 0x00
Begin MonoManager ReloadAssembly
- Loaded All Assemblies, in  1.248 seconds
Refreshing native plugins compatible for Editor in 1.93 ms, found 3 plugins.
Native extension for WindowsStandalone target not found
Mono: successfully reloaded assembly
- Finished resetting the current domain, in  1.107 seconds
Domain Reload Profiling: 2341ms
	BeginReloadAssembly (273ms)
		ExecutionOrderSort (0ms)
		DisableScriptedObjects (14ms)
		BackupInstance (0ms)
		ReleaseScriptingObjects (0ms)
		CreateAndSetChildDomain (36ms)
	RebuildCommonClasses (56ms)
	RebuildNativeTypeToScriptingClass (20ms)
	initialDomainReloadingComplete (64ms)
	LoadAllAssembliesAndSetupDomain (820ms)
		LoadAssemblies (612ms)
		RebuildTransferFunctionScriptingTraits (0ms)
		AnalyzeDomain (373ms)
			TypeCache.Refresh (261ms)
				TypeCache.ScanAssembly (242ms)
			BuildScriptInfoCaches (87ms)
			ResolveRequiredComponents (20ms)
	FinalizeReload (1107ms)
		ReleaseScriptCaches (0ms)
		RebuildScriptCaches (0ms)
		SetupLoadedEditorAssemblies (882ms)
			LogAssemblyErrors (0ms)
			InitializePlatformSupportModulesInManaged (3ms)
			SetLoadedEditorAssemblies (7ms)
			BeforeProcessingInitializeOnLoad (205ms)
			ProcessInitializeOnLoadAttributes (524ms)
			ProcessInitializeOnLoadMethodAttributes (130ms)
			AfterProcessingInitializeOnLoad (12ms)
			EditorAssembliesLoaded (0ms)
		ExecutionOrderSort2 (0ms)
		AwakeInstancesAfterBackupRestoration (8ms)
Launched and connected shader compiler UnityShaderCompiler.exe after 0.01 seconds
Refreshing native plugins compatible for Editor in 2.58 ms, found 3 plugins.
Preloading 0 native plugins for Editor in 0.00 ms.
Unloading 217 Unused Serialized files (Serialized files now loaded: 0)
Unloading 6212 unused Assets / (4.0 MB). Loaded Objects now: 6916.
Memory consumption went from 162.8 MB to 158.8 MB.
Total: 11.635700 ms (FindLiveObjects: 0.806700 ms CreateObjectMapping: 1.268500 ms MarkObjects: 6.907000 ms  DeleteObjects: 2.651600 ms)

========================================================================
Received Import Request.
  Time since last request: 57789.566900 seconds.
  path: Assets/Escena
  artifactKey: Guid(5fc29f8857aaf8b468bb008c98f44bbd) Importer(815301076,1909f56bfc062723c751e8b465ee728b)
Start importing Assets/Escena using Guid(5fc29f8857aaf8b468bb008c98f44bbd) Importer(815301076,1909f56bfc062723c751e8b465ee728b) (PreviewImporter) -> (artifact id: '0353ea0cf8391346ad36a4f1353199ba') in 0.0076585 seconds
Number of updated asset objects reloaded before import = 0Number of asset objects unloaded after import = 0

========================================================================
Received Import Request.
  Time since last request: 5.883806 seconds.
  path: Assets/Scenes
  artifactKey: Guid(9c53962885c2c4f449125a979d6ad240) Importer(815301076,1909f56bfc062723c751e8b465ee728b)
Start importing Assets/Scenes using Guid(9c53962885c2c4f449125a979d6ad240) Importer(815301076,1909f56bfc062723c751e8b465ee728b) (PreviewImporter) -> (artifact id: 'ae1af5c61b2fd4bcacfc65f55f013a75') in 0.0008938 seconds
Number of updated asset objects reloaded before import = 0Number of asset objects unloaded after import = 0

========================================================================
Received Import Request.
  Time since last request: 0.681956 seconds.
  path: Assets/Scenes/AlemTests.unity
  artifactKey: Guid(1846c38462ead154d9ad976725f8710e) Importer(815301076,1909f56bfc062723c751e8b465ee728b)
Start importing Assets/Scenes/AlemTests.unity using Guid(1846c38462ead154d9ad976725f8710e) Importer(815301076,1909f56bfc062723c751e8b465ee728b) (PreviewImporter) -> (artifact id: 'd344c65e3a8907b65326b2b2921a9e4b') in 0.0009708 seconds
Number of updated asset objects reloaded before import = 0Number of asset objects unloaded after import = 0

========================================================================
Received Import Request.
  Time since last request: 33.687894 seconds.
  path: Assets/Art_Character/Ch16_nonPBR.fbx
  artifactKey: Guid(cd02bb655a801e542b494249cde1c2a4) Importer(815301076,1909f56bfc062723c751e8b465ee728b)
Start importing Assets/Art_Character/Ch16_nonPBR.fbx using Guid(cd02bb655a801e542b494249cde1c2a4) Importer(815301076,1909f56bfc062723c751e8b465ee728b) (PreviewImporter) -> (artifact id: 'de2b27100544112bc3b649311cdf9cdb') in 0.9724614 seconds
Number of updated asset objects reloaded before import = 0Number of asset objects unloaded after import = 172

========================================================================
Received Import Request.
  Time since last request: 393.435678 seconds.
  path: Assets/Art_UI/UI_VidaYMana/Agua_MarcoVida.png
  artifactKey: Guid(3eb8599b4597807479ab39a8642043e9) Importer(815301076,1909f56bfc062723c751e8b465ee728b)
Start importing Assets/Art_UI/UI_VidaYMana/Agua_MarcoVida.png using Guid(3eb8599b4597807479ab39a8642043e9) Importer(815301076,1909f56bfc062723c751e8b465ee728b) (PreviewImporter) -> (artifact id: '6b8eb33e870af1d9a39c94fec053f628') in 0.0518447 seconds
Number of updated asset objects reloaded before import = 0Number of asset objects unloaded after import = 3

========================================================================
Received Import Request.
  Time since last request: 0.982888 seconds.
  path: Assets/TextMesh Pro/Sprites/EmojiOne.png
  artifactKey: Guid(dffef66376be4fa480fb02b19edbe903) Importer(815301076,1909f56bfc062723c751e8b465ee728b)
Start importing Assets/TextMesh Pro/Sprites/EmojiOne.png using Guid(dffef66376be4fa480fb02b19edbe903) Importer(815301076,1909f56bfc062723c751e8b465ee728b) (PreviewImporter) -> (artifact id: '34efd6477754dd580b6aa0ce3bdfcbbe') in 0.0333318 seconds
Number of updated asset objects reloaded before import = 0Number of asset objects unloaded after import = 2

========================================================================
Received Import Request.
  Time since last request: 0.000032 seconds.
  path: Assets/Art_Textures/BricksFloor/Floor_Bricks_Stylized_height.png
  artifactKey: Guid(4f21dd1e6a8eec34d8fe33f835bfb68c) Importer(815301076,1909f56bfc062723c751e8b465ee728b)
Start importing Assets/Art_Textures/BricksFloor/Floor_Bricks_Stylized_height.png using Guid(4f21dd1e6a8eec34d8fe33f835bfb68c) Importer(815301076,1909f56bfc062723c751e8b465ee728b) (PreviewImporter) -> (artifact id: 'c8634707a7e0e10326a0e044ac1efb5c') in 0.0216249 seconds
Number of updated asset objects reloaded before import = 0Number of asset objects unloaded after import = 2

========================================================================
Received Import Request.
  Time since last request: 0.368186 seconds.
  path: Assets/Art_Textures/BricksFloor/Floor_Bricks_Stylized_normal.png
  artifactKey: Guid(0f5bc491492f8e94f8ff830e77d5afc5) Importer(815301076,1909f56bfc062723c751e8b465ee728b)
Start importing Assets/Art_Textures/BricksFloor/Floor_Bricks_Stylized_normal.png using Guid(0f5bc491492f8e94f8ff830e77d5afc5) Importer(815301076,1909f56bfc062723c751e8b465ee728b) (PreviewImporter) -> (artifact id: 'e42ece5388fa31999921ce582824e808') in 0.0259177 seconds
Number of updated asset objects reloaded before import = 0Number of asset objects unloaded after import = 2

========================================================================
Received Import Request.
  Time since last request: 0.000046 seconds.
  path: Assets/TextMesh Pro/Fonts/LiberationSans.ttf
  artifactKey: Guid(e3265ab4bf004d28a9537516768c1c75) Importer(815301076,1909f56bfc062723c751e8b465ee728b)
Start importing Assets/TextMesh Pro/Fonts/LiberationSans.ttf using Guid(e3265ab4bf004d28a9537516768c1c75) Importer(815301076,1909f56bfc062723c751e8b465ee728b) (PreviewImporter) -> (artifact id: '4d2fbb8e43d38779cb0dacd22abf6052') in 0.0392847 seconds
Number of updated asset objects reloaded before import = 0Number of asset objects unloaded after import = 4

========================================================================
Received Import Request.
  Time since last request: 0.000041 seconds.
  path: Assets/Art_UI/UI_VidaYMana/Fuego_Vida.png
  artifactKey: Guid(5da30e049f58f804a8a9e149abd91deb) Importer(815301076,1909f56bfc062723c751e8b465ee728b)
Start importing Assets/Art_UI/UI_VidaYMana/Fuego_Vida.png using Guid(5da30e049f58f804a8a9e149abd91deb) Importer(815301076,1909f56bfc062723c751e8b465ee728b) (PreviewImporter) -> (artifact id: 'a97e2fd4d62246b734dfb24e9ff95834') in 0.0258032 seconds
Number of updated asset objects reloaded before import = 0Number of asset objects unloaded after import = 3

========================================================================
Received Import Request.
  Time since last request: 0.819780 seconds.
  path: Assets/Art_UI/UI_Iconos/icono agua.jpeg
  artifactKey: Guid(adc82967f2678964ca724d988e93e647) Importer(815301076,1909f56bfc062723c751e8b465ee728b)
Start importing Assets/Art_UI/UI_Iconos/icono agua.jpeg using Guid(adc82967f2678964ca724d988e93e647) Importer(815301076,1909f56bfc062723c751e8b465ee728b) (PreviewImporter) -> (artifact id: '60a8deb53f40da5e9575a2f850de2ee0') in 0.0277421 seconds
Number of updated asset objects reloaded before import = 0Number of asset objects unloaded after import = 3

========================================================================
Received Import Request.
  Time since last request: 0.000028 seconds.
  path: Assets/Art_UI/UI_Iconos/icono fuego con marco.jpeg
  artifactKey: Guid(2eb60e8245a3b444f870a5521f064cb3) Importer(815301076,1909f56bfc062723c751e8b465ee728b)
Start importing Assets/Art_UI/UI_Iconos/icono fuego con marco.jpeg using Guid(2eb60e8245a3b444f870a5521f064cb3) Importer(815301076,1909f56bfc062723c751e8b465ee728b) (PreviewImporter) -> (artifact id: '1904635e6bd2af3ad3363f9f98a63cbe') in 0.021127 seconds
Number of updated asset objects reloaded before import = 0Number of asset objects unloaded after import = 2

========================================================================
Received Import Request.
  Time since last request: 0.120755 seconds.
  path: Assets/TextMesh Pro/Resources/Fonts & Materials/LiberationSans SDF.asset
  artifactKey: Guid(8f586378b4e144a9851e7b34d9b748ee) Importer(815301076,1909f56bfc062723c751e8b465ee728b)
Start importing Assets/TextMesh Pro/Resources/Fonts & Materials/LiberationSans SDF.asset using Guid(8f586378b4e144a9851e7b34d9b748ee) Importer(815301076,1909f56bfc062723c751e8b465ee728b) (PreviewImporter) -> (artifact id: 'caec9878674c8518e4453ab6f15200c9') in 0.0570345 seconds
Number of updated asset objects reloaded before import = 0Number of asset objects unloaded after import = 9

========================================================================
Received Import Request.
  Time since last request: 0.000027 seconds.
  path: Assets/Art_UI/UI_VidaYMana/Mana_Interior.png
  artifactKey: Guid(1c1dca402d987f74aaebdad8f69b4d0c) Importer(815301076,1909f56bfc062723c751e8b465ee728b)
Start importing Assets/Art_UI/UI_VidaYMana/Mana_Interior.png using Guid(1c1dca402d987f74aaebdad8f69b4d0c) Importer(815301076,1909f56bfc062723c751e8b465ee728b) (PreviewImporter) -> (artifact id: '47ac6a90522d6d17ccfea47476a77afc') in 0.0253446 seconds
Number of updated asset objects reloaded before import = 0Number of asset objects unloaded after import = 3

========================================================================
Received Import Request.
  Time since last request: 1.118735 seconds.
  path: Assets/Art_UI/UI_VidaYMana/Mana_Marco.png
  artifactKey: Guid(54ee6f5a7c6160946a1c1e61e5b1188f) Importer(815301076,1909f56bfc062723c751e8b465ee728b)
Start importing Assets/Art_UI/UI_VidaYMana/Mana_Marco.png using Guid(54ee6f5a7c6160946a1c1e61e5b1188f) Importer(815301076,1909f56bfc062723c751e8b465ee728b) (PreviewImporter) -> (artifact id: '8655545dffab6a101f5875ec35cc9b00') in 0.0248477 seconds
Number of updated asset objects reloaded before import = 0Number of asset objects unloaded after import = 3

========================================================================
Received Import Request.
  Time since last request: 0.276202 seconds.
  path: Assets/Art_UI/UI_VidaYMana/Marco_Mana.png
  artifactKey: Guid(02d91e448b6b71f48900cbd6b4faeb11) Importer(815301076,1909f56bfc062723c751e8b465ee728b)
Start importing Assets/Art_UI/UI_VidaYMana/Marco_Mana.png using Guid(02d91e448b6b71f48900cbd6b4faeb11) Importer(815301076,1909f56bfc062723c751e8b465ee728b) (PreviewImporter) -> (artifact id: 'eddd6702a8bb36af7a7f1f85ac6a54ee') in 0.0448816 seconds
Number of updated asset objects reloaded before import = 0Number of asset objects unloaded after import = 3

========================================================================
Received Import Request.
  Time since last request: 0.000029 seconds.
  path: Assets/Art_UI/UI_VidaYMana/Marco_MiniMapa_Agua.png
  artifactKey: Guid(36a1a0e9d1c0d2742aa7d28b61317a8f) Importer(815301076,1909f56bfc062723c751e8b465ee728b)
Start importing Assets/Art_UI/UI_VidaYMana/Marco_MiniMapa_Agua.png using Guid(36a1a0e9d1c0d2742aa7d28b61317a8f) Importer(815301076,1909f56bfc062723c751e8b465ee728b) (PreviewImporter) -> (artifact id: '100f2394e03a167f450b3707f1e40339') in 0.0258426 seconds
Number of updated asset objects reloaded before import = 0Number of asset objects unloaded after import = 3

========================================================================
Received Import Request.
  Time since last request: 0.126716 seconds.
  path: Assets/Art_UI/UI_VidaYMana/Marco_Vida_Fuego.png
  artifactKey: Guid(eab50cf004ea1c442b83f2d623def927) Importer(815301076,1909f56bfc062723c751e8b465ee728b)
Start importing Assets/Art_UI/UI_VidaYMana/Marco_Vida_Fuego.png using Guid(eab50cf004ea1c442b83f2d623def927) Importer(815301076,1909f56bfc062723c751e8b465ee728b) (PreviewImporter) -> (artifact id: 'e2ca6d5afceeda3c226b82134f6a9e3e') in 0.0276953 seconds
Number of updated asset objects reloaded before import = 0Number of asset objects unloaded after import = 3

========================================================================
Received Import Request.
  Time since last request: 0.435800 seconds.
  path: Assets/Escena/Texturas/Rock.png
  artifactKey: Guid(eab9b8d4a65eee14fa5275cf3fa74b92) Importer(815301076,1909f56bfc062723c751e8b465ee728b)
Start importing Assets/Escena/Texturas/Rock.png using Guid(eab9b8d4a65eee14fa5275cf3fa74b92) Importer(815301076,1909f56bfc062723c751e8b465ee728b) (PreviewImporter) -> (artifact id: '8113fb624774bcc86f90ab6ff3ee7894') in 0.020573 seconds
Number of updated asset objects reloaded before import = 0Number of asset objects unloaded after import = 2

========================================================================
Received Import Request.
  Time since last request: 2.538984 seconds.
  path: Assets/Art_Textures/New Folder/Floor_Bricks/Rock_Stylized_normal.png
  artifactKey: Guid(925f10e3c7fa7524fb327383dd741980) Importer(815301076,1909f56bfc062723c751e8b465ee728b)
Start importing Assets/Art_Textures/New Folder/Floor_Bricks/Rock_Stylized_normal.png using Guid(925f10e3c7fa7524fb327383dd741980) Importer(815301076,1909f56bfc062723c751e8b465ee728b) (PreviewImporter) -> (artifact id: 'c4c533ac469764b806e89322a3d1fd6c') in 0.0267643 seconds
Number of updated asset objects reloaded before import = 0Number of asset objects unloaded after import = 2

========================================================================
Received Import Request.
  Time since last request: 2.844483 seconds.
  path: Assets/Art_Textures/New Folder/Floor_Sand/Sand_Stylized_basecolor.png
  artifactKey: Guid(6b12d4191bbf0304390f2853768eca88) Importer(815301076,1909f56bfc062723c751e8b465ee728b)
Start importing Assets/Art_Textures/New Folder/Floor_Sand/Sand_Stylized_basecolor.png using Guid(6b12d4191bbf0304390f2853768eca88) Importer(815301076,1909f56bfc062723c751e8b465ee728b) (PreviewImporter) -> (artifact id: 'a277b778eb13bd0fdeae8226e2706ad0') in 0.022062 seconds
Number of updated asset objects reloaded before import = 0Number of asset objects unloaded after import = 2

========================================================================
Received Import Request.
  Time since last request: 0.000028 seconds.
  path: Assets/Tree_Textures/shadow.png
  artifactKey: Guid(02ebd980da40b8445ae54d1fef9a796b) Importer(815301076,1909f56bfc062723c751e8b465ee728b)
Start importing Assets/Tree_Textures/shadow.png using Guid(02ebd980da40b8445ae54d1fef9a796b) Importer(815301076,1909f56bfc062723c751e8b465ee728b) (PreviewImporter) -> (artifact id: 'd8b55cde4fe7def79c20d03bacf594e3') in 0.0239588 seconds
Number of updated asset objects reloaded before import = 0Number of asset objects unloaded after import = 2

========================================================================
Received Import Request.
  Time since last request: 0.272525 seconds.
  path: Assets/Art_Textures/New Folder/Floor_Grass/Substance_graph_basecolor.png
  artifactKey: Guid(599a6db0b519ee34ca1dd70003fe191f) Importer(815301076,1909f56bfc062723c751e8b465ee728b)
Start importing Assets/Art_Textures/New Folder/Floor_Grass/Substance_graph_basecolor.png using Guid(599a6db0b519ee34ca1dd70003fe191f) Importer(815301076,1909f56bfc062723c751e8b465ee728b) (PreviewImporter) -> (artifact id: '75e63700df4421e2071549669a8c7376') in 0.0215399 seconds
Number of updated asset objects reloaded before import = 0Number of asset objects unloaded after import = 2

========================================================================
Received Import Request.
  Time since last request: 0.686307 seconds.
  path: Assets/Art_Textures/GrassFloor/Substance_graph_height.png
  artifactKey: Guid(20cd5cd61492914458071cfa3ce892c9) Importer(815301076,1909f56bfc062723c751e8b465ee728b)
Start importing Assets/Art_Textures/GrassFloor/Substance_graph_height.png using Guid(20cd5cd61492914458071cfa3ce892c9) Importer(815301076,1909f56bfc062723c751e8b465ee728b) (PreviewImporter) -> (artifact id: '3b55722c963d5ec9668f11889a1d2d18') in 0.0229053 seconds
Number of updated asset objects reloaded before import = 0Number of asset objects unloaded after import = 2

========================================================================
Received Import Request.
  Time since last request: 0.000027 seconds.
  path: Assets/Art_Textures/GrassFloor/Substance_graph_metallic.png
  artifactKey: Guid(87fc40a5e7285824d9b5c3685078d645) Importer(815301076,1909f56bfc062723c751e8b465ee728b)
Start importing Assets/Art_Textures/GrassFloor/Substance_graph_metallic.png using Guid(87fc40a5e7285824d9b5c3685078d645) Importer(815301076,1909f56bfc062723c751e8b465ee728b) (PreviewImporter) -> (artifact id: 'cbe377efd26f22c8a5fae5bae6371b19') in 0.0200824 seconds
Number of updated asset objects reloaded before import = 0Number of asset objects unloaded after import = 2

========================================================================
Received Import Request.
  Time since last request: 0.000068 seconds.
  path: Assets/Training_dummy/Texture/training_dummy.png
  artifactKey: Guid(e6ea158b31b4d6c4da5de15073234555) Importer(815301076,1909f56bfc062723c751e8b465ee728b)
Start importing Assets/Training_dummy/Texture/training_dummy.png using Guid(e6ea158b31b4d6c4da5de15073234555) Importer(815301076,1909f56bfc062723c751e8b465ee728b) (PreviewImporter) -> (artifact id: 'bed602c31c85e29a35a1855827e4f101') in 0.0196494 seconds
Number of updated asset objects reloaded before import = 0Number of asset objects unloaded after import = 2

========================================================================
Received Import Request.
  Time since last request: 0.000029 seconds.
  path: Assets/Tree_Textures/translucency_gloss.png
  artifactKey: Guid(06132f7b1e80c0e4da47b995e7be1184) Importer(815301076,1909f56bfc062723c751e8b465ee728b)
Start importing Assets/Tree_Textures/translucency_gloss.png using Guid(06132f7b1e80c0e4da47b995e7be1184) Importer(815301076,1909f56bfc062723c751e8b465ee728b) (PreviewImporter) -> (artifact id: 'f984e4e64745e3804100898248abcbaf') in 0.0233916 seconds
Number of updated asset objects reloaded before import = 0Number of asset objects unloaded after import = 2

========================================================================
Received Import Request.
  Time since last request: 0.244158 seconds.
  path: Assets/Escena/Texturas/WALL2.png
  artifactKey: Guid(f42aea912e08b6b4b9743f73981567df) Importer(815301076,1909f56bfc062723c751e8b465ee728b)
Start importing Assets/Escena/Texturas/WALL2.png using Guid(f42aea912e08b6b4b9743f73981567df) Importer(815301076,1909f56bfc062723c751e8b465ee728b) (PreviewImporter) -> (artifact id: 'e10cdf2ee2e9d7817b62357230b2d038') in 0.0280012 seconds
Number of updated asset objects reloaded before import = 0Number of asset objects unloaded after import = 2

========================================================================
Received Import Request.
  Time since last request: 0.000039 seconds.
  path: Assets/Art_Textures/SandFloor/Wall_cement_stylized_ambientocclusion.png
  artifactKey: Guid(36c5880d3446bf34299cec36b115c9f0) Importer(815301076,1909f56bfc062723c751e8b465ee728b)
Start importing Assets/Art_Textures/SandFloor/Wall_cement_stylized_ambientocclusion.png using Guid(36c5880d3446bf34299cec36b115c9f0) Importer(815301076,1909f56bfc062723c751e8b465ee728b) (PreviewImporter) -> (artifact id: '46cc7a437010c22a32b1cbe93e5f5e85') in 0.0091847 seconds
Number of updated asset objects reloaded before import = 0Number of asset objects unloaded after import = 2

========================================================================
Received Import Request.
  Time since last request: 0.000046 seconds.
  path: Assets/Art_Textures/SandFloor/Wall_cement_stylized_metallic.png
  artifactKey: Guid(14479d4befa466e47afb1cea020beb68) Importer(815301076,1909f56bfc062723c751e8b465ee728b)
Start importing Assets/Art_Textures/SandFloor/Wall_cement_stylized_metallic.png using Guid(14479d4befa466e47afb1cea020beb68) Importer(815301076,1909f56bfc062723c751e8b465ee728b) (PreviewImporter) -> (artifact id: '3cde741d6ecaa80e86b9a9597ca775b8') in 0.0099255 seconds
Number of updated asset objects reloaded before import = 0Number of asset objects unloaded after import = 2

========================================================================
Received Import Request.
  Time since last request: 0.116170 seconds.
  path: Assets/Art_Textures/SandFloor/Wall_cement_stylized_roughness.png
  artifactKey: Guid(eae2936ecde752043883c32e317cc00c) Importer(815301076,1909f56bfc062723c751e8b465ee728b)
Start importing Assets/Art_Textures/SandFloor/Wall_cement_stylized_roughness.png using Guid(eae2936ecde752043883c32e317cc00c) Importer(815301076,1909f56bfc062723c751e8b465ee728b) (PreviewImporter) -> (artifact id: '7bb72304e2038ba5433ceb34e7b5b490') in 0.0191122 seconds
Number of updated asset objects reloaded before import = 0Number of asset objects unloaded after import = 2

Editor requested this worker to shutdown with reason: Scaling down because of idle timeout
AssetImportWorker is now disconnected from the server
Process exiting
Exiting without the bug reporter. Application will terminate with return code 0