Using pre-set license
Built from '6000.0/release' branch; Version is '6000.0.44f1 (101c91f3a8fb) revision 1055889'; Using compiler version '193933523'; Build Type 'Release'
OS: 'Windows 10  (10.0.19045) 64bit Core' Language: 'es' Physical Memory: 16315 MB
BatchMode: 1, IsHumanControllingUs: 0, StartBugReporterOnCrash: 0, Is64bit: 1, IsPro: 1

COMMAND LINE ARGUMENTS:
C:\Program Files\Unity\Hub\Editor\6000.0.44f1\Editor\Unity.exe
-adb2
-batchMode
-noUpm
-name
AssetImportWorker8
-projectPath
C:/Users/Alain Deleau/Desktop/Da Vinci/(Final Pendiente) Inteligencia Artificial 1/ElementsGame
-logFile
Logs/AssetImportWorker8.log
-srvPort
59732
-job-worker-count
5
-background-job-worker-count
8
-gc-helper-count
1
Successfully changed project path to: C:/Users/Alain Deleau/Desktop/Da Vinci/(Final Pendiente) Inteligencia Artificial 1/ElementsGame
C:/Users/Alain Deleau/Desktop/Da Vinci/(Final Pendiente) Inteligencia Artificial 1/ElementsGame
[UnityMemory] Configuration Parameters - Can be set up in boot.config
    "memorysetup-bucket-allocator-granularity=16"
    "memorysetup-bucket-allocator-bucket-count=8"
    "memorysetup-bucket-allocator-block-size=33554432"
    "memorysetup-bucket-allocator-block-count=8"
    "memorysetup-main-allocator-block-size=16777216"
    "memorysetup-thread-allocator-block-size=16777216"
    "memorysetup-gfx-main-allocator-block-size=16777216"
    "memorysetup-gfx-thread-allocator-block-size=16777216"
    "memorysetup-cache-allocator-block-size=4194304"
    "memorysetup-typetree-allocator-block-size=2097152"
    "memorysetup-profiler-bucket-allocator-granularity=16"
    "memorysetup-profiler-bucket-allocator-bucket-count=8"
    "memorysetup-profiler-bucket-allocator-block-size=33554432"
    "memorysetup-profiler-bucket-allocator-block-count=8"
    "memorysetup-profiler-allocator-block-size=16777216"
    "memorysetup-profiler-editor-allocator-block-size=1048576"
    "memorysetup-temp-allocator-size-main=16777216"
    "memorysetup-job-temp-allocator-block-size=2097152"
    "memorysetup-job-temp-allocator-block-size-background=1048576"
    "memorysetup-job-temp-allocator-reduction-small-platforms=262144"
    "memorysetup-allocator-temp-initial-block-size-main=262144"
    "memorysetup-allocator-temp-initial-block-size-worker=262144"
    "memorysetup-temp-allocator-size-background-worker=32768"
    "memorysetup-temp-allocator-size-job-worker=262144"
    "memorysetup-temp-allocator-size-preload-manager=33554432"
    "memorysetup-temp-allocator-size-nav-mesh-worker=65536"
    "memorysetup-temp-allocator-size-audio-worker=65536"
    "memorysetup-temp-allocator-size-cloud-worker=32768"
    "memorysetup-temp-allocator-size-gi-baking-worker=262144"
    "memorysetup-temp-allocator-size-gi-baking-worker=262144"
    "memorysetup-temp-allocator-size-gi-baking-worker=262144"
    "memorysetup-temp-allocator-size-gi-baking-worker=262144"
    "memorysetup-temp-allocator-size-gi-baking-worker=262144"
    "memorysetup-temp-allocator-size-gfx=262144"
Player connection [8284]  Target information:

Player connection [8284]  * "[IP] 192.168.0.5 [Port] 0 [Flags] 2 [Guid] 3952037166 [EditorId] 3952037166 [Version] 1048832 [Id] WindowsEditor(7,DESKTOP-NPM4VDT) [Debug] 1 [PackageName] WindowsEditor [ProjectName] Editor" 

Player connection [8284] Host joined multi-casting on [225.0.0.222:54997]...
Player connection [8284] Host joined alternative multi-casting on [225.0.0.222:34997]...
JobSystem: Creating JobQueue using job-worker-count value 5
Input System module state changed to: Initialized.
[Physics::Module] Initialized fallback backend.
[Physics::Module] Id: 0xdecafbad
Library Redirect Path: Library/
[Physics::Module] Selected backend.
[Physics::Module] Name: PhysX
[Physics::Module] Id: 0xf2b8ea05
[Physics::Module] SDK Version: 4.1.2
[Physics::Module] Integration Version: 1.0.0
[Physics::Module] Threading Mode: Multi-Threaded
Refreshing native plugins compatible for Editor in 4.24 ms, found 3 plugins.
Preloading 0 native plugins for Editor in 0.00 ms.
Initialize engine version: 6000.0.44f1 (101c91f3a8fb)
[Subsystems] Discovering subsystems at path C:/Program Files/Unity/Hub/Editor/6000.0.44f1/Editor/Data/Resources/UnitySubsystems
[Subsystems] Discovering subsystems at path C:/Users/Alain Deleau/Desktop/Da Vinci/(Final Pendiente) Inteligencia Artificial 1/ElementsGame/Assets
GfxDevice: creating device client; kGfxThreadingModeNonThreaded
Direct3D:
    Version:  Direct3D 11.0 [level 11.1]
    Renderer: NVIDIA GeForce RTX 2060 (ID=0x1f08)
    Vendor:   NVIDIA
    VRAM:     5954 MB
    Driver:   32.0.15.6094
Initialize mono
Mono path[0] = 'C:/Program Files/Unity/Hub/Editor/6000.0.44f1/Editor/Data/Managed'
Mono path[1] = 'C:/Program Files/Unity/Hub/Editor/6000.0.44f1/Editor/Data/MonoBleedingEdge/lib/mono/unityjit-win32'
Mono config path = 'C:/Program Files/Unity/Hub/Editor/6000.0.44f1/Editor/Data/MonoBleedingEdge/etc'
Using monoOptions --debugger-agent=transport=dt_socket,embedding=1,server=y,suspend=n,address=127.0.0.1:56964
Begin MonoManager ReloadAssembly
Registering precompiled unity dll's ...
Register platform support module: C:/Program Files/Unity/Hub/Editor/6000.0.44f1/Editor/Data/PlaybackEngines/WindowsStandaloneSupport/UnityEditor.WindowsStandalone.Extensions.dll
Registered in 0.008241 seconds.
- Loaded All Assemblies, in  0.825 seconds
Native extension for WindowsStandalone target not found
Mono: successfully reloaded assembly
- Finished resetting the current domain, in  0.535 seconds
Domain Reload Profiling: 1353ms
	BeginReloadAssembly (291ms)
		ExecutionOrderSort (0ms)
		DisableScriptedObjects (0ms)
		BackupInstance (0ms)
		ReleaseScriptingObjects (0ms)
		CreateAndSetChildDomain (1ms)
	RebuildCommonClasses (86ms)
	RebuildNativeTypeToScriptingClass (25ms)
	initialDomainReloadingComplete (107ms)
	LoadAllAssembliesAndSetupDomain (307ms)
		LoadAssemblies (282ms)
		RebuildTransferFunctionScriptingTraits (0ms)
		AnalyzeDomain (300ms)
			TypeCache.Refresh (298ms)
				TypeCache.ScanAssembly (275ms)
			BuildScriptInfoCaches (0ms)
			ResolveRequiredComponents (1ms)
	FinalizeReload (536ms)
		ReleaseScriptCaches (0ms)
		RebuildScriptCaches (0ms)
		SetupLoadedEditorAssemblies (457ms)
			LogAssemblyErrors (0ms)
			InitializePlatformSupportModulesInManaged (38ms)
			SetLoadedEditorAssemblies (7ms)
			BeforeProcessingInitializeOnLoad (97ms)
			ProcessInitializeOnLoadAttributes (232ms)
			ProcessInitializeOnLoadMethodAttributes (83ms)
			AfterProcessingInitializeOnLoad (0ms)
			EditorAssembliesLoaded (0ms)
		ExecutionOrderSort2 (0ms)
		AwakeInstancesAfterBackupRestoration (0ms)
========================================================================
Worker process is ready to serve import requests
Import Worker Mode flag is 0x00
Begin MonoManager ReloadAssembly
- Loaded All Assemblies, in  1.224 seconds
Refreshing native plugins compatible for Editor in 2.07 ms, found 3 plugins.
Native extension for WindowsStandalone target not found
Mono: successfully reloaded assembly
- Finished resetting the current domain, in  1.038 seconds
Domain Reload Profiling: 2251ms
	BeginReloadAssembly (246ms)
		ExecutionOrderSort (0ms)
		DisableScriptedObjects (9ms)
		BackupInstance (0ms)
		ReleaseScriptingObjects (0ms)
		CreateAndSetChildDomain (37ms)
	RebuildCommonClasses (55ms)
	RebuildNativeTypeToScriptingClass (19ms)
	initialDomainReloadingComplete (66ms)
	LoadAllAssembliesAndSetupDomain (825ms)
		LoadAssemblies (589ms)
		RebuildTransferFunctionScriptingTraits (0ms)
		AnalyzeDomain (384ms)
			TypeCache.Refresh (273ms)
				TypeCache.ScanAssembly (254ms)
			BuildScriptInfoCaches (89ms)
			ResolveRequiredComponents (19ms)
	FinalizeReload (1039ms)
		ReleaseScriptCaches (0ms)
		RebuildScriptCaches (0ms)
		SetupLoadedEditorAssemblies (824ms)
			LogAssemblyErrors (0ms)
			InitializePlatformSupportModulesInManaged (3ms)
			SetLoadedEditorAssemblies (7ms)
			BeforeProcessingInitializeOnLoad (192ms)
			ProcessInitializeOnLoadAttributes (492ms)
			ProcessInitializeOnLoadMethodAttributes (117ms)
			AfterProcessingInitializeOnLoad (12ms)
			EditorAssembliesLoaded (0ms)
		ExecutionOrderSort2 (0ms)
		AwakeInstancesAfterBackupRestoration (8ms)
Launched and connected shader compiler UnityShaderCompiler.exe after 0.01 seconds
Refreshing native plugins compatible for Editor in 2.31 ms, found 3 plugins.
Preloading 0 native plugins for Editor in 0.00 ms.
Unloading 218 Unused Serialized files (Serialized files now loaded: 0)
Unloading 6212 unused Assets / (4.6 MB). Loaded Objects now: 6918.
Memory consumption went from 165.5 MB to 160.9 MB.
Total: 11.238400 ms (FindLiveObjects: 0.861600 ms CreateObjectMapping: 0.478700 ms MarkObjects: 6.558100 ms  DeleteObjects: 3.338500 ms)

========================================================================
Received Prepare
Begin MonoManager ReloadAssembly
- Loaded All Assemblies, in  1.113 seconds
Refreshing native plugins compatible for Editor in 2.06 ms, found 3 plugins.
Native extension for WindowsStandalone target not found
Mono: successfully reloaded assembly
- Finished resetting the current domain, in  1.088 seconds
Domain Reload Profiling: 2193ms
	BeginReloadAssembly (282ms)
		ExecutionOrderSort (0ms)
		DisableScriptedObjects (11ms)
		BackupInstance (0ms)
		ReleaseScriptingObjects (0ms)
		CreateAndSetChildDomain (57ms)
	RebuildCommonClasses (55ms)
	RebuildNativeTypeToScriptingClass (19ms)
	initialDomainReloadingComplete (48ms)
	LoadAllAssembliesAndSetupDomain (699ms)
		LoadAssemblies (578ms)
		RebuildTransferFunctionScriptingTraits (0ms)
		AnalyzeDomain (274ms)
			TypeCache.Refresh (8ms)
				TypeCache.ScanAssembly (0ms)
			BuildScriptInfoCaches (247ms)
			ResolveRequiredComponents (15ms)
	FinalizeReload (1089ms)
		ReleaseScriptCaches (0ms)
		RebuildScriptCaches (0ms)
		SetupLoadedEditorAssemblies (791ms)
			LogAssemblyErrors (0ms)
			InitializePlatformSupportModulesInManaged (3ms)
			SetLoadedEditorAssemblies (8ms)
			BeforeProcessingInitializeOnLoad (187ms)
			ProcessInitializeOnLoadAttributes (494ms)
			ProcessInitializeOnLoadMethodAttributes (86ms)
			AfterProcessingInitializeOnLoad (12ms)
			EditorAssembliesLoaded (1ms)
		ExecutionOrderSort2 (0ms)
		AwakeInstancesAfterBackupRestoration (17ms)
Refreshing native plugins compatible for Editor in 2.88 ms, found 3 plugins.
Preloading 0 native plugins for Editor in 0.00 ms.
Unloading 25 Unused Serialized files (Serialized files now loaded: 0)
Unloading 6210 unused Assets / (4.7 MB). Loaded Objects now: 6933.
Memory consumption went from 145.6 MB to 140.9 MB.
Total: 16.345400 ms (FindLiveObjects: 1.110900 ms CreateObjectMapping: 2.037500 ms MarkObjects: 8.665300 ms  DeleteObjects: 4.530200 ms)

Prepare: number of updated asset objects reloaded= 0
========================================================================
Received Prepare
Begin MonoManager ReloadAssembly
- Loaded All Assemblies, in  1.426 seconds
Refreshing native plugins compatible for Editor in 3.07 ms, found 3 plugins.
Native extension for WindowsStandalone target not found
Mono: successfully reloaded assembly
- Finished resetting the current domain, in  1.452 seconds
Domain Reload Profiling: 2871ms
	BeginReloadAssembly (330ms)
		ExecutionOrderSort (0ms)
		DisableScriptedObjects (15ms)
		BackupInstance (0ms)
		ReleaseScriptingObjects (0ms)
		CreateAndSetChildDomain (68ms)
	RebuildCommonClasses (76ms)
	RebuildNativeTypeToScriptingClass (26ms)
	initialDomainReloadingComplete (58ms)
	LoadAllAssembliesAndSetupDomain (928ms)
		LoadAssemblies (699ms)
		RebuildTransferFunctionScriptingTraits (0ms)
		AnalyzeDomain (397ms)
			TypeCache.Refresh (11ms)
				TypeCache.ScanAssembly (0ms)
			BuildScriptInfoCaches (359ms)
			ResolveRequiredComponents (22ms)
	FinalizeReload (1453ms)
		ReleaseScriptCaches (0ms)
		RebuildScriptCaches (0ms)
		SetupLoadedEditorAssemblies (1028ms)
			LogAssemblyErrors (0ms)
			InitializePlatformSupportModulesInManaged (7ms)
			SetLoadedEditorAssemblies (11ms)
			BeforeProcessingInitializeOnLoad (273ms)
			ProcessInitializeOnLoadAttributes (627ms)
			ProcessInitializeOnLoadMethodAttributes (93ms)
			AfterProcessingInitializeOnLoad (17ms)
			EditorAssembliesLoaded (0ms)
		ExecutionOrderSort2 (0ms)
		AwakeInstancesAfterBackupRestoration (19ms)
Refreshing native plugins compatible for Editor in 3.03 ms, found 3 plugins.
Preloading 0 native plugins for Editor in 0.00 ms.
Unloading 15 Unused Serialized files (Serialized files now loaded: 0)
Unloading 6210 unused Assets / (4.9 MB). Loaded Objects now: 6935.
Memory consumption went from 143.9 MB to 138.9 MB.
Total: 16.152800 ms (FindLiveObjects: 1.003100 ms CreateObjectMapping: 1.302100 ms MarkObjects: 8.484000 ms  DeleteObjects: 5.361400 ms)

Prepare: number of updated asset objects reloaded= 0
========================================================================
Received Prepare
Begin MonoManager ReloadAssembly
- Loaded All Assemblies, in  1.183 seconds
Refreshing native plugins compatible for Editor in 2.60 ms, found 3 plugins.
Native extension for WindowsStandalone target not found
Mono: successfully reloaded assembly
- Finished resetting the current domain, in  1.086 seconds
Domain Reload Profiling: 2261ms
	BeginReloadAssembly (353ms)
		ExecutionOrderSort (0ms)
		DisableScriptedObjects (9ms)
		BackupInstance (0ms)
		ReleaseScriptingObjects (0ms)
		CreateAndSetChildDomain (64ms)
	RebuildCommonClasses (53ms)
	RebuildNativeTypeToScriptingClass (26ms)
	initialDomainReloadingComplete (47ms)
	LoadAllAssembliesAndSetupDomain (695ms)
		LoadAssemblies (629ms)
		RebuildTransferFunctionScriptingTraits (0ms)
		AnalyzeDomain (276ms)
			TypeCache.Refresh (9ms)
				TypeCache.ScanAssembly (0ms)
			BuildScriptInfoCaches (247ms)
			ResolveRequiredComponents (17ms)
	FinalizeReload (1087ms)
		ReleaseScriptCaches (0ms)
		RebuildScriptCaches (0ms)
		SetupLoadedEditorAssemblies (806ms)
			LogAssemblyErrors (0ms)
			InitializePlatformSupportModulesInManaged (3ms)
			SetLoadedEditorAssemblies (7ms)
			BeforeProcessingInitializeOnLoad (198ms)
			ProcessInitializeOnLoadAttributes (502ms)
			ProcessInitializeOnLoadMethodAttributes (84ms)
			AfterProcessingInitializeOnLoad (13ms)
			EditorAssembliesLoaded (0ms)
		ExecutionOrderSort2 (0ms)
		AwakeInstancesAfterBackupRestoration (16ms)
Refreshing native plugins compatible for Editor in 2.77 ms, found 3 plugins.
Preloading 0 native plugins for Editor in 0.00 ms.
Unloading 15 Unused Serialized files (Serialized files now loaded: 0)
Unloading 6210 unused Assets / (5.3 MB). Loaded Objects now: 6937.
Memory consumption went from 143.9 MB to 138.6 MB.
Total: 11.297300 ms (FindLiveObjects: 0.849300 ms CreateObjectMapping: 0.802900 ms MarkObjects: 6.056900 ms  DeleteObjects: 3.586500 ms)

Prepare: number of updated asset objects reloaded= 0
========================================================================
Received Prepare
Begin MonoManager ReloadAssembly
- Loaded All Assemblies, in  1.209 seconds
Refreshing native plugins compatible for Editor in 2.25 ms, found 3 plugins.
Native extension for WindowsStandalone target not found
Mono: successfully reloaded assembly
- Finished resetting the current domain, in  1.131 seconds
Domain Reload Profiling: 2329ms
	BeginReloadAssembly (279ms)
		ExecutionOrderSort (0ms)
		DisableScriptedObjects (10ms)
		BackupInstance (0ms)
		ReleaseScriptingObjects (0ms)
		CreateAndSetChildDomain (56ms)
	RebuildCommonClasses (62ms)
	RebuildNativeTypeToScriptingClass (28ms)
	initialDomainReloadingComplete (52ms)
	LoadAllAssembliesAndSetupDomain (776ms)
		LoadAssemblies (618ms)
		RebuildTransferFunctionScriptingTraits (0ms)
		AnalyzeDomain (308ms)
			TypeCache.Refresh (7ms)
				TypeCache.ScanAssembly (0ms)
			BuildScriptInfoCaches (278ms)
			ResolveRequiredComponents (19ms)
	FinalizeReload (1131ms)
		ReleaseScriptCaches (0ms)
		RebuildScriptCaches (0ms)
		SetupLoadedEditorAssemblies (830ms)
			LogAssemblyErrors (0ms)
			InitializePlatformSupportModulesInManaged (4ms)
			SetLoadedEditorAssemblies (7ms)
			BeforeProcessingInitializeOnLoad (195ms)
			ProcessInitializeOnLoadAttributes (537ms)
			ProcessInitializeOnLoadMethodAttributes (76ms)
			AfterProcessingInitializeOnLoad (12ms)
			EditorAssembliesLoaded (0ms)
		ExecutionOrderSort2 (0ms)
		AwakeInstancesAfterBackupRestoration (18ms)
Refreshing native plugins compatible for Editor in 2.27 ms, found 3 plugins.
Preloading 0 native plugins for Editor in 0.00 ms.
Unloading 15 Unused Serialized files (Serialized files now loaded: 0)
Unloading 6210 unused Assets / (5.0 MB). Loaded Objects now: 6939.
Memory consumption went from 143.9 MB to 138.9 MB.
Total: 15.693400 ms (FindLiveObjects: 1.352700 ms CreateObjectMapping: 1.760600 ms MarkObjects: 8.513100 ms  DeleteObjects: 4.064800 ms)

Prepare: number of updated asset objects reloaded= 0
========================================================================
Received Prepare
Begin MonoManager ReloadAssembly
- Loaded All Assemblies, in  1.188 seconds
Refreshing native plugins compatible for Editor in 2.23 ms, found 3 plugins.
Native extension for WindowsStandalone target not found
Mono: successfully reloaded assembly
- Finished resetting the current domain, in  1.070 seconds
Domain Reload Profiling: 2247ms
	BeginReloadAssembly (285ms)
		ExecutionOrderSort (0ms)
		DisableScriptedObjects (12ms)
		BackupInstance (0ms)
		ReleaseScriptingObjects (0ms)
		CreateAndSetChildDomain (58ms)
	RebuildCommonClasses (57ms)
	RebuildNativeTypeToScriptingClass (27ms)
	initialDomainReloadingComplete (53ms)
	LoadAllAssembliesAndSetupDomain (752ms)
		LoadAssemblies (612ms)
		RebuildTransferFunctionScriptingTraits (0ms)
		AnalyzeDomain (291ms)
			TypeCache.Refresh (9ms)
				TypeCache.ScanAssembly (0ms)
			BuildScriptInfoCaches (262ms)
			ResolveRequiredComponents (17ms)
	FinalizeReload (1071ms)
		ReleaseScriptCaches (0ms)
		RebuildScriptCaches (0ms)
		SetupLoadedEditorAssemblies (789ms)
			LogAssemblyErrors (0ms)
			InitializePlatformSupportModulesInManaged (3ms)
			SetLoadedEditorAssemblies (6ms)
			BeforeProcessingInitializeOnLoad (188ms)
			ProcessInitializeOnLoadAttributes (490ms)
			ProcessInitializeOnLoadMethodAttributes (89ms)
			AfterProcessingInitializeOnLoad (13ms)
			EditorAssembliesLoaded (0ms)
		ExecutionOrderSort2 (0ms)
		AwakeInstancesAfterBackupRestoration (17ms)
Refreshing native plugins compatible for Editor in 2.12 ms, found 3 plugins.
Preloading 0 native plugins for Editor in 0.00 ms.
Unloading 15 Unused Serialized files (Serialized files now loaded: 0)
Unloading 6210 unused Assets / (4.8 MB). Loaded Objects now: 6941.
Memory consumption went from 143.9 MB to 139.1 MB.
Total: 15.389700 ms (FindLiveObjects: 1.026900 ms CreateObjectMapping: 1.290100 ms MarkObjects: 7.833900 ms  DeleteObjects: 5.237200 ms)

Prepare: number of updated asset objects reloaded= 0
========================================================================
Received Prepare
Begin MonoManager ReloadAssembly
- Loaded All Assemblies, in  1.104 seconds
Refreshing native plugins compatible for Editor in 2.22 ms, found 3 plugins.
Native extension for WindowsStandalone target not found
Mono: successfully reloaded assembly
- Finished resetting the current domain, in  1.045 seconds
Domain Reload Profiling: 2142ms
	BeginReloadAssembly (268ms)
		ExecutionOrderSort (0ms)
		DisableScriptedObjects (9ms)
		BackupInstance (0ms)
		ReleaseScriptingObjects (0ms)
		CreateAndSetChildDomain (52ms)
	RebuildCommonClasses (66ms)
	RebuildNativeTypeToScriptingClass (20ms)
	initialDomainReloadingComplete (46ms)
	LoadAllAssembliesAndSetupDomain (697ms)
		LoadAssemblies (572ms)
		RebuildTransferFunctionScriptingTraits (0ms)
		AnalyzeDomain (270ms)
			TypeCache.Refresh (8ms)
				TypeCache.ScanAssembly (0ms)
			BuildScriptInfoCaches (238ms)
			ResolveRequiredComponents (20ms)
	FinalizeReload (1046ms)
		ReleaseScriptCaches (0ms)
		RebuildScriptCaches (0ms)
		SetupLoadedEditorAssemblies (768ms)
			LogAssemblyErrors (0ms)
			InitializePlatformSupportModulesInManaged (3ms)
			SetLoadedEditorAssemblies (6ms)
			BeforeProcessingInitializeOnLoad (190ms)
			ProcessInitializeOnLoadAttributes (476ms)
			ProcessInitializeOnLoadMethodAttributes (80ms)
			AfterProcessingInitializeOnLoad (13ms)
			EditorAssembliesLoaded (0ms)
		ExecutionOrderSort2 (0ms)
		AwakeInstancesAfterBackupRestoration (24ms)
Refreshing native plugins compatible for Editor in 2.97 ms, found 3 plugins.
Preloading 0 native plugins for Editor in 0.00 ms.
Unloading 15 Unused Serialized files (Serialized files now loaded: 0)
Unloading 6210 unused Assets / (5.3 MB). Loaded Objects now: 6943.
Memory consumption went from 143.9 MB to 138.6 MB.
Total: 15.712100 ms (FindLiveObjects: 0.969000 ms CreateObjectMapping: 1.230700 ms MarkObjects: 8.304400 ms  DeleteObjects: 5.206600 ms)

Prepare: number of updated asset objects reloaded= 0
========================================================================
Received Import Request.
  Time since last request: 151301.610276 seconds.
  path: Assets/Art_Blocking/Prefab2.prefab
  artifactKey: Guid(b2e8947720769c84aaa94829bf7ff6a2) Importer(815301076,1909f56bfc062723c751e8b465ee728b)
Start importing Assets/Art_Blocking/Prefab2.prefab using Guid(b2e8947720769c84aaa94829bf7ff6a2) Importer(815301076,1909f56bfc062723c751e8b465ee728b) (PreviewImporter) -> (artifact id: '8ef63cb79fdbebedb2bad6cfdfb99607') in 0.9896226 seconds
Number of updated asset objects reloaded before import = 0Number of asset objects unloaded after import = 709

========================================================================
Received Import Request.
  Time since last request: 0.000043 seconds.
  path: Assets/Art_Blocking/Prefab3.prefab
  artifactKey: Guid(968e7dd28906ddc46a103207a6cc5c79) Importer(815301076,1909f56bfc062723c751e8b465ee728b)
Start importing Assets/Art_Blocking/Prefab3.prefab using Guid(968e7dd28906ddc46a103207a6cc5c79) Importer(815301076,1909f56bfc062723c751e8b465ee728b) (PreviewImporter) -> (artifact id: 'd8525ebdad62fff1b2105ba20e6bdaa4') in 0.0729354 seconds
Number of updated asset objects reloaded before import = 0Number of asset objects unloaded after import = 418

========================================================================
Received Prepare
Begin MonoManager ReloadAssembly
- Loaded All Assemblies, in  1.303 seconds
Refreshing native plugins compatible for Editor in 2.50 ms, found 3 plugins.
Native extension for WindowsStandalone target not found
Mono: successfully reloaded assembly
- Finished resetting the current domain, in  1.192 seconds
Domain Reload Profiling: 2485ms
	BeginReloadAssembly (356ms)
		ExecutionOrderSort (0ms)
		DisableScriptedObjects (32ms)
		BackupInstance (0ms)
		ReleaseScriptingObjects (0ms)
		CreateAndSetChildDomain (82ms)
	RebuildCommonClasses (55ms)
	RebuildNativeTypeToScriptingClass (19ms)
	initialDomainReloadingComplete (53ms)
	LoadAllAssembliesAndSetupDomain (810ms)
		LoadAssemblies (663ms)
		RebuildTransferFunctionScriptingTraits (0ms)
		AnalyzeDomain (312ms)
			TypeCache.Refresh (9ms)
				TypeCache.ScanAssembly (0ms)
			BuildScriptInfoCaches (276ms)
			ResolveRequiredComponents (22ms)
	FinalizeReload (1193ms)
		ReleaseScriptCaches (0ms)
		RebuildScriptCaches (0ms)
		SetupLoadedEditorAssemblies (887ms)
			LogAssemblyErrors (0ms)
			InitializePlatformSupportModulesInManaged (3ms)
			SetLoadedEditorAssemblies (7ms)
			BeforeProcessingInitializeOnLoad (213ms)
			ProcessInitializeOnLoadAttributes (549ms)
			ProcessInitializeOnLoadMethodAttributes (102ms)
			AfterProcessingInitializeOnLoad (13ms)
			EditorAssembliesLoaded (0ms)
		ExecutionOrderSort2 (0ms)
		AwakeInstancesAfterBackupRestoration (22ms)
Refreshing native plugins compatible for Editor in 2.70 ms, found 3 plugins.
Preloading 0 native plugins for Editor in 0.00 ms.
Unloading 15 Unused Serialized files (Serialized files now loaded: 0)
Unloading 6211 unused Assets / (4.4 MB). Loaded Objects now: 6983.
Memory consumption went from 155.0 MB to 150.5 MB.
Total: 15.585600 ms (FindLiveObjects: 1.048600 ms CreateObjectMapping: 1.397800 ms MarkObjects: 8.878500 ms  DeleteObjects: 4.259200 ms)

Prepare: number of updated asset objects reloaded= 0
========================================================================
Received Import Request.
  Time since last request: 122.196739 seconds.
  path: Assets/prefabs/EnemySpawner.prefab
  artifactKey: Guid(afbbe582c91675e459d42e8ca47bff33) Importer(815301076,1909f56bfc062723c751e8b465ee728b)
Start importing Assets/prefabs/EnemySpawner.prefab using Guid(afbbe582c91675e459d42e8ca47bff33) Importer(815301076,1909f56bfc062723c751e8b465ee728b) (PreviewImporter) -> (artifact id: 'd537e98639cff70cfd36bff4d235d029') in 0.06943 seconds
Number of updated asset objects reloaded before import = 0Number of asset objects unloaded after import = 44

========================================================================
Received Prepare
Begin MonoManager ReloadAssembly
- Loaded All Assemblies, in  1.190 seconds
Refreshing native plugins compatible for Editor in 2.14 ms, found 3 plugins.
Native extension for WindowsStandalone target not found
Mono: successfully reloaded assembly
- Finished resetting the current domain, in  1.126 seconds
Domain Reload Profiling: 2308ms
	BeginReloadAssembly (333ms)
		ExecutionOrderSort (0ms)
		DisableScriptedObjects (10ms)
		BackupInstance (0ms)
		ReleaseScriptingObjects (0ms)
		CreateAndSetChildDomain (70ms)
	RebuildCommonClasses (57ms)
	RebuildNativeTypeToScriptingClass (18ms)
	initialDomainReloadingComplete (49ms)
	LoadAllAssembliesAndSetupDomain (724ms)
		LoadAssemblies (619ms)
		RebuildTransferFunctionScriptingTraits (0ms)
		AnalyzeDomain (280ms)
			TypeCache.Refresh (7ms)
				TypeCache.ScanAssembly (0ms)
			BuildScriptInfoCaches (246ms)
			ResolveRequiredComponents (22ms)
	FinalizeReload (1127ms)
		ReleaseScriptCaches (0ms)
		RebuildScriptCaches (0ms)
		SetupLoadedEditorAssemblies (810ms)
			LogAssemblyErrors (0ms)
			InitializePlatformSupportModulesInManaged (5ms)
			SetLoadedEditorAssemblies (7ms)
			BeforeProcessingInitializeOnLoad (209ms)
			ProcessInitializeOnLoadAttributes (489ms)
			ProcessInitializeOnLoadMethodAttributes (84ms)
			AfterProcessingInitializeOnLoad (15ms)
			EditorAssembliesLoaded (0ms)
		ExecutionOrderSort2 (0ms)
		AwakeInstancesAfterBackupRestoration (22ms)
Refreshing native plugins compatible for Editor in 2.27 ms, found 3 plugins.
Preloading 0 native plugins for Editor in 0.00 ms.
Unloading 15 Unused Serialized files (Serialized files now loaded: 0)
Unloading 6210 unused Assets / (4.4 MB). Loaded Objects now: 6985.
Memory consumption went from 154.8 MB to 150.4 MB.
Total: 14.332500 ms (FindLiveObjects: 1.040800 ms CreateObjectMapping: 1.799400 ms MarkObjects: 7.748700 ms  DeleteObjects: 3.742200 ms)

Prepare: number of updated asset objects reloaded= 0
========================================================================
Received Import Request.
  Time since last request: 124.059756 seconds.
  path: Assets/prefabs/EnemySpawner.prefab
  artifactKey: Guid(afbbe582c91675e459d42e8ca47bff33) Importer(815301076,1909f56bfc062723c751e8b465ee728b)
Start importing Assets/prefabs/EnemySpawner.prefab using Guid(afbbe582c91675e459d42e8ca47bff33) Importer(815301076,1909f56bfc062723c751e8b465ee728b) (PreviewImporter) -> (artifact id: 'bd8aa96b8e64a6394f80036468f4c6ed') in 0.0597285 seconds
Number of updated asset objects reloaded before import = 0Number of asset objects unloaded after import = 44

========================================================================
Received Import Request.
  Time since last request: 11.291037 seconds.
  path: Assets/Art_Blocking/Prefab6.prefab
  artifactKey: Guid(e81b2384ee20ad648b7114553f9d75e7) Importer(815301076,1909f56bfc062723c751e8b465ee728b)
Start importing Assets/Art_Blocking/Prefab6.prefab using Guid(e81b2384ee20ad648b7114553f9d75e7) Importer(815301076,1909f56bfc062723c751e8b465ee728b) (PreviewImporter) -> (artifact id: '35164f9b3d8ef1a921a75835926fdb49') in 0.6422764 seconds
Number of updated asset objects reloaded before import = 0Number of asset objects unloaded after import = 766

========================================================================
Received Import Request.
  Time since last request: 7.809841 seconds.
  path: Assets/Art_Blocking/Prefab1.prefab
  artifactKey: Guid(a42663f4484192241a458b78725991d5) Importer(815301076,1909f56bfc062723c751e8b465ee728b)
Start importing Assets/Art_Blocking/Prefab1.prefab using Guid(a42663f4484192241a458b78725991d5) Importer(815301076,1909f56bfc062723c751e8b465ee728b) (PreviewImporter) -> (artifact id: '84bc065f92647b57311b3ba5cc12899d') in 0.0882702 seconds
Number of updated asset objects reloaded before import = 0Number of asset objects unloaded after import = 471

========================================================================
Received Import Request.
  Time since last request: 4.359885 seconds.
  path: Assets/Art_Blocking/Prefab1.prefab
  artifactKey: Guid(a42663f4484192241a458b78725991d5) Importer(815301076,1909f56bfc062723c751e8b465ee728b)
Start importing Assets/Art_Blocking/Prefab1.prefab using Guid(a42663f4484192241a458b78725991d5) Importer(815301076,1909f56bfc062723c751e8b465ee728b) (PreviewImporter) -> (artifact id: '19b70861d41eb518295554b37d9e8407') in 0.05229 seconds
Number of updated asset objects reloaded before import = 0Number of asset objects unloaded after import = 471

========================================================================
Received Import Request.
  Time since last request: 1.061734 seconds.
  path: Assets/Art_Blocking/Prefab1.prefab
  artifactKey: Guid(a42663f4484192241a458b78725991d5) Importer(815301076,1909f56bfc062723c751e8b465ee728b)
Start importing Assets/Art_Blocking/Prefab1.prefab using Guid(a42663f4484192241a458b78725991d5) Importer(815301076,1909f56bfc062723c751e8b465ee728b) (PreviewImporter) -> (artifact id: 'dea7a2922cfeea32704454bf31f8d8b1') in 0.0798187 seconds
Number of updated asset objects reloaded before import = 0Number of asset objects unloaded after import = 471

========================================================================
Received Import Request.
  Time since last request: 5.806918 seconds.
  path: Assets/Art_Blocking/Prefab1.prefab
  artifactKey: Guid(a42663f4484192241a458b78725991d5) Importer(815301076,1909f56bfc062723c751e8b465ee728b)
Start importing Assets/Art_Blocking/Prefab1.prefab using Guid(a42663f4484192241a458b78725991d5) Importer(815301076,1909f56bfc062723c751e8b465ee728b) (PreviewImporter) -> (artifact id: 'dda822fee33e132f1c942db9e69ff6af') in 0.062231 seconds
Number of updated asset objects reloaded before import = 0Number of asset objects unloaded after import = 471

========================================================================
Received Import Request.
  Time since last request: 0.945956 seconds.
  path: Assets/Art_Blocking/Prefab1.prefab
  artifactKey: Guid(a42663f4484192241a458b78725991d5) Importer(815301076,1909f56bfc062723c751e8b465ee728b)
Start importing Assets/Art_Blocking/Prefab1.prefab using Guid(a42663f4484192241a458b78725991d5) Importer(815301076,1909f56bfc062723c751e8b465ee728b) (PreviewImporter) -> (artifact id: '1499c7bfa00b6baa2567f4525d5c661f') in 0.061011 seconds
Number of updated asset objects reloaded before import = 0Number of asset objects unloaded after import = 471

========================================================================
Received Import Request.
  Time since last request: 7.440680 seconds.
  path: Assets/Art_Blocking/Prefab1.prefab
  artifactKey: Guid(a42663f4484192241a458b78725991d5) Importer(815301076,1909f56bfc062723c751e8b465ee728b)
Start importing Assets/Art_Blocking/Prefab1.prefab using Guid(a42663f4484192241a458b78725991d5) Importer(815301076,1909f56bfc062723c751e8b465ee728b) (PreviewImporter) -> (artifact id: 'fbc8a6e0682d09719cd52894f98cd1b1') in 0.0592807 seconds
Number of updated asset objects reloaded before import = 0Number of asset objects unloaded after import = 471

========================================================================
Received Import Request.
  Time since last request: 1.807440 seconds.
  path: Assets/Art_Blocking/Prefab1.prefab
  artifactKey: Guid(a42663f4484192241a458b78725991d5) Importer(815301076,1909f56bfc062723c751e8b465ee728b)
Start importing Assets/Art_Blocking/Prefab1.prefab using Guid(a42663f4484192241a458b78725991d5) Importer(815301076,1909f56bfc062723c751e8b465ee728b) (PreviewImporter) -> (artifact id: 'f19395b44c5b02f75aea0afc82398ed9') in 0.0595619 seconds
Number of updated asset objects reloaded before import = 0Number of asset objects unloaded after import = 471

========================================================================
Received Import Request.
  Time since last request: 1.583063 seconds.
  path: Assets/Art_Blocking/Prefab1.prefab
  artifactKey: Guid(a42663f4484192241a458b78725991d5) Importer(815301076,1909f56bfc062723c751e8b465ee728b)
Start importing Assets/Art_Blocking/Prefab1.prefab using Guid(a42663f4484192241a458b78725991d5) Importer(815301076,1909f56bfc062723c751e8b465ee728b) (PreviewImporter) -> (artifact id: '4154c94819add412b62c7db03bf4a3a1') in 0.0631236 seconds
Number of updated asset objects reloaded before import = 0Number of asset objects unloaded after import = 471

========================================================================
Received Import Request.
  Time since last request: 13.930102 seconds.
  path: Assets/Art_Blocking/Prefab2.prefab
  artifactKey: Guid(b2e8947720769c84aaa94829bf7ff6a2) Importer(815301076,1909f56bfc062723c751e8b465ee728b)
Start importing Assets/Art_Blocking/Prefab2.prefab using Guid(b2e8947720769c84aaa94829bf7ff6a2) Importer(815301076,1909f56bfc062723c751e8b465ee728b) (PreviewImporter) -> (artifact id: '8143af869aa9bb6801dea083ec308c4d') in 0.056609 seconds
Number of updated asset objects reloaded before import = 0Number of asset objects unloaded after import = 709

========================================================================
Received Import Request.
  Time since last request: 5.354687 seconds.
  path: Assets/Art_Blocking/Prefab2.prefab
  artifactKey: Guid(b2e8947720769c84aaa94829bf7ff6a2) Importer(815301076,1909f56bfc062723c751e8b465ee728b)
Start importing Assets/Art_Blocking/Prefab2.prefab using Guid(b2e8947720769c84aaa94829bf7ff6a2) Importer(815301076,1909f56bfc062723c751e8b465ee728b) (PreviewImporter) -> (artifact id: '4d08482aebc5b858545c656bffc71683') in 0.0571761 seconds
Number of updated asset objects reloaded before import = 0Number of asset objects unloaded after import = 709

========================================================================
Received Import Request.
  Time since last request: 5.673152 seconds.
  path: Assets/Art_Blocking/Prefab2.prefab
  artifactKey: Guid(b2e8947720769c84aaa94829bf7ff6a2) Importer(815301076,1909f56bfc062723c751e8b465ee728b)
Start importing Assets/Art_Blocking/Prefab2.prefab using Guid(b2e8947720769c84aaa94829bf7ff6a2) Importer(815301076,1909f56bfc062723c751e8b465ee728b) (PreviewImporter) -> (artifact id: '6ba5a700c1e577cc7f5c515fb1616d0a') in 0.0610761 seconds
Number of updated asset objects reloaded before import = 0Number of asset objects unloaded after import = 709

========================================================================
Received Import Request.
  Time since last request: 1.518317 seconds.
  path: Assets/Art_Blocking/Prefab2.prefab
  artifactKey: Guid(b2e8947720769c84aaa94829bf7ff6a2) Importer(815301076,1909f56bfc062723c751e8b465ee728b)
Start importing Assets/Art_Blocking/Prefab2.prefab using Guid(b2e8947720769c84aaa94829bf7ff6a2) Importer(815301076,1909f56bfc062723c751e8b465ee728b) (PreviewImporter) -> (artifact id: 'dcb5316f173d433d073ea1e0c036c656') in 0.064776 seconds
Number of updated asset objects reloaded before import = 0Number of asset objects unloaded after import = 709

========================================================================
Received Import Request.
  Time since last request: 6.825336 seconds.
  path: Assets/Art_Blocking/Prefab2.prefab
  artifactKey: Guid(b2e8947720769c84aaa94829bf7ff6a2) Importer(815301076,1909f56bfc062723c751e8b465ee728b)
Start importing Assets/Art_Blocking/Prefab2.prefab using Guid(b2e8947720769c84aaa94829bf7ff6a2) Importer(815301076,1909f56bfc062723c751e8b465ee728b) (PreviewImporter) -> (artifact id: 'ba3de4f743834dbcaeecfb2b0ac6e194') in 0.0586845 seconds
Number of updated asset objects reloaded before import = 0Number of asset objects unloaded after import = 709

========================================================================
Received Import Request.
  Time since last request: 6.446059 seconds.
  path: Assets/Art_Blocking/Prefab2.prefab
  artifactKey: Guid(b2e8947720769c84aaa94829bf7ff6a2) Importer(815301076,1909f56bfc062723c751e8b465ee728b)
Start importing Assets/Art_Blocking/Prefab2.prefab using Guid(b2e8947720769c84aaa94829bf7ff6a2) Importer(815301076,1909f56bfc062723c751e8b465ee728b) (PreviewImporter) -> (artifact id: 'e13db86f41bfacd528ea63c23f4abd4c') in 0.0632571 seconds
Number of updated asset objects reloaded before import = 0Number of asset objects unloaded after import = 709

========================================================================
Received Import Request.
  Time since last request: 1.689390 seconds.
  path: Assets/Art_Blocking/Prefab2.prefab
  artifactKey: Guid(b2e8947720769c84aaa94829bf7ff6a2) Importer(815301076,1909f56bfc062723c751e8b465ee728b)
Start importing Assets/Art_Blocking/Prefab2.prefab using Guid(b2e8947720769c84aaa94829bf7ff6a2) Importer(815301076,1909f56bfc062723c751e8b465ee728b) (PreviewImporter) -> (artifact id: '90164a7e1e9e1635410cfc14a6e25296') in 0.0667775 seconds
Number of updated asset objects reloaded before import = 0Number of asset objects unloaded after import = 709

========================================================================
Received Import Request.
  Time since last request: 3.111502 seconds.
  path: Assets/Art_Blocking/Prefab2.prefab
  artifactKey: Guid(b2e8947720769c84aaa94829bf7ff6a2) Importer(815301076,1909f56bfc062723c751e8b465ee728b)
Start importing Assets/Art_Blocking/Prefab2.prefab using Guid(b2e8947720769c84aaa94829bf7ff6a2) Importer(815301076,1909f56bfc062723c751e8b465ee728b) (PreviewImporter) -> (artifact id: '1dda3cb21d46d7c6936a0ecdd3e6ddb2') in 0.053263 seconds
Number of updated asset objects reloaded before import = 0Number of asset objects unloaded after import = 709

========================================================================
Received Import Request.
  Time since last request: 9.236701 seconds.
  path: Assets/Art_Blocking/Prefab3.prefab
  artifactKey: Guid(968e7dd28906ddc46a103207a6cc5c79) Importer(815301076,1909f56bfc062723c751e8b465ee728b)
Start importing Assets/Art_Blocking/Prefab3.prefab using Guid(968e7dd28906ddc46a103207a6cc5c79) Importer(815301076,1909f56bfc062723c751e8b465ee728b) (PreviewImporter) -> (artifact id: 'd9b2f446f43ec021615f7c540bf0abea') in 0.0602447 seconds
Number of updated asset objects reloaded before import = 0Number of asset objects unloaded after import = 418

========================================================================
Received Import Request.
  Time since last request: 4.675362 seconds.
  path: Assets/Art_Blocking/Prefab3.prefab
  artifactKey: Guid(968e7dd28906ddc46a103207a6cc5c79) Importer(815301076,1909f56bfc062723c751e8b465ee728b)
Start importing Assets/Art_Blocking/Prefab3.prefab using Guid(968e7dd28906ddc46a103207a6cc5c79) Importer(815301076,1909f56bfc062723c751e8b465ee728b) (PreviewImporter) -> (artifact id: '5db2280addb17a6a6279fab9b6fbd03c') in 0.0672092 seconds
Number of updated asset objects reloaded before import = 0Number of asset objects unloaded after import = 418

========================================================================
Received Import Request.
  Time since last request: 1.642342 seconds.
  path: Assets/Art_Blocking/Prefab3.prefab
  artifactKey: Guid(968e7dd28906ddc46a103207a6cc5c79) Importer(815301076,1909f56bfc062723c751e8b465ee728b)
Start importing Assets/Art_Blocking/Prefab3.prefab using Guid(968e7dd28906ddc46a103207a6cc5c79) Importer(815301076,1909f56bfc062723c751e8b465ee728b) (PreviewImporter) -> (artifact id: '155ba0538360f2b737b2890ef7a89729') in 0.0624848 seconds
Number of updated asset objects reloaded before import = 0Number of asset objects unloaded after import = 418

========================================================================
Received Import Request.
  Time since last request: 6.930905 seconds.
  path: Assets/Art_Blocking/Prefab3.prefab
  artifactKey: Guid(968e7dd28906ddc46a103207a6cc5c79) Importer(815301076,1909f56bfc062723c751e8b465ee728b)
Start importing Assets/Art_Blocking/Prefab3.prefab using Guid(968e7dd28906ddc46a103207a6cc5c79) Importer(815301076,1909f56bfc062723c751e8b465ee728b) (PreviewImporter) -> (artifact id: '81c15de15ec1780b4d5575c9443a113c') in 0.0614531 seconds
Number of updated asset objects reloaded before import = 0Number of asset objects unloaded after import = 418

========================================================================
Received Import Request.
  Time since last request: 3.850577 seconds.
  path: Assets/Art_Blocking/Prefab3.prefab
  artifactKey: Guid(968e7dd28906ddc46a103207a6cc5c79) Importer(815301076,1909f56bfc062723c751e8b465ee728b)
Start importing Assets/Art_Blocking/Prefab3.prefab using Guid(968e7dd28906ddc46a103207a6cc5c79) Importer(815301076,1909f56bfc062723c751e8b465ee728b) (PreviewImporter) -> (artifact id: 'fb8f7a4707f1c34e2447c8d787643c2c') in 0.0608555 seconds
Number of updated asset objects reloaded before import = 0Number of asset objects unloaded after import = 418

========================================================================
Received Import Request.
  Time since last request: 8.974437 seconds.
  path: Assets/Art_Blocking/Prefab4.prefab
  artifactKey: Guid(23bc7153c8c333745bce23312a3c7d48) Importer(815301076,1909f56bfc062723c751e8b465ee728b)
Start importing Assets/Art_Blocking/Prefab4.prefab using Guid(23bc7153c8c333745bce23312a3c7d48) Importer(815301076,1909f56bfc062723c751e8b465ee728b) (PreviewImporter) -> (artifact id: '506b3558ecc0e7215e0d9a12a8c1ce30') in 0.0619967 seconds
Number of updated asset objects reloaded before import = 0Number of asset objects unloaded after import = 547

========================================================================
Received Import Request.
  Time since last request: 4.988810 seconds.
  path: Assets/Art_Blocking/Prefab4.prefab
  artifactKey: Guid(23bc7153c8c333745bce23312a3c7d48) Importer(815301076,1909f56bfc062723c751e8b465ee728b)
Start importing Assets/Art_Blocking/Prefab4.prefab using Guid(23bc7153c8c333745bce23312a3c7d48) Importer(815301076,1909f56bfc062723c751e8b465ee728b) (PreviewImporter) -> (artifact id: 'e220f75fc40d89ffb3d2d1065ea49060') in 0.067887 seconds
Number of updated asset objects reloaded before import = 0Number of asset objects unloaded after import = 547

========================================================================
Received Import Request.
  Time since last request: 1.520840 seconds.
  path: Assets/Art_Blocking/Prefab4.prefab
  artifactKey: Guid(23bc7153c8c333745bce23312a3c7d48) Importer(815301076,1909f56bfc062723c751e8b465ee728b)
Start importing Assets/Art_Blocking/Prefab4.prefab using Guid(23bc7153c8c333745bce23312a3c7d48) Importer(815301076,1909f56bfc062723c751e8b465ee728b) (PreviewImporter) -> (artifact id: 'a58627821604d923e68aa5b328337824') in 0.0644074 seconds
Number of updated asset objects reloaded before import = 0Number of asset objects unloaded after import = 547

========================================================================
Received Import Request.
  Time since last request: 2.549903 seconds.
  path: Assets/Art_Blocking/Prefab4.prefab
  artifactKey: Guid(23bc7153c8c333745bce23312a3c7d48) Importer(815301076,1909f56bfc062723c751e8b465ee728b)
Start importing Assets/Art_Blocking/Prefab4.prefab using Guid(23bc7153c8c333745bce23312a3c7d48) Importer(815301076,1909f56bfc062723c751e8b465ee728b) (PreviewImporter) -> (artifact id: '9d38206949375c2b84e16d428be30c41') in 0.0712447 seconds
Number of updated asset objects reloaded before import = 0Number of asset objects unloaded after import = 547

========================================================================
Received Import Request.
  Time since last request: 3.530088 seconds.
  path: Assets/Art_Blocking/Prefab4.prefab
  artifactKey: Guid(23bc7153c8c333745bce23312a3c7d48) Importer(815301076,1909f56bfc062723c751e8b465ee728b)
Start importing Assets/Art_Blocking/Prefab4.prefab using Guid(23bc7153c8c333745bce23312a3c7d48) Importer(815301076,1909f56bfc062723c751e8b465ee728b) (PreviewImporter) -> (artifact id: 'ff9d0f8b8773e0c9f09efd1352edbe20') in 0.0656104 seconds
Number of updated asset objects reloaded before import = 0Number of asset objects unloaded after import = 547

========================================================================
Received Import Request.
  Time since last request: 0.901047 seconds.
  path: Assets/Art_Blocking/Prefab4.prefab
  artifactKey: Guid(23bc7153c8c333745bce23312a3c7d48) Importer(815301076,1909f56bfc062723c751e8b465ee728b)
Start importing Assets/Art_Blocking/Prefab4.prefab using Guid(23bc7153c8c333745bce23312a3c7d48) Importer(815301076,1909f56bfc062723c751e8b465ee728b) (PreviewImporter) -> (artifact id: '7baceced27d8543122de06780aac880d') in 0.0600127 seconds
Number of updated asset objects reloaded before import = 0Number of asset objects unloaded after import = 547

========================================================================
Received Import Request.
  Time since last request: 4.171990 seconds.
  path: Assets/Art_Blocking/Prefab4.prefab
  artifactKey: Guid(23bc7153c8c333745bce23312a3c7d48) Importer(815301076,1909f56bfc062723c751e8b465ee728b)
Start importing Assets/Art_Blocking/Prefab4.prefab using Guid(23bc7153c8c333745bce23312a3c7d48) Importer(815301076,1909f56bfc062723c751e8b465ee728b) (PreviewImporter) -> (artifact id: 'f7b220ca4bdc849069ac615f6e27d53b') in 0.0631667 seconds
Number of updated asset objects reloaded before import = 0Number of asset objects unloaded after import = 547

========================================================================
Received Import Request.
  Time since last request: 1.323281 seconds.
  path: Assets/Art_Blocking/Prefab4.prefab
  artifactKey: Guid(23bc7153c8c333745bce23312a3c7d48) Importer(815301076,1909f56bfc062723c751e8b465ee728b)
Start importing Assets/Art_Blocking/Prefab4.prefab using Guid(23bc7153c8c333745bce23312a3c7d48) Importer(815301076,1909f56bfc062723c751e8b465ee728b) (PreviewImporter) -> (artifact id: '67d34acacdd50f590596315170e396ce') in 0.0577416 seconds
Number of updated asset objects reloaded before import = 0Number of asset objects unloaded after import = 547

========================================================================
Received Import Request.
  Time since last request: 15.549201 seconds.
  path: Assets/Art_Blocking/Prefab5.prefab
  artifactKey: Guid(b7b9be7a5cbc8cd488fd8e3d77a3856d) Importer(815301076,1909f56bfc062723c751e8b465ee728b)
Start importing Assets/Art_Blocking/Prefab5.prefab using Guid(b7b9be7a5cbc8cd488fd8e3d77a3856d) Importer(815301076,1909f56bfc062723c751e8b465ee728b) (PreviewImporter) -> (artifact id: '61ed8315137a6dd1d4ea4f0195e38093') in 0.0582043 seconds
Number of updated asset objects reloaded before import = 0Number of asset objects unloaded after import = 609

========================================================================
Received Import Request.
  Time since last request: 1.260369 seconds.
  path: Assets/Art_Blocking/Prefab5.prefab
  artifactKey: Guid(b7b9be7a5cbc8cd488fd8e3d77a3856d) Importer(815301076,1909f56bfc062723c751e8b465ee728b)
Start importing Assets/Art_Blocking/Prefab5.prefab using Guid(b7b9be7a5cbc8cd488fd8e3d77a3856d) Importer(815301076,1909f56bfc062723c751e8b465ee728b) (PreviewImporter) -> (artifact id: '019568f3a88d0a6c4c70afc26b9055cb') in 0.05904 seconds
Number of updated asset objects reloaded before import = 0Number of asset objects unloaded after import = 609

========================================================================
Received Import Request.
  Time since last request: 6.330037 seconds.
  path: Assets/Art_Blocking/Prefab5.prefab
  artifactKey: Guid(b7b9be7a5cbc8cd488fd8e3d77a3856d) Importer(815301076,1909f56bfc062723c751e8b465ee728b)
Start importing Assets/Art_Blocking/Prefab5.prefab using Guid(b7b9be7a5cbc8cd488fd8e3d77a3856d) Importer(815301076,1909f56bfc062723c751e8b465ee728b) (PreviewImporter) -> (artifact id: '4daff11138df917d3afbe514aa359dd8') in 0.0590054 seconds
Number of updated asset objects reloaded before import = 0Number of asset objects unloaded after import = 609

========================================================================
Received Import Request.
  Time since last request: 1.658686 seconds.
  path: Assets/Art_Blocking/Prefab5.prefab
  artifactKey: Guid(b7b9be7a5cbc8cd488fd8e3d77a3856d) Importer(815301076,1909f56bfc062723c751e8b465ee728b)
Start importing Assets/Art_Blocking/Prefab5.prefab using Guid(b7b9be7a5cbc8cd488fd8e3d77a3856d) Importer(815301076,1909f56bfc062723c751e8b465ee728b) (PreviewImporter) -> (artifact id: '334af29001caece9398694062d09ee3a') in 0.0646356 seconds
Number of updated asset objects reloaded before import = 0Number of asset objects unloaded after import = 609

========================================================================
Received Import Request.
  Time since last request: 4.081514 seconds.
  path: Assets/Art_Blocking/Prefab5.prefab
  artifactKey: Guid(b7b9be7a5cbc8cd488fd8e3d77a3856d) Importer(815301076,1909f56bfc062723c751e8b465ee728b)
Start importing Assets/Art_Blocking/Prefab5.prefab using Guid(b7b9be7a5cbc8cd488fd8e3d77a3856d) Importer(815301076,1909f56bfc062723c751e8b465ee728b) (PreviewImporter) -> (artifact id: '289f29629b774b84b820238a70f66bb1') in 0.0627052 seconds
Number of updated asset objects reloaded before import = 0Number of asset objects unloaded after import = 609

========================================================================
Received Import Request.
  Time since last request: 6.530927 seconds.
  path: Assets/Art_Blocking/Prefab5.prefab
  artifactKey: Guid(b7b9be7a5cbc8cd488fd8e3d77a3856d) Importer(815301076,1909f56bfc062723c751e8b465ee728b)
Start importing Assets/Art_Blocking/Prefab5.prefab using Guid(b7b9be7a5cbc8cd488fd8e3d77a3856d) Importer(815301076,1909f56bfc062723c751e8b465ee728b) (PreviewImporter) -> (artifact id: 'bab1648aafba1bb165daa229619717cd') in 0.0538808 seconds
Number of updated asset objects reloaded before import = 0Number of asset objects unloaded after import = 609

========================================================================
Received Import Request.
  Time since last request: 1.855738 seconds.
  path: Assets/Art_Blocking/Prefab5.prefab
  artifactKey: Guid(b7b9be7a5cbc8cd488fd8e3d77a3856d) Importer(815301076,1909f56bfc062723c751e8b465ee728b)
Start importing Assets/Art_Blocking/Prefab5.prefab using Guid(b7b9be7a5cbc8cd488fd8e3d77a3856d) Importer(815301076,1909f56bfc062723c751e8b465ee728b) (PreviewImporter) -> (artifact id: '7205da7a9facd65005e17b667430c4f3') in 0.0643264 seconds
Number of updated asset objects reloaded before import = 0Number of asset objects unloaded after import = 609

========================================================================
Received Import Request.
  Time since last request: 14.473547 seconds.
  path: Assets/Art_Blocking/Prefab6.prefab
  artifactKey: Guid(e81b2384ee20ad648b7114553f9d75e7) Importer(815301076,1909f56bfc062723c751e8b465ee728b)
Start importing Assets/Art_Blocking/Prefab6.prefab using Guid(e81b2384ee20ad648b7114553f9d75e7) Importer(815301076,1909f56bfc062723c751e8b465ee728b) (PreviewImporter) -> (artifact id: 'e38684ac26bb2ec017cbe06606a337f3') in 0.0607883 seconds
Number of updated asset objects reloaded before import = 0Number of asset objects unloaded after import = 766

========================================================================
Received Import Request.
  Time since last request: 1.193556 seconds.
  path: Assets/Art_Blocking/Prefab6.prefab
  artifactKey: Guid(e81b2384ee20ad648b7114553f9d75e7) Importer(815301076,1909f56bfc062723c751e8b465ee728b)
Start importing Assets/Art_Blocking/Prefab6.prefab using Guid(e81b2384ee20ad648b7114553f9d75e7) Importer(815301076,1909f56bfc062723c751e8b465ee728b) (PreviewImporter) -> (artifact id: 'fb673fc69a6d0b236e6d0d6854fa63d4') in 0.0740819 seconds
Number of updated asset objects reloaded before import = 0Number of asset objects unloaded after import = 766

========================================================================
Received Import Request.
  Time since last request: 4.278384 seconds.
  path: Assets/Art_Blocking/Prefab6.prefab
  artifactKey: Guid(e81b2384ee20ad648b7114553f9d75e7) Importer(815301076,1909f56bfc062723c751e8b465ee728b)
Start importing Assets/Art_Blocking/Prefab6.prefab using Guid(e81b2384ee20ad648b7114553f9d75e7) Importer(815301076,1909f56bfc062723c751e8b465ee728b) (PreviewImporter) -> (artifact id: '68ab12014d48c17c60203152ee5ada56') in 0.0594215 seconds
Number of updated asset objects reloaded before import = 0Number of asset objects unloaded after import = 766

========================================================================
Received Import Request.
  Time since last request: 1.385162 seconds.
  path: Assets/Art_Blocking/Prefab6.prefab
  artifactKey: Guid(e81b2384ee20ad648b7114553f9d75e7) Importer(815301076,1909f56bfc062723c751e8b465ee728b)
Start importing Assets/Art_Blocking/Prefab6.prefab using Guid(e81b2384ee20ad648b7114553f9d75e7) Importer(815301076,1909f56bfc062723c751e8b465ee728b) (PreviewImporter) -> (artifact id: '7b99d305d6d610121a95c9c6fbeb01cd') in 0.0633701 seconds
Number of updated asset objects reloaded before import = 0Number of asset objects unloaded after import = 766

========================================================================
Received Import Request.
  Time since last request: 6.270966 seconds.
  path: Assets/Art_Blocking/Prefab6.prefab
  artifactKey: Guid(e81b2384ee20ad648b7114553f9d75e7) Importer(815301076,1909f56bfc062723c751e8b465ee728b)
Start importing Assets/Art_Blocking/Prefab6.prefab using Guid(e81b2384ee20ad648b7114553f9d75e7) Importer(815301076,1909f56bfc062723c751e8b465ee728b) (PreviewImporter) -> (artifact id: 'a6ceb05f1a4592cce686cf202ded3be0') in 0.0715202 seconds
Number of updated asset objects reloaded before import = 0Number of asset objects unloaded after import = 766

========================================================================
Received Import Request.
  Time since last request: 1.381209 seconds.
  path: Assets/Art_Blocking/Prefab6.prefab
  artifactKey: Guid(e81b2384ee20ad648b7114553f9d75e7) Importer(815301076,1909f56bfc062723c751e8b465ee728b)
Start importing Assets/Art_Blocking/Prefab6.prefab using Guid(e81b2384ee20ad648b7114553f9d75e7) Importer(815301076,1909f56bfc062723c751e8b465ee728b) (PreviewImporter) -> (artifact id: '747d3d8487e10fc2f9e7526348140cba') in 0.0641484 seconds
Number of updated asset objects reloaded before import = 0Number of asset objects unloaded after import = 766

========================================================================
Received Prepare
Begin MonoManager ReloadAssembly
- Loaded All Assemblies, in  1.192 seconds
Refreshing native plugins compatible for Editor in 2.95 ms, found 3 plugins.
Native extension for WindowsStandalone target not found
Mono: successfully reloaded assembly
- Finished resetting the current domain, in  1.046 seconds
Domain Reload Profiling: 2229ms
	BeginReloadAssembly (308ms)
		ExecutionOrderSort (0ms)
		DisableScriptedObjects (33ms)
		BackupInstance (0ms)
		ReleaseScriptingObjects (0ms)
		CreateAndSetChildDomain (67ms)
	RebuildCommonClasses (52ms)
	RebuildNativeTypeToScriptingClass (19ms)
	initialDomainReloadingComplete (51ms)
	LoadAllAssembliesAndSetupDomain (751ms)
		LoadAssemblies (622ms)
		RebuildTransferFunctionScriptingTraits (0ms)
		AnalyzeDomain (274ms)
			TypeCache.Refresh (7ms)
				TypeCache.ScanAssembly (0ms)
			BuildScriptInfoCaches (243ms)
			ResolveRequiredComponents (18ms)
	FinalizeReload (1047ms)
		ReleaseScriptCaches (0ms)
		RebuildScriptCaches (0ms)
		SetupLoadedEditorAssemblies (756ms)
			LogAssemblyErrors (0ms)
			InitializePlatformSupportModulesInManaged (3ms)
			SetLoadedEditorAssemblies (6ms)
			BeforeProcessingInitializeOnLoad (179ms)
			ProcessInitializeOnLoadAttributes (476ms)
			ProcessInitializeOnLoadMethodAttributes (78ms)
			AfterProcessingInitializeOnLoad (13ms)
			EditorAssembliesLoaded (0ms)
		ExecutionOrderSort2 (0ms)
		AwakeInstancesAfterBackupRestoration (20ms)
Refreshing native plugins compatible for Editor in 1.92 ms, found 3 plugins.
Preloading 0 native plugins for Editor in 0.00 ms.
Unloading 15 Unused Serialized files (Serialized files now loaded: 0)
Unloading 6210 unused Assets / (4.6 MB). Loaded Objects now: 7007.
Memory consumption went from 159.6 MB to 155.0 MB.
Total: 9.581300 ms (FindLiveObjects: 0.806200 ms CreateObjectMapping: 0.408400 ms MarkObjects: 5.983300 ms  DeleteObjects: 2.381900 ms)

Prepare: number of updated asset objects reloaded= 0
========================================================================
Received Prepare
Begin MonoManager ReloadAssembly
- Loaded All Assemblies, in  1.192 seconds
Refreshing native plugins compatible for Editor in 2.14 ms, found 3 plugins.
Native extension for WindowsStandalone target not found
Mono: successfully reloaded assembly
- Finished resetting the current domain, in  1.099 seconds
Domain Reload Profiling: 2279ms
	BeginReloadAssembly (297ms)
		ExecutionOrderSort (0ms)
		DisableScriptedObjects (11ms)
		BackupInstance (0ms)
		ReleaseScriptingObjects (0ms)
		CreateAndSetChildDomain (60ms)
	RebuildCommonClasses (53ms)
	RebuildNativeTypeToScriptingClass (18ms)
	initialDomainReloadingComplete (48ms)
	LoadAllAssembliesAndSetupDomain (764ms)
		LoadAssemblies (600ms)
		RebuildTransferFunctionScriptingTraits (0ms)
		AnalyzeDomain (311ms)
			TypeCache.Refresh (10ms)
				TypeCache.ScanAssembly (0ms)
			BuildScriptInfoCaches (280ms)
			ResolveRequiredComponents (18ms)
	FinalizeReload (1099ms)
		ReleaseScriptCaches (0ms)
		RebuildScriptCaches (0ms)
		SetupLoadedEditorAssemblies (811ms)
			LogAssemblyErrors (0ms)
			InitializePlatformSupportModulesInManaged (3ms)
			SetLoadedEditorAssemblies (6ms)
			BeforeProcessingInitializeOnLoad (193ms)
			ProcessInitializeOnLoadAttributes (511ms)
			ProcessInitializeOnLoadMethodAttributes (84ms)
			AfterProcessingInitializeOnLoad (12ms)
			EditorAssembliesLoaded (0ms)
		ExecutionOrderSort2 (0ms)
		AwakeInstancesAfterBackupRestoration (18ms)
Refreshing native plugins compatible for Editor in 2.50 ms, found 3 plugins.
Preloading 0 native plugins for Editor in 0.00 ms.
Unloading 15 Unused Serialized files (Serialized files now loaded: 0)
Unloading 6210 unused Assets / (5.1 MB). Loaded Objects now: 7009.
Memory consumption went from 159.4 MB to 154.3 MB.
Total: 13.397000 ms (FindLiveObjects: 0.932100 ms CreateObjectMapping: 0.886600 ms MarkObjects: 7.967000 ms  DeleteObjects: 3.609900 ms)

Prepare: number of updated asset objects reloaded= 0
========================================================================
Received Prepare
Begin MonoManager ReloadAssembly
- Loaded All Assemblies, in  1.335 seconds
Refreshing native plugins compatible for Editor in 1.94 ms, found 3 plugins.
Native extension for WindowsStandalone target not found
Mono: successfully reloaded assembly
- Finished resetting the current domain, in  1.139 seconds
Domain Reload Profiling: 2460ms
	BeginReloadAssembly (330ms)
		ExecutionOrderSort (0ms)
		DisableScriptedObjects (11ms)
		BackupInstance (0ms)
		ReleaseScriptingObjects (0ms)
		CreateAndSetChildDomain (74ms)
	RebuildCommonClasses (58ms)
	RebuildNativeTypeToScriptingClass (20ms)
	initialDomainReloadingComplete (52ms)
	LoadAllAssembliesAndSetupDomain (862ms)
		LoadAssemblies (677ms)
		RebuildTransferFunctionScriptingTraits (0ms)
		AnalyzeDomain (356ms)
			TypeCache.Refresh (11ms)
				TypeCache.ScanAssembly (0ms)
			BuildScriptInfoCaches (322ms)
			ResolveRequiredComponents (18ms)
	FinalizeReload (1140ms)
		ReleaseScriptCaches (0ms)
		RebuildScriptCaches (0ms)
		SetupLoadedEditorAssemblies (865ms)
			LogAssemblyErrors (0ms)
			InitializePlatformSupportModulesInManaged (3ms)
			SetLoadedEditorAssemblies (5ms)
			BeforeProcessingInitializeOnLoad (219ms)
			ProcessInitializeOnLoadAttributes (531ms)
			ProcessInitializeOnLoadMethodAttributes (89ms)
			AfterProcessingInitializeOnLoad (18ms)
			EditorAssembliesLoaded (0ms)
		ExecutionOrderSort2 (0ms)
		AwakeInstancesAfterBackupRestoration (26ms)
Refreshing native plugins compatible for Editor in 2.10 ms, found 3 plugins.
Preloading 0 native plugins for Editor in 0.00 ms.
Unloading 15 Unused Serialized files (Serialized files now loaded: 0)
Unloading 6210 unused Assets / (4.6 MB). Loaded Objects now: 7011.
Memory consumption went from 159.4 MB to 154.9 MB.
Total: 14.510600 ms (FindLiveObjects: 0.958700 ms CreateObjectMapping: 1.278000 ms MarkObjects: 8.205000 ms  DeleteObjects: 4.067000 ms)

Prepare: number of updated asset objects reloaded= 0
========================================================================
Received Import Request.
  Time since last request: 416.173401 seconds.
  path: Assets/Art_Character
  artifactKey: Guid(d500febb7006a7341ab587bfbf96609b) Importer(815301076,1909f56bfc062723c751e8b465ee728b)
Start importing Assets/Art_Character using Guid(d500febb7006a7341ab587bfbf96609b) Importer(815301076,1909f56bfc062723c751e8b465ee728b) (PreviewImporter) -> (artifact id: '7ac5049c237e0436fdf80518c8a372ed') in 0.0239195 seconds
Number of updated asset objects reloaded before import = 0Number of asset objects unloaded after import = 0

========================================================================
Received Import Request.
  Time since last request: 0.000079 seconds.
  path: Assets/Art_Character/Ch16_1001_Glossiness.png
  artifactKey: Guid(a23a5018a87f9904183f58bd766ecf39) Importer(815301076,1909f56bfc062723c751e8b465ee728b)
Start importing Assets/Art_Character/Ch16_1001_Glossiness.png using Guid(a23a5018a87f9904183f58bd766ecf39) Importer(815301076,1909f56bfc062723c751e8b465ee728b) (PreviewImporter) -> (artifact id: '8e4827cc07a0febee77b4b6930c47109') in 0.1440329 seconds
Number of updated asset objects reloaded before import = 0Number of asset objects unloaded after import = 2

========================================================================
Received Import Request.
  Time since last request: 0.000029 seconds.
  path: Assets/Art_Character/Ch16_1002_Glossiness.png
  artifactKey: Guid(9a345ef72cb968e4381d38ac88c47793) Importer(815301076,1909f56bfc062723c751e8b465ee728b)
Start importing Assets/Art_Character/Ch16_1002_Glossiness.png using Guid(9a345ef72cb968e4381d38ac88c47793) Importer(815301076,1909f56bfc062723c751e8b465ee728b) (PreviewImporter) -> (artifact id: '67659e010d2c08dbd8addc2bb33db1f0') in 0.0388467 seconds
Number of updated asset objects reloaded before import = 0Number of asset objects unloaded after import = 2

========================================================================
Received Import Request.
  Time since last request: 0.000025 seconds.
  path: Assets/Art_Character/Ch16_1002_Specular.png
  artifactKey: Guid(43f228811d96ba148b22ac5e3dbdde6b) Importer(815301076,1909f56bfc062723c751e8b465ee728b)
Start importing Assets/Art_Character/Ch16_1002_Specular.png using Guid(43f228811d96ba148b22ac5e3dbdde6b) Importer(815301076,1909f56bfc062723c751e8b465ee728b) (PreviewImporter) -> (artifact id: 'd20e6c9b96bd3df64b72eecbc86f7216') in 0.0414851 seconds
Number of updated asset objects reloaded before import = 0Number of asset objects unloaded after import = 2

========================================================================
Received Import Request.
  Time since last request: 0.000023 seconds.
  path: Assets/Art_Character/Ch16_1001_Specular.png
  artifactKey: Guid(7d903ba9074c9b44d87099ac9031c911) Importer(815301076,1909f56bfc062723c751e8b465ee728b)
Start importing Assets/Art_Character/Ch16_1001_Specular.png using Guid(7d903ba9074c9b44d87099ac9031c911) Importer(815301076,1909f56bfc062723c751e8b465ee728b) (PreviewImporter) -> (artifact id: 'dffb8b315f122f701a4795b5ee6362ad') in 0.0226461 seconds
Number of updated asset objects reloaded before import = 0Number of asset objects unloaded after import = 2

========================================================================
Received Import Request.
  Time since last request: 0.000023 seconds.
  path: Assets/Art_Character/Ch16_1001_Normal.png
  artifactKey: Guid(bc6e356d1e764734eb12dcd1da85dd5b) Importer(815301076,1909f56bfc062723c751e8b465ee728b)
Start importing Assets/Art_Character/Ch16_1001_Normal.png using Guid(bc6e356d1e764734eb12dcd1da85dd5b) Importer(815301076,1909f56bfc062723c751e8b465ee728b) (PreviewImporter) -> (artifact id: '7be05be73c8f75d68de9ada3b979747e') in 0.0606297 seconds
Number of updated asset objects reloaded before import = 0Number of asset objects unloaded after import = 2

========================================================================
Received Import Request.
  Time since last request: 0.000045 seconds.
  path: Assets/Art_Character/Ch16_1002_Diffuse.png
  artifactKey: Guid(6a73b27b247d6d949966bff680cd4428) Importer(815301076,1909f56bfc062723c751e8b465ee728b)
Start importing Assets/Art_Character/Ch16_1002_Diffuse.png using Guid(6a73b27b247d6d949966bff680cd4428) Importer(815301076,1909f56bfc062723c751e8b465ee728b) (PreviewImporter) -> (artifact id: 'f08f94619829d7932bfd8039d5ab7a85') in 0.0425926 seconds
Number of updated asset objects reloaded before import = 0Number of asset objects unloaded after import = 2

========================================================================
Received Import Request.
  Time since last request: 0.000021 seconds.
  path: Assets/Art_Character/Ch16_1002_Normal.png
  artifactKey: Guid(be84ffc1e47af3c428352e175ec3ae0b) Importer(815301076,1909f56bfc062723c751e8b465ee728b)
Start importing Assets/Art_Character/Ch16_1002_Normal.png using Guid(be84ffc1e47af3c428352e175ec3ae0b) Importer(815301076,1909f56bfc062723c751e8b465ee728b) (PreviewImporter) -> (artifact id: '7e3d7eced0a5e53e5ef305970e75578b') in 0.0614699 seconds
Number of updated asset objects reloaded before import = 0Number of asset objects unloaded after import = 2

Editor requested this worker to shutdown with reason: Scaling down because of idle timeout
AssetImportWorkerClient::OnTransportError - code=2 error=End of file
AssetImportWorker is now disconnected from the server
Process exiting
Exiting without the bug reporter. Application will terminate with return code 0