Using pre-set license
Built from '6000.0/release' branch; Version is '6000.0.44f1 (101c91f3a8fb) revision 1055889'; Using compiler version '193933523'; Build Type 'Release'
OS: 'Windows 10  (10.0.19045) 64bit Core' Language: 'es' Physical Memory: 16315 MB
BatchMode: 1, IsHumanControllingUs: 0, StartBugReporterOnCrash: 0, Is64bit: 1, IsPro: 1

COMMAND LINE ARGUMENTS:
C:\Program Files\Unity\Hub\Editor\6000.0.44f1\Editor\Unity.exe
-adb2
-batchMode
-noUpm
-name
AssetImportWorker0
-projectPath
C:/Users/Alain Deleau/Desktop/Da Vinci/(Final Pendiente) Inteligencia Artificial 1/ElementsGame
-logFile
Logs/AssetImportWorker0.log
-srvPort
51669
-job-worker-count
5
-background-job-worker-count
8
-gc-helper-count
1
Successfully changed project path to: C:/Users/Alain Deleau/Desktop/Da Vinci/(Final Pendiente) Inteligencia Artificial 1/ElementsGame
C:/Users/Alain Deleau/Desktop/Da Vinci/(Final Pendiente) Inteligencia Artificial 1/ElementsGame
[UnityMemory] Configuration Parameters - Can be set up in boot.config
    "memorysetup-bucket-allocator-granularity=16"
    "memorysetup-bucket-allocator-bucket-count=8"
    "memorysetup-bucket-allocator-block-size=33554432"
    "memorysetup-bucket-allocator-block-count=8"
    "memorysetup-main-allocator-block-size=16777216"
    "memorysetup-thread-allocator-block-size=16777216"
    "memorysetup-gfx-main-allocator-block-size=16777216"
    "memorysetup-gfx-thread-allocator-block-size=16777216"
    "memorysetup-cache-allocator-block-size=4194304"
    "memorysetup-typetree-allocator-block-size=2097152"
    "memorysetup-profiler-bucket-allocator-granularity=16"
    "memorysetup-profiler-bucket-allocator-bucket-count=8"
    "memorysetup-profiler-bucket-allocator-block-size=33554432"
    "memorysetup-profiler-bucket-allocator-block-count=8"
    "memorysetup-profiler-allocator-block-size=16777216"
    "memorysetup-profiler-editor-allocator-block-size=1048576"
    "memorysetup-temp-allocator-size-main=16777216"
    "memorysetup-job-temp-allocator-block-size=2097152"
    "memorysetup-job-temp-allocator-block-size-background=1048576"
    "memorysetup-job-temp-allocator-reduction-small-platforms=262144"
    "memorysetup-allocator-temp-initial-block-size-main=262144"
    "memorysetup-allocator-temp-initial-block-size-worker=262144"
    "memorysetup-temp-allocator-size-background-worker=32768"
    "memorysetup-temp-allocator-size-job-worker=262144"
    "memorysetup-temp-allocator-size-preload-manager=33554432"
    "memorysetup-temp-allocator-size-nav-mesh-worker=65536"
    "memorysetup-temp-allocator-size-audio-worker=65536"
    "memorysetup-temp-allocator-size-cloud-worker=32768"
    "memorysetup-temp-allocator-size-gi-baking-worker=262144"
    "memorysetup-temp-allocator-size-gi-baking-worker=262144"
    "memorysetup-temp-allocator-size-gi-baking-worker=262144"
    "memorysetup-temp-allocator-size-gi-baking-worker=262144"
    "memorysetup-temp-allocator-size-gi-baking-worker=262144"
    "memorysetup-temp-allocator-size-gfx=262144"
Player connection [25664]  Target information:

Player connection [25664]  * "[IP] 192.168.0.5 [Port] 0 [Flags] 2 [Guid] 3710514008 [EditorId] 3710514008 [Version] 1048832 [Id] WindowsEditor(7,DESKTOP-NPM4VDT) [Debug] 1 [PackageName] WindowsEditor [ProjectName] Editor" 

Player connection [25664]  * "[IP] 172.16.0.2 [Port] 0 [Flags] 2 [Guid] 3710514008 [EditorId] 3710514008 [Version] 1048832 [Id] WindowsEditor(7,DESKTOP-NPM4VDT) [Debug] 1 [PackageName] WindowsEditor [ProjectName] Editor" 

Player connection [25664] Host joined multi-casting on [225.0.0.222:54997]...
Player connection [25664] Host joined alternative multi-casting on [225.0.0.222:34997]...
JobSystem: Creating JobQueue using job-worker-count value 5
Input System module state changed to: Initialized.
[Physics::Module] Initialized fallback backend.
[Physics::Module] Id: 0xdecafbad
Library Redirect Path: Library/
[Physics::Module] Selected backend.
[Physics::Module] Name: PhysX
[Physics::Module] Id: 0xf2b8ea05
[Physics::Module] SDK Version: 4.1.2
[Physics::Module] Integration Version: 1.0.0
[Physics::Module] Threading Mode: Multi-Threaded
Refreshing native plugins compatible for Editor in 5.37 ms, found 3 plugins.
Preloading 0 native plugins for Editor in 0.00 ms.
Initialize engine version: 6000.0.44f1 (101c91f3a8fb)
[Subsystems] Discovering subsystems at path C:/Program Files/Unity/Hub/Editor/6000.0.44f1/Editor/Data/Resources/UnitySubsystems
[Subsystems] Discovering subsystems at path C:/Users/Alain Deleau/Desktop/Da Vinci/(Final Pendiente) Inteligencia Artificial 1/ElementsGame/Assets
GfxDevice: creating device client; kGfxThreadingModeNonThreaded
Direct3D:
    Version:  Direct3D 11.0 [level 11.1]
    Renderer: NVIDIA GeForce RTX 2060 (ID=0x1f08)
    Vendor:   NVIDIA
    VRAM:     5954 MB
    Driver:   32.0.15.6094
Initialize mono
Mono path[0] = 'C:/Program Files/Unity/Hub/Editor/6000.0.44f1/Editor/Data/Managed'
Mono path[1] = 'C:/Program Files/Unity/Hub/Editor/6000.0.44f1/Editor/Data/MonoBleedingEdge/lib/mono/unityjit-win32'
Mono config path = 'C:/Program Files/Unity/Hub/Editor/6000.0.44f1/Editor/Data/MonoBleedingEdge/etc'
Using monoOptions --debugger-agent=transport=dt_socket,embedding=1,server=y,suspend=n,address=127.0.0.1:56240
Begin MonoManager ReloadAssembly
Registering precompiled unity dll's ...
Register platform support module: C:/Program Files/Unity/Hub/Editor/6000.0.44f1/Editor/Data/PlaybackEngines/WindowsStandaloneSupport/UnityEditor.WindowsStandalone.Extensions.dll
Registered in 0.011485 seconds.
- Loaded All Assemblies, in  0.993 seconds
Native extension for WindowsStandalone target not found
Mono: successfully reloaded assembly
- Finished resetting the current domain, in  0.831 seconds
Domain Reload Profiling: 1808ms
	BeginReloadAssembly (327ms)
		ExecutionOrderSort (0ms)
		DisableScriptedObjects (0ms)
		BackupInstance (0ms)
		ReleaseScriptingObjects (0ms)
		CreateAndSetChildDomain (2ms)
	RebuildCommonClasses (89ms)
	RebuildNativeTypeToScriptingClass (34ms)
	initialDomainReloadingComplete (175ms)
	LoadAllAssembliesAndSetupDomain (350ms)
		LoadAssemblies (316ms)
		RebuildTransferFunctionScriptingTraits (0ms)
		AnalyzeDomain (341ms)
			TypeCache.Refresh (338ms)
				TypeCache.ScanAssembly (312ms)
			BuildScriptInfoCaches (0ms)
			ResolveRequiredComponents (1ms)
	FinalizeReload (832ms)
		ReleaseScriptCaches (0ms)
		RebuildScriptCaches (0ms)
		SetupLoadedEditorAssemblies (731ms)
			LogAssemblyErrors (0ms)
			InitializePlatformSupportModulesInManaged (47ms)
			SetLoadedEditorAssemblies (10ms)
			BeforeProcessingInitializeOnLoad (130ms)
			ProcessInitializeOnLoadAttributes (410ms)
			ProcessInitializeOnLoadMethodAttributes (133ms)
			AfterProcessingInitializeOnLoad (0ms)
			EditorAssembliesLoaded (0ms)
		ExecutionOrderSort2 (0ms)
		AwakeInstancesAfterBackupRestoration (0ms)
========================================================================
Worker process is ready to serve import requests
Import Worker Mode flag is 0x00
Begin MonoManager ReloadAssembly
- Loaded All Assemblies, in  1.946 seconds
Refreshing native plugins compatible for Editor in 3.07 ms, found 3 plugins.
Native extension for WindowsStandalone target not found
Missing types referenced from component UniversalRenderPipelineGlobalSettings on game object UniversalRenderPipelineGlobalSettings:
	UnityEngine.Rendering.LightmapSamplingSettings, Unity.RenderPipelines.Core.Runtime (1 object)
	UnityEngine.Rendering.RenderingDebuggerRuntimeResources, Unity.RenderPipelines.Core.Runtime (1 object)
	UnityEngine.Rendering.Universal.ScreenSpaceAmbientOcclusionDynamicResources, Unity.RenderPipelines.Universal.Runtime (1 object)
	UnityEngine.Rendering.Universal.ScreenSpaceAmbientOcclusionPersistentResources, Unity.RenderPipelines.Universal.Runtime (1 object)
	UnityEngine.Rendering.VrsRenderPipelineRuntimeResources, Unity.RenderPipelines.Core.Runtime (1 object)
Mono: successfully reloaded assembly
- Finished resetting the current domain, in  1.905 seconds
Domain Reload Profiling: 3820ms
	BeginReloadAssembly (386ms)
		ExecutionOrderSort (0ms)
		DisableScriptedObjects (14ms)
		BackupInstance (0ms)
		ReleaseScriptingObjects (0ms)
		CreateAndSetChildDomain (57ms)
	RebuildCommonClasses (90ms)
	RebuildNativeTypeToScriptingClass (28ms)
	initialDomainReloadingComplete (100ms)
	LoadAllAssembliesAndSetupDomain (1310ms)
		LoadAssemblies (976ms)
		RebuildTransferFunctionScriptingTraits (0ms)
		AnalyzeDomain (567ms)
			TypeCache.Refresh (406ms)
				TypeCache.ScanAssembly (378ms)
			BuildScriptInfoCaches (133ms)
			ResolveRequiredComponents (23ms)
	FinalizeReload (1906ms)
		ReleaseScriptCaches (0ms)
		RebuildScriptCaches (0ms)
		SetupLoadedEditorAssemblies (1531ms)
			LogAssemblyErrors (0ms)
			InitializePlatformSupportModulesInManaged (4ms)
			SetLoadedEditorAssemblies (10ms)
			BeforeProcessingInitializeOnLoad (333ms)
			ProcessInitializeOnLoadAttributes (840ms)
			ProcessInitializeOnLoadMethodAttributes (314ms)
			AfterProcessingInitializeOnLoad (29ms)
			EditorAssembliesLoaded (0ms)
		ExecutionOrderSort2 (0ms)
		AwakeInstancesAfterBackupRestoration (15ms)
Launched and connected shader compiler UnityShaderCompiler.exe after 0.04 seconds
Refreshing native plugins compatible for Editor in 4.84 ms, found 3 plugins.
Preloading 0 native plugins for Editor in 0.00 ms.
Unloading 216 Unused Serialized files (Serialized files now loaded: 0)
Unloading 6220 unused Assets / (4.7 MB). Loaded Objects now: 6923.
Memory consumption went from 162.2 MB to 157.5 MB.
Total: 21.805000 ms (FindLiveObjects: 1.134400 ms CreateObjectMapping: 1.782700 ms MarkObjects: 12.171600 ms  DeleteObjects: 6.714300 ms)

========================================================================
Received Import Request.
  Time since last request: 118568.170785 seconds.
  path: Assets/Art_Enemys/EnemyFire/Fire_Death.fbx
  artifactKey: Guid(d29aa538a8b635b44b92bacd1f48cf7c) Importer(815301076,1909f56bfc062723c751e8b465ee728b)
Start importing Assets/Art_Enemys/EnemyFire/Fire_Death.fbx using Guid(d29aa538a8b635b44b92bacd1f48cf7c) Importer(815301076,1909f56bfc062723c751e8b465ee728b) (PreviewImporter) -> (artifact id: '0e003c8e5c5420a5cb02e54be58944bf') in 0.08459 seconds
Number of updated asset objects reloaded before import = 0Number of asset objects unloaded after import = 55

========================================================================
Received Import Request.
  Time since last request: 0.000029 seconds.
  path: Assets/Art_Enemys/EnemyFire/Fire_Attack.fbx
  artifactKey: Guid(9fec28341c938bd42b72a1c306d67558) Importer(815301076,1909f56bfc062723c751e8b465ee728b)
Start importing Assets/Art_Enemys/EnemyFire/Fire_Attack.fbx using Guid(9fec28341c938bd42b72a1c306d67558) Importer(815301076,1909f56bfc062723c751e8b465ee728b) (PreviewImporter) -> (artifact id: 'e98d7dc467dbcf4eb02c6dd3a5cd350c') in 0.0053908 seconds
Number of updated asset objects reloaded before import = 0Number of asset objects unloaded after import = 55

========================================================================
Received Import Request.
  Time since last request: 0.000027 seconds.
  path: Assets/Art_Enemys/EnemyFire/FireEnemy.mat
  artifactKey: Guid(b4447b4d11baabc43a39a8149340f3a2) Importer(815301076,1909f56bfc062723c751e8b465ee728b)
Start importing Assets/Art_Enemys/EnemyFire/FireEnemy.mat using Guid(b4447b4d11baabc43a39a8149340f3a2) Importer(815301076,1909f56bfc062723c751e8b465ee728b) (PreviewImporter) -> (artifact id: '75db7aeb15d2c81afa5b7cedf303d177') in 5.5216829 seconds
Number of updated asset objects reloaded before import = 0Number of asset objects unloaded after import = 3

========================================================================
Received Import Request.
  Time since last request: 87.703165 seconds.
  path: Assets/InputSystem_Actions.inputactions
  artifactKey: Guid(052faaac586de48259a63d0c4782560b) Importer(815301076,1909f56bfc062723c751e8b465ee728b)
Start importing Assets/InputSystem_Actions.inputactions using Guid(052faaac586de48259a63d0c4782560b) Importer(815301076,1909f56bfc062723c751e8b465ee728b) (PreviewImporter) -> (artifact id: '5e3f70f0364ded6a0e35bba7f5564b43') in 0.0126774 seconds
Number of updated asset objects reloaded before import = 0Number of asset objects unloaded after import = 20

========================================================================
Received Import Request.
  Time since last request: 0.000041 seconds.
  path: Assets/TerrainData_169d4d4f-65ed-4f71-a17b-7091c0f7c301.asset
  artifactKey: Guid(e452841f76e6d49409e8a85e8e89c1bf) Importer(815301076,1909f56bfc062723c751e8b465ee728b)
Start importing Assets/TerrainData_169d4d4f-65ed-4f71-a17b-7091c0f7c301.asset using Guid(e452841f76e6d49409e8a85e8e89c1bf) Importer(815301076,1909f56bfc062723c751e8b465ee728b) (PreviewImporter) -> (artifact id: '23478aca8cbfe8b7bb709a30c1b04880') in 0.0094162 seconds
Number of updated asset objects reloaded before import = 0Number of asset objects unloaded after import = 1

========================================================================
Received Import Request.
  Time since last request: 0.000029 seconds.
  path: Assets/New Terrain 1.asset
  artifactKey: Guid(f11525b75cf54ca4cb51cd51254cdfbd) Importer(815301076,1909f56bfc062723c751e8b465ee728b)
Start importing Assets/New Terrain 1.asset using Guid(f11525b75cf54ca4cb51cd51254cdfbd) Importer(815301076,1909f56bfc062723c751e8b465ee728b) (PreviewImporter) -> (artifact id: '06ff78da1d90209b003e079db5b5d354') in 0.0081053 seconds
Number of updated asset objects reloaded before import = 0Number of asset objects unloaded after import = 1

========================================================================
Received Import Request.
  Time since last request: 2.306211 seconds.
  path: Assets/Art_Enemys
  artifactKey: Guid(34d76948f434de44288c75e1fe5c61f2) Importer(815301076,1909f56bfc062723c751e8b465ee728b)
Start importing Assets/Art_Enemys using Guid(34d76948f434de44288c75e1fe5c61f2) Importer(815301076,1909f56bfc062723c751e8b465ee728b) (PreviewImporter) -> (artifact id: 'eb151142bd945bd05e67b1a593166995') in 0.0007461 seconds
Number of updated asset objects reloaded before import = 0Number of asset objects unloaded after import = 0

========================================================================
Received Import Request.
  Time since last request: 0.684757 seconds.
  path: Assets/Art_Enemys/EnemyRock
  artifactKey: Guid(a95a87bba7997ff41a63e9dbcc27165d) Importer(815301076,1909f56bfc062723c751e8b465ee728b)
Start importing Assets/Art_Enemys/EnemyRock using Guid(a95a87bba7997ff41a63e9dbcc27165d) Importer(815301076,1909f56bfc062723c751e8b465ee728b) (PreviewImporter) -> (artifact id: '404828e0cdd573a2d7ecc4432c37665b') in 0.0007064 seconds
Number of updated asset objects reloaded before import = 0Number of asset objects unloaded after import = 0

========================================================================
Received Import Request.
  Time since last request: 0.003874 seconds.
  path: Assets/Art_Enemys/EnemyRock/Rampage_Elemental_original.FBX
  artifactKey: Guid(0f1cb6c66773f83418d15e4f7f83ba2b) Importer(815301076,1909f56bfc062723c751e8b465ee728b)
Start importing Assets/Art_Enemys/EnemyRock/Rampage_Elemental_original.FBX using Guid(0f1cb6c66773f83418d15e4f7f83ba2b) Importer(815301076,1909f56bfc062723c751e8b465ee728b) (PreviewImporter) -> (artifact id: 'dca9558d232fda52d033a8739c81552d') in 7.2933228 seconds
Number of updated asset objects reloaded before import = 0Number of asset objects unloaded after import = 418

========================================================================
Received Import Request.
  Time since last request: 78.178779 seconds.
  path: Assets/Materials/Enemigo2.mat
  artifactKey: Guid(974102b1f3ce06f4c9770ba5923b9493) Importer(815301076,1909f56bfc062723c751e8b465ee728b)
Start importing Assets/Materials/Enemigo2.mat using Guid(974102b1f3ce06f4c9770ba5923b9493) Importer(815301076,1909f56bfc062723c751e8b465ee728b) (PreviewImporter) -> (artifact id: '6c7c69a87412beffd9b0d0b9e47ec897') in 0.0290903 seconds
Number of updated asset objects reloaded before import = 0Number of asset objects unloaded after import = 1

========================================================================
Received Import Request.
  Time since last request: 0.000031 seconds.
  path: Assets/Art_Enemys/EnemyRock/textures/EnemyRock_Body 2.mat
  artifactKey: Guid(6b1332953ce314d45978fdacda1d5a65) Importer(815301076,1909f56bfc062723c751e8b465ee728b)
Start importing Assets/Art_Enemys/EnemyRock/textures/EnemyRock_Body 2.mat using Guid(6b1332953ce314d45978fdacda1d5a65) Importer(815301076,1909f56bfc062723c751e8b465ee728b) (PreviewImporter) -> (artifact id: '54bbc59009d12451a505d2ebbde1055b') in 0.0317767 seconds
Number of updated asset objects reloaded before import = 0Number of asset objects unloaded after import = 3

========================================================================
Received Import Request.
  Time since last request: 0.000029 seconds.
  path: Assets/prefabs/EnemySpawner.prefab
  artifactKey: Guid(afbbe582c91675e459d42e8ca47bff33) Importer(815301076,1909f56bfc062723c751e8b465ee728b)
Start importing Assets/prefabs/EnemySpawner.prefab using Guid(afbbe582c91675e459d42e8ca47bff33) Importer(815301076,1909f56bfc062723c751e8b465ee728b) (PreviewImporter) -> (artifact id: 'cf8dd10e9bd0334a8cdbb8a7819c4e46') in 0.0086209 seconds
Number of updated asset objects reloaded before import = 0Number of asset objects unloaded after import = 46

========================================================================
Received Import Request.
  Time since last request: 0.000039 seconds.
  path: Assets/Art_Enemys/EnemyRock/textures/EnemyRock_Body.mat
  artifactKey: Guid(82e22a6ab6763c74cb19b34fdcaf27ab) Importer(815301076,1909f56bfc062723c751e8b465ee728b)
Start importing Assets/Art_Enemys/EnemyRock/textures/EnemyRock_Body.mat using Guid(82e22a6ab6763c74cb19b34fdcaf27ab) Importer(815301076,1909f56bfc062723c751e8b465ee728b) (PreviewImporter) -> (artifact id: '3c762d86367b6a54c5dfdfa177fff41a') in 0.0271748 seconds
Number of updated asset objects reloaded before import = 0Number of asset objects unloaded after import = 3

========================================================================
Received Import Request.
  Time since last request: 0.000031 seconds.
  path: Assets/Art_Enemys/EnemyRock/textures/EnemyRock_Body 1.mat
  artifactKey: Guid(9c3264b0d5c19ae4a8e7828bca6e214b) Importer(815301076,1909f56bfc062723c751e8b465ee728b)
Start importing Assets/Art_Enemys/EnemyRock/textures/EnemyRock_Body 1.mat using Guid(9c3264b0d5c19ae4a8e7828bca6e214b) Importer(815301076,1909f56bfc062723c751e8b465ee728b) (PreviewImporter) -> (artifact id: 'aee0f342af434c3558d6c0357720e306') in 0.0298281 seconds
Number of updated asset objects reloaded before import = 0Number of asset objects unloaded after import = 3

========================================================================
Received Import Request.
  Time since last request: 0.000032 seconds.
  path: Assets/Art_Enemys/EnemyRock/textures/EnemyRock_Body 3.mat
  artifactKey: Guid(6510f75f6c3af3048b446b2f37921c30) Importer(815301076,1909f56bfc062723c751e8b465ee728b)
Start importing Assets/Art_Enemys/EnemyRock/textures/EnemyRock_Body 3.mat using Guid(6510f75f6c3af3048b446b2f37921c30) Importer(815301076,1909f56bfc062723c751e8b465ee728b) (PreviewImporter) -> (artifact id: 'efb39fd22b0e3465e3257d08976e96c2') in 0.0290811 seconds
Number of updated asset objects reloaded before import = 0Number of asset objects unloaded after import = 3

========================================================================
Received Import Request.
  Time since last request: 0.000035 seconds.
  path: Assets/Art_Textures/GrassFloor/EnemigoRango.mat
  artifactKey: Guid(46304d066a82a80448f8538496ef1b64) Importer(815301076,1909f56bfc062723c751e8b465ee728b)
Start importing Assets/Art_Textures/GrassFloor/EnemigoRango.mat using Guid(46304d066a82a80448f8538496ef1b64) Importer(815301076,1909f56bfc062723c751e8b465ee728b) (PreviewImporter) -> (artifact id: 'bab47d984deb8b527d3107087fb8051e') in 0.023991 seconds
Number of updated asset objects reloaded before import = 0Number of asset objects unloaded after import = 1

========================================================================
Received Import Request.
  Time since last request: 0.000042 seconds.
  path: Assets/prefabs/EnemigoRango.prefab
  artifactKey: Guid(6897608d85e9d7d49b4124bb74eaae06) Importer(815301076,1909f56bfc062723c751e8b465ee728b)
Start importing Assets/prefabs/EnemigoRango.prefab using Guid(6897608d85e9d7d49b4124bb74eaae06) Importer(815301076,1909f56bfc062723c751e8b465ee728b) (PreviewImporter) -> (artifact id: '57f5667ca5b35a153f6a78ac322c6f2b') in 0.0283392 seconds
Number of updated asset objects reloaded before import = 0Number of asset objects unloaded after import = 24

========================================================================
Received Import Request.
  Time since last request: 0.000030 seconds.
  path: Assets/prefabs/EnemyMarker.prefab
  artifactKey: Guid(fed8e8edb8e4eb243a290af0ca21e325) Importer(815301076,1909f56bfc062723c751e8b465ee728b)
Start importing Assets/prefabs/EnemyMarker.prefab using Guid(fed8e8edb8e4eb243a290af0ca21e325) Importer(815301076,1909f56bfc062723c751e8b465ee728b) (PreviewImporter) -> (artifact id: '425bb6d9c94ebec47b6e18ab1636d78c') in 0.0066339 seconds
Number of updated asset objects reloaded before import = 0Number of asset objects unloaded after import = 6

========================================================================
Received Import Request.
  Time since last request: 0.000031 seconds.
  path: Assets/prefabs/EnemyMap.prefab
  artifactKey: Guid(8fee621170334ec4b89960650a8cfca4) Importer(815301076,1909f56bfc062723c751e8b465ee728b)
Start importing Assets/prefabs/EnemyMap.prefab using Guid(8fee621170334ec4b89960650a8cfca4) Importer(815301076,1909f56bfc062723c751e8b465ee728b) (PreviewImporter) -> (artifact id: '27e766162b9fa670a13d6e60d5180650') in 0.0037318 seconds
Number of updated asset objects reloaded before import = 0Number of asset objects unloaded after import = 7

========================================================================
Received Import Request.
  Time since last request: 0.000031 seconds.
  path: Assets/Materials/EnemigoRango.mat
  artifactKey: Guid(b7c5f0c6e77ab364f99e3be17d40d653) Importer(815301076,1909f56bfc062723c751e8b465ee728b)
Start importing Assets/Materials/EnemigoRango.mat using Guid(b7c5f0c6e77ab364f99e3be17d40d653) Importer(815301076,1909f56bfc062723c751e8b465ee728b) (PreviewImporter) -> (artifact id: '49c1c26a2e27e2e052fa57c8d87751f7') in 0.0263373 seconds
Number of updated asset objects reloaded before import = 0Number of asset objects unloaded after import = 1

========================================================================
Received Import Request.
  Time since last request: 0.000043 seconds.
  path: Assets/Materials/EnemigoMelee.mat
  artifactKey: Guid(fc0a19a1e1240164fb1cf313fc94b107) Importer(815301076,1909f56bfc062723c751e8b465ee728b)
Start importing Assets/Materials/EnemigoMelee.mat using Guid(fc0a19a1e1240164fb1cf313fc94b107) Importer(815301076,1909f56bfc062723c751e8b465ee728b) (PreviewImporter) -> (artifact id: '032249960fc12314a50776988fb5715b') in 0.0266365 seconds
Number of updated asset objects reloaded before import = 0Number of asset objects unloaded after import = 1

Editor requested this worker to shutdown with reason: Scaling down because of idle timeout
AssetImportWorker is now disconnected from the server
Process exiting
Exiting without the bug reporter. Application will terminate with return code 0