Using pre-set license
Built from '6000.0/release' branch; Version is '6000.0.44f1 (101c91f3a8fb) revision 1055889'; Using compiler version '193933523'; Build Type 'Release'
OS: 'Windows 10  (10.0.19045) 64bit Core' Language: 'es' Physical Memory: 16315 MB
BatchMode: 1, IsHumanControllingUs: 0, StartBugReporterOnCrash: 0, Is64bit: 1, IsPro: 1

COMMAND LINE ARGUMENTS:
C:\Program Files\Unity\Hub\Editor\6000.0.44f1\Editor\Unity.exe
-adb2
-batchMode
-noUpm
-name
AssetImportWorker1
-projectPath
C:/Users/Alain Deleau/Desktop/Da Vinci/(Final Pendiente) Inteligencia Artificial 1/ElementsGame
-logFile
Logs/AssetImportWorker1.log
-srvPort
61910
-job-worker-count
5
-background-job-worker-count
8
-gc-helper-count
1
Successfully changed project path to: C:/Users/Alain Deleau/Desktop/Da Vinci/(Final Pendiente) Inteligencia Artificial 1/ElementsGame
C:/Users/Alain Deleau/Desktop/Da Vinci/(Final Pendiente) Inteligencia Artificial 1/ElementsGame
[UnityMemory] Configuration Parameters - Can be set up in boot.config
    "memorysetup-bucket-allocator-granularity=16"
    "memorysetup-bucket-allocator-bucket-count=8"
    "memorysetup-bucket-allocator-block-size=33554432"
    "memorysetup-bucket-allocator-block-count=8"
    "memorysetup-main-allocator-block-size=16777216"
    "memorysetup-thread-allocator-block-size=16777216"
    "memorysetup-gfx-main-allocator-block-size=16777216"
    "memorysetup-gfx-thread-allocator-block-size=16777216"
    "memorysetup-cache-allocator-block-size=4194304"
    "memorysetup-typetree-allocator-block-size=2097152"
    "memorysetup-profiler-bucket-allocator-granularity=16"
    "memorysetup-profiler-bucket-allocator-bucket-count=8"
    "memorysetup-profiler-bucket-allocator-block-size=33554432"
    "memorysetup-profiler-bucket-allocator-block-count=8"
    "memorysetup-profiler-allocator-block-size=16777216"
    "memorysetup-profiler-editor-allocator-block-size=1048576"
    "memorysetup-temp-allocator-size-main=16777216"
    "memorysetup-job-temp-allocator-block-size=2097152"
    "memorysetup-job-temp-allocator-block-size-background=1048576"
    "memorysetup-job-temp-allocator-reduction-small-platforms=262144"
    "memorysetup-allocator-temp-initial-block-size-main=262144"
    "memorysetup-allocator-temp-initial-block-size-worker=262144"
    "memorysetup-temp-allocator-size-background-worker=32768"
    "memorysetup-temp-allocator-size-job-worker=262144"
    "memorysetup-temp-allocator-size-preload-manager=33554432"
    "memorysetup-temp-allocator-size-nav-mesh-worker=65536"
    "memorysetup-temp-allocator-size-audio-worker=65536"
    "memorysetup-temp-allocator-size-cloud-worker=32768"
    "memorysetup-temp-allocator-size-gi-baking-worker=262144"
    "memorysetup-temp-allocator-size-gi-baking-worker=262144"
    "memorysetup-temp-allocator-size-gi-baking-worker=262144"
    "memorysetup-temp-allocator-size-gi-baking-worker=262144"
    "memorysetup-temp-allocator-size-gi-baking-worker=262144"
    "memorysetup-temp-allocator-size-gfx=262144"
Player connection [14236]  Target information:

Player connection [14236]  * "[IP] 192.168.0.5 [Port] 0 [Flags] 2 [Guid] 3194594454 [EditorId] 3194594454 [Version] 1048832 [Id] WindowsEditor(7,DESKTOP-NPM4VDT) [Debug] 1 [PackageName] WindowsEditor [ProjectName] Editor" 

Player connection [14236]  * "[IP] 172.16.0.2 [Port] 0 [Flags] 2 [Guid] 3194594454 [EditorId] 3194594454 [Version] 1048832 [Id] WindowsEditor(7,DESKTOP-NPM4VDT) [Debug] 1 [PackageName] WindowsEditor [ProjectName] Editor" 

Player connection [14236] Host joined multi-casting on [225.0.0.222:54997]...
Player connection [14236] Host joined alternative multi-casting on [225.0.0.222:34997]...
JobSystem: Creating JobQueue using job-worker-count value 5
Input System module state changed to: Initialized.
[Physics::Module] Initialized fallback backend.
[Physics::Module] Id: 0xdecafbad
Library Redirect Path: Library/
[Physics::Module] Selected backend.
[Physics::Module] Name: PhysX
[Physics::Module] Id: 0xf2b8ea05
[Physics::Module] SDK Version: 4.1.2
[Physics::Module] Integration Version: 1.0.0
[Physics::Module] Threading Mode: Multi-Threaded
Refreshing native plugins compatible for Editor in 17.79 ms, found 3 plugins.
Preloading 0 native plugins for Editor in 0.00 ms.
Initialize engine version: 6000.0.44f1 (101c91f3a8fb)
[Subsystems] Discovering subsystems at path C:/Program Files/Unity/Hub/Editor/6000.0.44f1/Editor/Data/Resources/UnitySubsystems
[Subsystems] Discovering subsystems at path C:/Users/Alain Deleau/Desktop/Da Vinci/(Final Pendiente) Inteligencia Artificial 1/ElementsGame/Assets
GfxDevice: creating device client; kGfxThreadingModeNonThreaded
Direct3D:
    Version:  Direct3D 11.0 [level 11.1]
    Renderer: NVIDIA GeForce RTX 2060 (ID=0x1f08)
    Vendor:   NVIDIA
    VRAM:     5954 MB
    Driver:   32.0.15.6094
Initialize mono
Mono path[0] = 'C:/Program Files/Unity/Hub/Editor/6000.0.44f1/Editor/Data/Managed'
Mono path[1] = 'C:/Program Files/Unity/Hub/Editor/6000.0.44f1/Editor/Data/MonoBleedingEdge/lib/mono/unityjit-win32'
Mono config path = 'C:/Program Files/Unity/Hub/Editor/6000.0.44f1/Editor/Data/MonoBleedingEdge/etc'
Using monoOptions --debugger-agent=transport=dt_socket,embedding=1,server=y,suspend=n,address=127.0.0.1:56416
Begin MonoManager ReloadAssembly
Registering precompiled unity dll's ...
Register platform support module: C:/Program Files/Unity/Hub/Editor/6000.0.44f1/Editor/Data/PlaybackEngines/WindowsStandaloneSupport/UnityEditor.WindowsStandalone.Extensions.dll
Registered in 0.010142 seconds.
- Loaded All Assemblies, in  1.181 seconds
Native extension for WindowsStandalone target not found
Mono: successfully reloaded assembly
- Finished resetting the current domain, in  0.835 seconds
Domain Reload Profiling: 1998ms
	BeginReloadAssembly (547ms)
		ExecutionOrderSort (0ms)
		DisableScriptedObjects (0ms)
		BackupInstance (0ms)
		ReleaseScriptingObjects (0ms)
		CreateAndSetChildDomain (2ms)
	RebuildCommonClasses (81ms)
	RebuildNativeTypeToScriptingClass (27ms)
	initialDomainReloadingComplete (128ms)
	LoadAllAssembliesAndSetupDomain (379ms)
		LoadAssemblies (539ms)
		RebuildTransferFunctionScriptingTraits (0ms)
		AnalyzeDomain (369ms)
			TypeCache.Refresh (366ms)
				TypeCache.ScanAssembly (333ms)
			BuildScriptInfoCaches (0ms)
			ResolveRequiredComponents (1ms)
	FinalizeReload (836ms)
		ReleaseScriptCaches (0ms)
		RebuildScriptCaches (0ms)
		SetupLoadedEditorAssemblies (732ms)
			LogAssemblyErrors (0ms)
			InitializePlatformSupportModulesInManaged (82ms)
			SetLoadedEditorAssemblies (10ms)
			BeforeProcessingInitializeOnLoad (140ms)
			ProcessInitializeOnLoadAttributes (372ms)
			ProcessInitializeOnLoadMethodAttributes (127ms)
			AfterProcessingInitializeOnLoad (0ms)
			EditorAssembliesLoaded (0ms)
		ExecutionOrderSort2 (0ms)
		AwakeInstancesAfterBackupRestoration (0ms)
========================================================================
Worker process is ready to serve import requests
Import Worker Mode flag is 0x00
Begin MonoManager ReloadAssembly
- Loaded All Assemblies, in  2.084 seconds
Refreshing native plugins compatible for Editor in 2.40 ms, found 3 plugins.
Native extension for WindowsStandalone target not found
Missing types referenced from component UniversalRenderPipelineGlobalSettings on game object UniversalRenderPipelineGlobalSettings:
	UnityEngine.Rendering.LightmapSamplingSettings, Unity.RenderPipelines.Core.Runtime (1 object)
	UnityEngine.Rendering.RenderingDebuggerRuntimeResources, Unity.RenderPipelines.Core.Runtime (1 object)
	UnityEngine.Rendering.Universal.ScreenSpaceAmbientOcclusionDynamicResources, Unity.RenderPipelines.Universal.Runtime (1 object)
	UnityEngine.Rendering.Universal.ScreenSpaceAmbientOcclusionPersistentResources, Unity.RenderPipelines.Universal.Runtime (1 object)
	UnityEngine.Rendering.VrsRenderPipelineRuntimeResources, Unity.RenderPipelines.Core.Runtime (1 object)
Mono: successfully reloaded assembly
- Finished resetting the current domain, in  1.867 seconds
Domain Reload Profiling: 3923ms
	BeginReloadAssembly (387ms)
		ExecutionOrderSort (0ms)
		DisableScriptedObjects (14ms)
		BackupInstance (0ms)
		ReleaseScriptingObjects (0ms)
		CreateAndSetChildDomain (60ms)
	RebuildCommonClasses (78ms)
	RebuildNativeTypeToScriptingClass (23ms)
	initialDomainReloadingComplete (85ms)
	LoadAllAssembliesAndSetupDomain (1482ms)
		LoadAssemblies (1189ms)
		RebuildTransferFunctionScriptingTraits (0ms)
		AnalyzeDomain (536ms)
			TypeCache.Refresh (375ms)
				TypeCache.ScanAssembly (347ms)
			BuildScriptInfoCaches (130ms)
			ResolveRequiredComponents (25ms)
	FinalizeReload (1868ms)
		ReleaseScriptCaches (0ms)
		RebuildScriptCaches (0ms)
		SetupLoadedEditorAssemblies (1535ms)
			LogAssemblyErrors (0ms)
			InitializePlatformSupportModulesInManaged (5ms)
			SetLoadedEditorAssemblies (10ms)
			BeforeProcessingInitializeOnLoad (325ms)
			ProcessInitializeOnLoadAttributes (863ms)
			ProcessInitializeOnLoadMethodAttributes (314ms)
			AfterProcessingInitializeOnLoad (18ms)
			EditorAssembliesLoaded (0ms)
		ExecutionOrderSort2 (0ms)
		AwakeInstancesAfterBackupRestoration (11ms)
Launched and connected shader compiler UnityShaderCompiler.exe after 0.03 seconds
Refreshing native plugins compatible for Editor in 3.66 ms, found 3 plugins.
Preloading 0 native plugins for Editor in 0.00 ms.
Unloading 216 Unused Serialized files (Serialized files now loaded: 0)
Unloading 6223 unused Assets / (3.7 MB). Loaded Objects now: 6926.
Memory consumption went from 164.9 MB to 161.2 MB.
Total: 19.210400 ms (FindLiveObjects: 1.477700 ms CreateObjectMapping: 1.726800 ms MarkObjects: 9.177800 ms  DeleteObjects: 6.826000 ms)

========================================================================
Received Import Request.
  Time since last request: 40907.661876 seconds.
  path: Assets/Art_Blocking/Prefab2.prefab
  artifactKey: Guid(b2e8947720769c84aaa94829bf7ff6a2) Importer(815301076,1909f56bfc062723c751e8b465ee728b)
Start importing Assets/Art_Blocking/Prefab2.prefab using Guid(b2e8947720769c84aaa94829bf7ff6a2) Importer(815301076,1909f56bfc062723c751e8b465ee728b) (PreviewImporter) -> (artifact id: '20654c156fa0882c73197e4a898b349f') in 7.4924128 seconds
Number of updated asset objects reloaded before import = 0Number of asset objects unloaded after import = 1746

========================================================================
Received Import Request.
  Time since last request: 0.000062 seconds.
  path: Assets/Art_Blocking/Prefab6.prefab
  artifactKey: Guid(e81b2384ee20ad648b7114553f9d75e7) Importer(815301076,1909f56bfc062723c751e8b465ee728b)
Start importing Assets/Art_Blocking/Prefab6.prefab using Guid(e81b2384ee20ad648b7114553f9d75e7) Importer(815301076,1909f56bfc062723c751e8b465ee728b) (PreviewImporter) -> (artifact id: '319918185d9dbbbaacf21e9a4820505a') in 0.1595238 seconds
Number of updated asset objects reloaded before import = 0Number of asset objects unloaded after import = 1803

========================================================================
Received Import Request.
  Time since last request: 0.000056 seconds.
  path: Assets/Art_Blocking/Prefab7.prefab
  artifactKey: Guid(3b309a707a69db44b884960451642106) Importer(815301076,1909f56bfc062723c751e8b465ee728b)
Start importing Assets/Art_Blocking/Prefab7.prefab using Guid(3b309a707a69db44b884960451642106) Importer(815301076,1909f56bfc062723c751e8b465ee728b) (PreviewImporter) -> (artifact id: 'e54759333738b88547ef418ad7c2d185') in 0.0874855 seconds
Number of updated asset objects reloaded before import = 0Number of asset objects unloaded after import = 506

========================================================================
Received Import Request.
  Time since last request: 17.123995 seconds.
  path: Assets/New Terrain.asset
  artifactKey: Guid(6186bce2193b76b4f902d54dda940fa4) Importer(815301076,1909f56bfc062723c751e8b465ee728b)
Start importing Assets/New Terrain.asset using Guid(6186bce2193b76b4f902d54dda940fa4) Importer(815301076,1909f56bfc062723c751e8b465ee728b) (PreviewImporter) -> (artifact id: '86e7cac002ad72b8086e9655797652c4') in 0.0093497 seconds
Number of updated asset objects reloaded before import = 0Number of asset objects unloaded after import = 1

========================================================================
Received Import Request.
  Time since last request: 0.000024 seconds.
  path: Assets/New Terrain 3.asset
  artifactKey: Guid(cfafb4c1598f9284fb945a9b467f3238) Importer(815301076,1909f56bfc062723c751e8b465ee728b)
Start importing Assets/New Terrain 3.asset using Guid(cfafb4c1598f9284fb945a9b467f3238) Importer(815301076,1909f56bfc062723c751e8b465ee728b) (PreviewImporter) -> (artifact id: '11ae5a3da5e62f4bae89cf3d0043a69c') in 0.0115573 seconds
Number of updated asset objects reloaded before import = 0Number of asset objects unloaded after import = 1

========================================================================
Received Import Request.
  Time since last request: 0.020590 seconds.
  path: Assets/Settings/Mobile_RPAsset.asset
  artifactKey: Guid(5e6cbd92db86f4b18aec3ed561671858) Importer(815301076,1909f56bfc062723c751e8b465ee728b)
Start importing Assets/Settings/Mobile_RPAsset.asset using Guid(5e6cbd92db86f4b18aec3ed561671858) Importer(815301076,1909f56bfc062723c751e8b465ee728b) (PreviewImporter) -> (artifact id: '48422a85c2c122c07104640ff3264d51') in 0.0063382 seconds
Number of updated asset objects reloaded before import = 0Number of asset objects unloaded after import = 2

========================================================================
Received Import Request.
  Time since last request: 0.000028 seconds.
  path: Assets/Settings
  artifactKey: Guid(709f11a7f3c4041caa4ef136ea32d874) Importer(815301076,1909f56bfc062723c751e8b465ee728b)
Start importing Assets/Settings using Guid(709f11a7f3c4041caa4ef136ea32d874) Importer(815301076,1909f56bfc062723c751e8b465ee728b) (PreviewImporter) -> (artifact id: '3daf5943cade026999cb2baf358ade14') in 0.0008703 seconds
Number of updated asset objects reloaded before import = 0Number of asset objects unloaded after import = 0

========================================================================
Received Import Request.
  Time since last request: 167.451744 seconds.
  path: Assets/Nivel1.unity
  artifactKey: Guid(66eb1810e9fb309439331c73f270ee85) Importer(815301076,1909f56bfc062723c751e8b465ee728b)
Start importing Assets/Nivel1.unity using Guid(66eb1810e9fb309439331c73f270ee85) Importer(815301076,1909f56bfc062723c751e8b465ee728b) (PreviewImporter) -> (artifact id: '543cb7fd8ade6c226d30d402132adce1') in 0.0008065 seconds
Number of updated asset objects reloaded before import = 0Number of asset objects unloaded after import = 0

========================================================================
Received Prepare
Begin MonoManager ReloadAssembly
- Loaded All Assemblies, in  1.256 seconds
Refreshing native plugins compatible for Editor in 2.05 ms, found 3 plugins.
Missing types referenced from component UniversalRenderPipelineGlobalSettings on game object UniversalRenderPipelineGlobalSettings:
	UnityEngine.Rendering.LightmapSamplingSettings, Unity.RenderPipelines.Core.Runtime (1 object)
	UnityEngine.Rendering.RenderingDebuggerRuntimeResources, Unity.RenderPipelines.Core.Runtime (1 object)
	UnityEngine.Rendering.Universal.ScreenSpaceAmbientOcclusionDynamicResources, Unity.RenderPipelines.Universal.Runtime (1 object)
	UnityEngine.Rendering.Universal.ScreenSpaceAmbientOcclusionPersistentResources, Unity.RenderPipelines.Universal.Runtime (1 object)
	UnityEngine.Rendering.VrsRenderPipelineRuntimeResources, Unity.RenderPipelines.Core.Runtime (1 object)
Native extension for WindowsStandalone target not found
Mono: successfully reloaded assembly
- Finished resetting the current domain, in  1.137 seconds
Domain Reload Profiling: 2383ms
	BeginReloadAssembly (343ms)
		ExecutionOrderSort (0ms)
		DisableScriptedObjects (36ms)
		BackupInstance (0ms)
		ReleaseScriptingObjects (0ms)
		CreateAndSetChildDomain (76ms)
	RebuildCommonClasses (61ms)
	RebuildNativeTypeToScriptingClass (20ms)
	initialDomainReloadingComplete (58ms)
	LoadAllAssembliesAndSetupDomain (764ms)
		LoadAssemblies (632ms)
		RebuildTransferFunctionScriptingTraits (0ms)
		AnalyzeDomain (283ms)
			TypeCache.Refresh (7ms)
				TypeCache.ScanAssembly (0ms)
			BuildScriptInfoCaches (253ms)
			ResolveRequiredComponents (18ms)
	FinalizeReload (1137ms)
		ReleaseScriptCaches (0ms)
		RebuildScriptCaches (0ms)
		SetupLoadedEditorAssemblies (801ms)
			LogAssemblyErrors (0ms)
			InitializePlatformSupportModulesInManaged (4ms)
			SetLoadedEditorAssemblies (8ms)
			BeforeProcessingInitializeOnLoad (178ms)
			ProcessInitializeOnLoadAttributes (508ms)
			ProcessInitializeOnLoadMethodAttributes (89ms)
			AfterProcessingInitializeOnLoad (13ms)
			EditorAssembliesLoaded (0ms)
		ExecutionOrderSort2 (0ms)
		AwakeInstancesAfterBackupRestoration (21ms)
Refreshing native plugins compatible for Editor in 2.10 ms, found 3 plugins.
Preloading 0 native plugins for Editor in 0.00 ms.
Unloading 25 Unused Serialized files (Serialized files now loaded: 0)
Unloading 6224 unused Assets / (3.9 MB). Loaded Objects now: 6979.
Memory consumption went from 156.9 MB to 153.0 MB.
Total: 11.423900 ms (FindLiveObjects: 1.203600 ms CreateObjectMapping: 1.618400 ms MarkObjects: 5.930900 ms  DeleteObjects: 2.669600 ms)

Prepare: number of updated asset objects reloaded= 0
========================================================================
Received Import Request.
  Time since last request: 1354.149129 seconds.
  path: Assets/Art_Character
  artifactKey: Guid(d500febb7006a7341ab587bfbf96609b) Importer(815301076,1909f56bfc062723c751e8b465ee728b)
Missing types referenced from component UniversalRenderPipelineGlobalSettings on game object UniversalRenderPipelineGlobalSettings:
	UnityEngine.Rendering.LightmapSamplingSettings, Unity.RenderPipelines.Core.Runtime (1 object)
	UnityEngine.Rendering.RenderingDebuggerRuntimeResources, Unity.RenderPipelines.Core.Runtime (1 object)
	UnityEngine.Rendering.Universal.ScreenSpaceAmbientOcclusionDynamicResources, Unity.RenderPipelines.Universal.Runtime (1 object)
	UnityEngine.Rendering.Universal.ScreenSpaceAmbientOcclusionPersistentResources, Unity.RenderPipelines.Universal.Runtime (1 object)
	UnityEngine.Rendering.VrsRenderPipelineRuntimeResources, Unity.RenderPipelines.Core.Runtime (1 object)
Start importing Assets/Art_Character using Guid(d500febb7006a7341ab587bfbf96609b) Importer(815301076,1909f56bfc062723c751e8b465ee728b) (PreviewImporter) -> (artifact id: '7ac5049c237e0436fdf80518c8a372ed') in 0.0081896 seconds
Number of updated asset objects reloaded before import = 2Number of asset objects unloaded after import = 0

========================================================================
Received Import Request.
  Time since last request: 0.000034 seconds.
  path: Assets/Art_Character/Ch16_1001_Glossiness.png
  artifactKey: Guid(a23a5018a87f9904183f58bd766ecf39) Importer(815301076,1909f56bfc062723c751e8b465ee728b)
Start importing Assets/Art_Character/Ch16_1001_Glossiness.png using Guid(a23a5018a87f9904183f58bd766ecf39) Importer(815301076,1909f56bfc062723c751e8b465ee728b) (PreviewImporter) -> (artifact id: '8e4827cc07a0febee77b4b6930c47109') in 0.1222115 seconds
Number of updated asset objects reloaded before import = 0Number of asset objects unloaded after import = 2

========================================================================
Received Import Request.
  Time since last request: 0.000030 seconds.
  path: Assets/Art_Character/Ch16_1002_Specular.png
  artifactKey: Guid(43f228811d96ba148b22ac5e3dbdde6b) Importer(815301076,1909f56bfc062723c751e8b465ee728b)
Start importing Assets/Art_Character/Ch16_1002_Specular.png using Guid(43f228811d96ba148b22ac5e3dbdde6b) Importer(815301076,1909f56bfc062723c751e8b465ee728b) (PreviewImporter) -> (artifact id: 'd20e6c9b96bd3df64b72eecbc86f7216') in 0.0257755 seconds
Number of updated asset objects reloaded before import = 0Number of asset objects unloaded after import = 2

========================================================================
Received Import Request.
  Time since last request: 0.000027 seconds.
  path: Assets/Art_Character/Ch16_1001_Specular.png
  artifactKey: Guid(7d903ba9074c9b44d87099ac9031c911) Importer(815301076,1909f56bfc062723c751e8b465ee728b)
Start importing Assets/Art_Character/Ch16_1001_Specular.png using Guid(7d903ba9074c9b44d87099ac9031c911) Importer(815301076,1909f56bfc062723c751e8b465ee728b) (PreviewImporter) -> (artifact id: 'dffb8b315f122f701a4795b5ee6362ad') in 0.0196506 seconds
Number of updated asset objects reloaded before import = 0Number of asset objects unloaded after import = 2

========================================================================
Received Import Request.
  Time since last request: 0.000027 seconds.
  path: Assets/Art_Character/Ch16_1001_Normal.png
  artifactKey: Guid(bc6e356d1e764734eb12dcd1da85dd5b) Importer(815301076,1909f56bfc062723c751e8b465ee728b)
Start importing Assets/Art_Character/Ch16_1001_Normal.png using Guid(bc6e356d1e764734eb12dcd1da85dd5b) Importer(815301076,1909f56bfc062723c751e8b465ee728b) (PreviewImporter) -> (artifact id: '7be05be73c8f75d68de9ada3b979747e') in 0.0379605 seconds
Number of updated asset objects reloaded before import = 0Number of asset objects unloaded after import = 2

========================================================================
Received Import Request.
  Time since last request: 0.000031 seconds.
  path: Assets/Art_Character/Ch16_1002_Diffuse.png
  artifactKey: Guid(6a73b27b247d6d949966bff680cd4428) Importer(815301076,1909f56bfc062723c751e8b465ee728b)
Start importing Assets/Art_Character/Ch16_1002_Diffuse.png using Guid(6a73b27b247d6d949966bff680cd4428) Importer(815301076,1909f56bfc062723c751e8b465ee728b) (PreviewImporter) -> (artifact id: 'f08f94619829d7932bfd8039d5ab7a85') in 0.0390413 seconds
Number of updated asset objects reloaded before import = 0Number of asset objects unloaded after import = 2

========================================================================
Received Import Request.
  Time since last request: 0.000029 seconds.
  path: Assets/Art_Character/Ch16_1002_Normal.png
  artifactKey: Guid(be84ffc1e47af3c428352e175ec3ae0b) Importer(815301076,1909f56bfc062723c751e8b465ee728b)
Start importing Assets/Art_Character/Ch16_1002_Normal.png using Guid(be84ffc1e47af3c428352e175ec3ae0b) Importer(815301076,1909f56bfc062723c751e8b465ee728b) (PreviewImporter) -> (artifact id: '7e3d7eced0a5e53e5ef305970e75578b') in 0.0497178 seconds
Number of updated asset objects reloaded before import = 0Number of asset objects unloaded after import = 2

========================================================================
Received Import Request.
  Time since last request: 0.828304 seconds.
  path: Assets/Art_Character/Animations
  artifactKey: Guid(f7eba181791a2d841974558281fcd9a7) Importer(815301076,1909f56bfc062723c751e8b465ee728b)
Start importing Assets/Art_Character/Animations using Guid(f7eba181791a2d841974558281fcd9a7) Importer(815301076,1909f56bfc062723c751e8b465ee728b) (PreviewImporter) -> (artifact id: 'f3f69f723a6c479a8c82a684cb6c1853') in 0.0015114 seconds
Number of updated asset objects reloaded before import = 0Number of asset objects unloaded after import = 0

========================================================================
Received Import Request.
  Time since last request: 0.000027 seconds.
  path: Assets/Art_Character/Animations/Player_Death.fbx
  artifactKey: Guid(286d2bd76dd7d514f89aadac17f07eb0) Importer(815301076,1909f56bfc062723c751e8b465ee728b)
Start importing Assets/Art_Character/Animations/Player_Death.fbx using Guid(286d2bd76dd7d514f89aadac17f07eb0) Importer(815301076,1909f56bfc062723c751e8b465ee728b) (PreviewImporter) -> (artifact id: 'd1bc870d9ea1a03c549db0a4e18b7022') in 0.0229876 seconds
Number of updated asset objects reloaded before import = 0Number of asset objects unloaded after import = 137

========================================================================
Received Import Request.
  Time since last request: 0.000038 seconds.
  path: Assets/Art_Character/Animations/Player_Run.fbx
  artifactKey: Guid(34ac258b7eb2e724fabc26d0aeace790) Importer(815301076,1909f56bfc062723c751e8b465ee728b)
Start importing Assets/Art_Character/Animations/Player_Run.fbx using Guid(34ac258b7eb2e724fabc26d0aeace790) Importer(815301076,1909f56bfc062723c751e8b465ee728b) (PreviewImporter) -> (artifact id: 'a391394e70c23e2229e2e5a2834b4487') in 0.010547 seconds
Number of updated asset objects reloaded before import = 0Number of asset objects unloaded after import = 137

========================================================================
Received Import Request.
  Time since last request: 0.000048 seconds.
  path: Assets/Art_Character/Animations/Player_Water_Shield.fbx
  artifactKey: Guid(64e8e71892168c0409abc2b56e8749eb) Importer(815301076,1909f56bfc062723c751e8b465ee728b)
Start importing Assets/Art_Character/Animations/Player_Water_Shield.fbx using Guid(64e8e71892168c0409abc2b56e8749eb) Importer(815301076,1909f56bfc062723c751e8b465ee728b) (PreviewImporter) -> (artifact id: 'f307fdebaf306f1e52df2aab0df1cd74') in 0.0103864 seconds
Number of updated asset objects reloaded before import = 0Number of asset objects unloaded after import = 137

========================================================================
Received Import Request.
  Time since last request: 0.000034 seconds.
  path: Assets/Art_Character/Animations/Player_Idle.fbx
  artifactKey: Guid(5f3acbb3074e3ff428398be1702945f5) Importer(815301076,1909f56bfc062723c751e8b465ee728b)
Start importing Assets/Art_Character/Animations/Player_Idle.fbx using Guid(5f3acbb3074e3ff428398be1702945f5) Importer(815301076,1909f56bfc062723c751e8b465ee728b) (PreviewImporter) -> (artifact id: '4684b9e459e786dffc61fdc6a035b4bb') in 0.0090079 seconds
Number of updated asset objects reloaded before import = 0Number of asset objects unloaded after import = 137

========================================================================
Received Import Request.
  Time since last request: 0.000027 seconds.
  path: Assets/Art_Character/Animations/Player_Fire_Attack1.fbx
  artifactKey: Guid(8e1e68cd77431e04984c29909327c25c) Importer(815301076,1909f56bfc062723c751e8b465ee728b)
Start importing Assets/Art_Character/Animations/Player_Fire_Attack1.fbx using Guid(8e1e68cd77431e04984c29909327c25c) Importer(815301076,1909f56bfc062723c751e8b465ee728b) (PreviewImporter) -> (artifact id: '05257756884c0298cf85122bf9a7b276') in 0.0091522 seconds
Number of updated asset objects reloaded before import = 0Number of asset objects unloaded after import = 137

========================================================================
Received Import Request.
  Time since last request: 0.000036 seconds.
  path: Assets/Art_Character/Animations/Player_Water_Attack.fbx
  artifactKey: Guid(e0573f260eec82649ab3e8e70b46b2d1) Importer(815301076,1909f56bfc062723c751e8b465ee728b)
Start importing Assets/Art_Character/Animations/Player_Water_Attack.fbx using Guid(e0573f260eec82649ab3e8e70b46b2d1) Importer(815301076,1909f56bfc062723c751e8b465ee728b) (PreviewImporter) -> (artifact id: '950da0d499015e6c35dba555a1196951') in 0.0083519 seconds
Number of updated asset objects reloaded before import = 0Number of asset objects unloaded after import = 137

========================================================================
Received Import Request.
  Time since last request: 0.000031 seconds.
  path: Assets/Art_Character/Animations/Player_Hitted.fbx
  artifactKey: Guid(c09c5d9ba371ca44bb687ab698183832) Importer(815301076,1909f56bfc062723c751e8b465ee728b)
Start importing Assets/Art_Character/Animations/Player_Hitted.fbx using Guid(c09c5d9ba371ca44bb687ab698183832) Importer(815301076,1909f56bfc062723c751e8b465ee728b) (PreviewImporter) -> (artifact id: 'ef0d50599cda55a4aee804fe1b6dc7c3') in 0.0085393 seconds
Number of updated asset objects reloaded before import = 0Number of asset objects unloaded after import = 137

========================================================================
Received Import Request.
  Time since last request: 0.000023 seconds.
  path: Assets/Art_Character/Animations/Player_Fire_Attack.fbx
  artifactKey: Guid(d6085fca2eeaff94c87f371d973f1550) Importer(815301076,1909f56bfc062723c751e8b465ee728b)
Start importing Assets/Art_Character/Animations/Player_Fire_Attack.fbx using Guid(d6085fca2eeaff94c87f371d973f1550) Importer(815301076,1909f56bfc062723c751e8b465ee728b) (PreviewImporter) -> (artifact id: '345aae5e96f38a24556b3f8162cea782') in 0.0093627 seconds
Number of updated asset objects reloaded before import = 0Number of asset objects unloaded after import = 137

========================================================================
Received Import Request.
  Time since last request: 1.992250 seconds.
  path: Assets/Art_Textures
  artifactKey: Guid(a8a84edf5c591e540a80348c36b43d95) Importer(815301076,1909f56bfc062723c751e8b465ee728b)
Start importing Assets/Art_Textures using Guid(a8a84edf5c591e540a80348c36b43d95) Importer(815301076,1909f56bfc062723c751e8b465ee728b) (PreviewImporter) -> (artifact id: 'e6457a240d88e7b59780fac05a1b756e') in 0.0009058 seconds
Number of updated asset objects reloaded before import = 0Number of asset objects unloaded after import = 0

========================================================================
Received Import Request.
  Time since last request: 9.014866 seconds.
  path: Assets/Art_Assets/SM_Floor_Canal 1.fbx
  artifactKey: Guid(7e06d0bd7f18e764881fc58d4b5400ed) Importer(815301076,1909f56bfc062723c751e8b465ee728b)
Start importing Assets/Art_Assets/SM_Floor_Canal 1.fbx using Guid(7e06d0bd7f18e764881fc58d4b5400ed) Importer(815301076,1909f56bfc062723c751e8b465ee728b) (PreviewImporter) -> (artifact id: 'c9766b5ecea5c6be64bbd5c3b24181f1') in 1.1401209 seconds
Number of updated asset objects reloaded before import = 0Number of asset objects unloaded after import = 8

========================================================================
Received Import Request.
  Time since last request: 15.925541 seconds.
  path: Assets/ui/pngtree-water-drop-icon-vector-isolated-png-image_5388754.png
  artifactKey: Guid(e4c4624b961b38b4ea7535dd575f263d) Importer(815301076,1909f56bfc062723c751e8b465ee728b)
Start importing Assets/ui/pngtree-water-drop-icon-vector-isolated-png-image_5388754.png using Guid(e4c4624b961b38b4ea7535dd575f263d) Importer(815301076,1909f56bfc062723c751e8b465ee728b) (PreviewImporter) -> (artifact id: '643a6283c8818bc5487ef391cd742c30') in 0.0466646 seconds
Number of updated asset objects reloaded before import = 0Number of asset objects unloaded after import = 3

========================================================================
Received Import Request.
  Time since last request: 0.000029 seconds.
  path: Assets/Art_Textures/SandFloor/Wall_cement_stylized_basecolor.png
  artifactKey: Guid(15fcbe32aa346f645bf22be5246c411a) Importer(815301076,1909f56bfc062723c751e8b465ee728b)
Start importing Assets/Art_Textures/SandFloor/Wall_cement_stylized_basecolor.png using Guid(15fcbe32aa346f645bf22be5246c411a) Importer(815301076,1909f56bfc062723c751e8b465ee728b) (PreviewImporter) -> (artifact id: '8b2574bd3649ee04e03afa7ed40f96c1') in 0.0399391 seconds
Number of updated asset objects reloaded before import = 0Number of asset objects unloaded after import = 2

========================================================================
Received Import Request.
  Time since last request: 0.000091 seconds.
  path: Assets/Escena/Texturas/WALL2.png
  artifactKey: Guid(f42aea912e08b6b4b9743f73981567df) Importer(815301076,1909f56bfc062723c751e8b465ee728b)
Start importing Assets/Escena/Texturas/WALL2.png using Guid(f42aea912e08b6b4b9743f73981567df) Importer(815301076,1909f56bfc062723c751e8b465ee728b) (PreviewImporter) -> (artifact id: 'e10cdf2ee2e9d7817b62357230b2d038') in 0.0323203 seconds
Number of updated asset objects reloaded before import = 0Number of asset objects unloaded after import = 2

========================================================================
Received Import Request.
  Time since last request: 0.000035 seconds.
  path: Assets/Art_Textures/SandFloor/Wall_cement_stylized_roughness.png
  artifactKey: Guid(eae2936ecde752043883c32e317cc00c) Importer(815301076,1909f56bfc062723c751e8b465ee728b)
Start importing Assets/Art_Textures/SandFloor/Wall_cement_stylized_roughness.png using Guid(eae2936ecde752043883c32e317cc00c) Importer(815301076,1909f56bfc062723c751e8b465ee728b) (PreviewImporter) -> (artifact id: '7bb72304e2038ba5433ceb34e7b5b490') in 0.0250654 seconds
Number of updated asset objects reloaded before import = 0Number of asset objects unloaded after import = 2

========================================================================
Received Import Request.
  Time since last request: 0.000036 seconds.
  path: Assets/Art_Textures/SandFloor/Wall_cement_stylized_normal.png
  artifactKey: Guid(ab12b48e911ca3b4a9c9fd991d9c4146) Importer(815301076,1909f56bfc062723c751e8b465ee728b)
Start importing Assets/Art_Textures/SandFloor/Wall_cement_stylized_normal.png using Guid(ab12b48e911ca3b4a9c9fd991d9c4146) Importer(815301076,1909f56bfc062723c751e8b465ee728b) (PreviewImporter) -> (artifact id: '1ee16afa970c3feb4a4a192299bb2604') in 0.0325357 seconds
Number of updated asset objects reloaded before import = 0Number of asset objects unloaded after import = 2

========================================================================
Received Import Request.
  Time since last request: 0.000042 seconds.
  path: Assets/Escena/Texturas/Materials/WALL2.mat
  artifactKey: Guid(ad95a0b19891dd84cb5fc5c7ffe216de) Importer(815301076,1909f56bfc062723c751e8b465ee728b)
Start importing Assets/Escena/Texturas/Materials/WALL2.mat using Guid(ad95a0b19891dd84cb5fc5c7ffe216de) Importer(815301076,1909f56bfc062723c751e8b465ee728b) (PreviewImporter) -> (artifact id: '127741656303bacf7dffdadf1901a31f') in 0.0331917 seconds
Number of updated asset objects reloaded before import = 0Number of asset objects unloaded after import = 2

========================================================================
Received Import Request.
  Time since last request: 0.345595 seconds.
  path: Assets/Art_Efects/Agua.mat
  artifactKey: Guid(b06955aa318af7f4e829ef6364161062) Importer(815301076,1909f56bfc062723c751e8b465ee728b)
Start importing Assets/Art_Efects/Agua.mat using Guid(b06955aa318af7f4e829ef6364161062) Importer(815301076,1909f56bfc062723c751e8b465ee728b) (PreviewImporter) -> (artifact id: '30589aced5f7c7d319b88dc2c9ba8a62') in 6.5282274 seconds
Number of updated asset objects reloaded before import = 0Number of asset objects unloaded after import = 8

========================================================================
Received Import Request.
  Time since last request: 0.000082 seconds.
  path: Assets/Art_Efects/AguaFondo.mat
  artifactKey: Guid(7a502e723d544a143a5878a8d3edf4f4) Importer(815301076,1909f56bfc062723c751e8b465ee728b)
Start importing Assets/Art_Efects/AguaFondo.mat using Guid(7a502e723d544a143a5878a8d3edf4f4) Importer(815301076,1909f56bfc062723c751e8b465ee728b) (PreviewImporter) -> (artifact id: '0f757aad126630f647af33ced9c3d644') in 0.0307466 seconds
Number of updated asset objects reloaded before import = 0Number of asset objects unloaded after import = 1

========================================================================
Received Import Request.
  Time since last request: 0.000038 seconds.
  path: Assets/Art_UI/UI_VidaYMana/Marco_Vida_Agua.png
  artifactKey: Guid(9bd55d6afc643d345ba716736a97fd77) Importer(815301076,1909f56bfc062723c751e8b465ee728b)
Start importing Assets/Art_UI/UI_VidaYMana/Marco_Vida_Agua.png using Guid(9bd55d6afc643d345ba716736a97fd77) Importer(815301076,1909f56bfc062723c751e8b465ee728b) (PreviewImporter) -> (artifact id: 'b0165449d4d14a7724180fcd2ea154c6') in 0.0600398 seconds
Number of updated asset objects reloaded before import = 0Number of asset objects unloaded after import = 3

========================================================================
Received Import Request.
  Time since last request: 0.000048 seconds.
  path: Assets/Art_UI/UI_Iconos/icono agua.jpeg
  artifactKey: Guid(adc82967f2678964ca724d988e93e647) Importer(815301076,1909f56bfc062723c751e8b465ee728b)
Start importing Assets/Art_UI/UI_Iconos/icono agua.jpeg using Guid(adc82967f2678964ca724d988e93e647) Importer(815301076,1909f56bfc062723c751e8b465ee728b) (PreviewImporter) -> (artifact id: '60a8deb53f40da5e9575a2f850de2ee0') in 0.0398538 seconds
Number of updated asset objects reloaded before import = 0Number of asset objects unloaded after import = 3

========================================================================
Received Import Request.
  Time since last request: 0.000048 seconds.
  path: Assets/Art_UI/UI_VidaYMana/Agua_MarcoVida.png
  artifactKey: Guid(3eb8599b4597807479ab39a8642043e9) Importer(815301076,1909f56bfc062723c751e8b465ee728b)
Start importing Assets/Art_UI/UI_VidaYMana/Agua_MarcoVida.png using Guid(3eb8599b4597807479ab39a8642043e9) Importer(815301076,1909f56bfc062723c751e8b465ee728b) (PreviewImporter) -> (artifact id: '6b8eb33e870af1d9a39c94fec053f628') in 0.0504873 seconds
Number of updated asset objects reloaded before import = 0Number of asset objects unloaded after import = 3

========================================================================
Received Import Request.
  Time since last request: 0.000109 seconds.
  path: Assets/Art_Efects/Agua.shadergraph
  artifactKey: Guid(e91cd005051a557458542c947adb9251) Importer(815301076,1909f56bfc062723c751e8b465ee728b)
Start importing Assets/Art_Efects/Agua.shadergraph using Guid(e91cd005051a557458542c947adb9251) Importer(815301076,1909f56bfc062723c751e8b465ee728b) (PreviewImporter) -> (artifact id: '03eb6593601fd15a70c399880c8a49ec') in 0.048482 seconds
Number of updated asset objects reloaded before import = 0Number of asset objects unloaded after import = 7

========================================================================
Received Import Request.
  Time since last request: 0.000034 seconds.
  path: Assets/Art_UI/UI_VidaYMana/Agua_Vida.png
  artifactKey: Guid(74cd6f27f7124044384a3dd34039118d) Importer(815301076,1909f56bfc062723c751e8b465ee728b)
Start importing Assets/Art_UI/UI_VidaYMana/Agua_Vida.png using Guid(74cd6f27f7124044384a3dd34039118d) Importer(815301076,1909f56bfc062723c751e8b465ee728b) (PreviewImporter) -> (artifact id: 'eaeac036dc40fcc1e593001d1aec9971') in 0.044176 seconds
Number of updated asset objects reloaded before import = 0Number of asset objects unloaded after import = 3

========================================================================
Received Import Request.
  Time since last request: 0.000052 seconds.
  path: Assets/Art_UI/UI_VidaYMana/Marco_MiniMapa_Agua.png
  artifactKey: Guid(36a1a0e9d1c0d2742aa7d28b61317a8f) Importer(815301076,1909f56bfc062723c751e8b465ee728b)
Start importing Assets/Art_UI/UI_VidaYMana/Marco_MiniMapa_Agua.png using Guid(36a1a0e9d1c0d2742aa7d28b61317a8f) Importer(815301076,1909f56bfc062723c751e8b465ee728b) (PreviewImporter) -> (artifact id: '100f2394e03a167f450b3707f1e40339') in 0.0470426 seconds
Number of updated asset objects reloaded before import = 0Number of asset objects unloaded after import = 3

========================================================================
Received Import Request.
  Time since last request: 0.000067 seconds.
  path: Assets/prefabs/EscudoAgua.mat
  artifactKey: Guid(bc6bd0d1880903c4ab402f1bc2d081ba) Importer(815301076,1909f56bfc062723c751e8b465ee728b)
Start importing Assets/prefabs/EscudoAgua.mat using Guid(bc6bd0d1880903c4ab402f1bc2d081ba) Importer(815301076,1909f56bfc062723c751e8b465ee728b) (PreviewImporter) -> (artifact id: '2432e5f046048a11bc2f8d3604508822') in 5.6353354 seconds
Number of updated asset objects reloaded before import = 0Number of asset objects unloaded after import = 1

========================================================================
Received Import Request.
  Time since last request: 0.000051 seconds.
  path: Assets/Art_Efects/WhatsApp Image 2025-09-24 at 23.40.07.jpeg
  artifactKey: Guid(993165a5ffbd3634fb8783e78cfc0b15) Importer(815301076,1909f56bfc062723c751e8b465ee728b)
Start importing Assets/Art_Efects/WhatsApp Image 2025-09-24 at 23.40.07.jpeg using Guid(993165a5ffbd3634fb8783e78cfc0b15) Importer(815301076,1909f56bfc062723c751e8b465ee728b) (PreviewImporter) -> (artifact id: 'ffe3ead1d7a29a59a33fe1338c485ff3') in 0.0315973 seconds
Number of updated asset objects reloaded before import = 0Number of asset objects unloaded after import = 2

========================================================================
Received Import Request.
  Time since last request: 0.000050 seconds.
  path: Assets/Art_Efects/66476.png
  artifactKey: Guid(f937ff1c6fda86c42b68391fe46ebc3d) Importer(815301076,1909f56bfc062723c751e8b465ee728b)
Start importing Assets/Art_Efects/66476.png using Guid(f937ff1c6fda86c42b68391fe46ebc3d) Importer(815301076,1909f56bfc062723c751e8b465ee728b) (PreviewImporter) -> (artifact id: 'fa25b00309729412dac2d5a58ce5b7e7') in 0.0329847 seconds
Number of updated asset objects reloaded before import = 0Number of asset objects unloaded after import = 2

========================================================================
Received Import Request.
  Time since last request: 0.000047 seconds.
  path: Assets/Art_Efects/M_FuegoRopa.mat
  artifactKey: Guid(997942abaebaf654c95d0261bb202ce5) Importer(815301076,1909f56bfc062723c751e8b465ee728b)
Start importing Assets/Art_Efects/M_FuegoRopa.mat using Guid(997942abaebaf654c95d0261bb202ce5) Importer(815301076,1909f56bfc062723c751e8b465ee728b) (PreviewImporter) -> (artifact id: '9ca0a208e3af3c70dacc3c2ea5aa27ee') in 6.8449304 seconds
Number of updated asset objects reloaded before import = 0Number of asset objects unloaded after import = 10

========================================================================
Received Prepare
Begin MonoManager ReloadAssembly
- Loaded All Assemblies, in  1.353 seconds
Refreshing native plugins compatible for Editor in 2.92 ms, found 3 plugins.
Missing types referenced from component UniversalRenderPipelineGlobalSettings on game object UniversalRenderPipelineGlobalSettings:
	UnityEngine.Rendering.LightmapSamplingSettings, Unity.RenderPipelines.Core.Runtime (1 object)
	UnityEngine.Rendering.RenderingDebuggerRuntimeResources, Unity.RenderPipelines.Core.Runtime (1 object)
	UnityEngine.Rendering.Universal.ScreenSpaceAmbientOcclusionDynamicResources, Unity.RenderPipelines.Universal.Runtime (1 object)
	UnityEngine.Rendering.Universal.ScreenSpaceAmbientOcclusionPersistentResources, Unity.RenderPipelines.Universal.Runtime (1 object)
	UnityEngine.Rendering.VrsRenderPipelineRuntimeResources, Unity.RenderPipelines.Core.Runtime (1 object)
Native extension for WindowsStandalone target not found
Mono: successfully reloaded assembly
- Finished resetting the current domain, in  1.239 seconds
Domain Reload Profiling: 2582ms
	BeginReloadAssembly (357ms)
		ExecutionOrderSort (0ms)
		DisableScriptedObjects (30ms)
		BackupInstance (0ms)
		ReleaseScriptingObjects (0ms)
		CreateAndSetChildDomain (83ms)
	RebuildCommonClasses (63ms)
	RebuildNativeTypeToScriptingClass (22ms)
	initialDomainReloadingComplete (52ms)
	LoadAllAssembliesAndSetupDomain (848ms)
		LoadAssemblies (685ms)
		RebuildTransferFunctionScriptingTraits (0ms)
		AnalyzeDomain (330ms)
			TypeCache.Refresh (9ms)
				TypeCache.ScanAssembly (0ms)
			BuildScriptInfoCaches (298ms)
			ResolveRequiredComponents (18ms)
	FinalizeReload (1240ms)
		ReleaseScriptCaches (0ms)
		RebuildScriptCaches (0ms)
		SetupLoadedEditorAssemblies (917ms)
			LogAssemblyErrors (0ms)
			InitializePlatformSupportModulesInManaged (4ms)
			SetLoadedEditorAssemblies (9ms)
			BeforeProcessingInitializeOnLoad (232ms)
			ProcessInitializeOnLoadAttributes (565ms)
			ProcessInitializeOnLoadMethodAttributes (93ms)
			AfterProcessingInitializeOnLoad (15ms)
			EditorAssembliesLoaded (0ms)
		ExecutionOrderSort2 (0ms)
		AwakeInstancesAfterBackupRestoration (27ms)
Refreshing native plugins compatible for Editor in 3.54 ms, found 3 plugins.
Preloading 0 native plugins for Editor in 0.00 ms.
Unloading 17 Unused Serialized files (Serialized files now loaded: 0)
Unloading 6222 unused Assets / (4.8 MB). Loaded Objects now: 7049.
Memory consumption went from 161.1 MB to 156.3 MB.
Total: 21.529500 ms (FindLiveObjects: 1.208500 ms CreateObjectMapping: 1.613500 ms MarkObjects: 10.618600 ms  DeleteObjects: 8.087300 ms)

Prepare: number of updated asset objects reloaded= 0
========================================================================
Received Prepare
Begin MonoManager ReloadAssembly
- Loaded All Assemblies, in  1.194 seconds
Refreshing native plugins compatible for Editor in 2.09 ms, found 3 plugins.
Missing types referenced from component UniversalRenderPipelineGlobalSettings on game object UniversalRenderPipelineGlobalSettings:
	UnityEngine.Rendering.LightmapSamplingSettings, Unity.RenderPipelines.Core.Runtime (1 object)
	UnityEngine.Rendering.RenderingDebuggerRuntimeResources, Unity.RenderPipelines.Core.Runtime (1 object)
	UnityEngine.Rendering.Universal.ScreenSpaceAmbientOcclusionDynamicResources, Unity.RenderPipelines.Universal.Runtime (1 object)
	UnityEngine.Rendering.Universal.ScreenSpaceAmbientOcclusionPersistentResources, Unity.RenderPipelines.Universal.Runtime (1 object)
	UnityEngine.Rendering.VrsRenderPipelineRuntimeResources, Unity.RenderPipelines.Core.Runtime (1 object)
Native extension for WindowsStandalone target not found
Mono: successfully reloaded assembly
- Finished resetting the current domain, in  1.563 seconds
Domain Reload Profiling: 2748ms
	BeginReloadAssembly (309ms)
		ExecutionOrderSort (0ms)
		DisableScriptedObjects (13ms)
		BackupInstance (0ms)
		ReleaseScriptingObjects (0ms)
		CreateAndSetChildDomain (64ms)
	RebuildCommonClasses (57ms)
	RebuildNativeTypeToScriptingClass (19ms)
	initialDomainReloadingComplete (47ms)
	LoadAllAssembliesAndSetupDomain (752ms)
		LoadAssemblies (598ms)
		RebuildTransferFunctionScriptingTraits (0ms)
		AnalyzeDomain (308ms)
			TypeCache.Refresh (8ms)
				TypeCache.ScanAssembly (0ms)
			BuildScriptInfoCaches (270ms)
			ResolveRequiredComponents (26ms)
	FinalizeReload (1564ms)
		ReleaseScriptCaches (0ms)
		RebuildScriptCaches (0ms)
		SetupLoadedEditorAssemblies (1101ms)
			LogAssemblyErrors (0ms)
			InitializePlatformSupportModulesInManaged (4ms)
			SetLoadedEditorAssemblies (9ms)
			BeforeProcessingInitializeOnLoad (264ms)
			ProcessInitializeOnLoadAttributes (682ms)
			ProcessInitializeOnLoadMethodAttributes (120ms)
			AfterProcessingInitializeOnLoad (22ms)
			EditorAssembliesLoaded (1ms)
		ExecutionOrderSort2 (0ms)
		AwakeInstancesAfterBackupRestoration (135ms)
Refreshing native plugins compatible for Editor in 3.00 ms, found 3 plugins.
Preloading 0 native plugins for Editor in 0.00 ms.
Unloading 15 Unused Serialized files (Serialized files now loaded: 0)
Unloading 6221 unused Assets / (4.6 MB). Loaded Objects now: 7051.
Memory consumption went from 160.5 MB to 155.9 MB.
Total: 17.862000 ms (FindLiveObjects: 1.172100 ms CreateObjectMapping: 1.858200 ms MarkObjects: 8.939100 ms  DeleteObjects: 5.890700 ms)

Prepare: number of updated asset objects reloaded= 0
========================================================================
Received Import Request.
  Time since last request: 383.752658 seconds.
  path: Assets/Art_Assets/Rocas/stylized_rock_02.fbx
  artifactKey: Guid(9db089039b14cd144905dcefc1904187) Importer(815301076,1909f56bfc062723c751e8b465ee728b)
Start importing Assets/Art_Assets/Rocas/stylized_rock_02.fbx using Guid(9db089039b14cd144905dcefc1904187) Importer(815301076,1909f56bfc062723c751e8b465ee728b) (PreviewImporter) -> (artifact id: '90418a8312ec7264f796205ea6a4c718') in 1.0524715 seconds
Number of updated asset objects reloaded before import = 0Number of asset objects unloaded after import = 9

========================================================================
Received Import Request.
  Time since last request: 0.000112 seconds.
  path: Assets/Art_Assets/Rocas/stylized_rock_25.fbx
  artifactKey: Guid(5477ec72908e6ac4cbe34b2d3207585e) Importer(815301076,1909f56bfc062723c751e8b465ee728b)
Start importing Assets/Art_Assets/Rocas/stylized_rock_25.fbx using Guid(5477ec72908e6ac4cbe34b2d3207585e) Importer(815301076,1909f56bfc062723c751e8b465ee728b) (PreviewImporter) -> (artifact id: '60edf008a3aaf054b74d2ff5a4608dd7') in 0.0742053 seconds
Number of updated asset objects reloaded before import = 0Number of asset objects unloaded after import = 9

========================================================================
Received Import Request.
  Time since last request: 0.000083 seconds.
  path: Assets/Art_Assets/Rocas/stylized_rock_14.fbx
  artifactKey: Guid(12278e7a27cdea0458ee344135cf96c1) Importer(815301076,1909f56bfc062723c751e8b465ee728b)
Start importing Assets/Art_Assets/Rocas/stylized_rock_14.fbx using Guid(12278e7a27cdea0458ee344135cf96c1) Importer(815301076,1909f56bfc062723c751e8b465ee728b) (PreviewImporter) -> (artifact id: '318f00850787e7d0386aa7d092afb6e2') in 0.1329209 seconds
Number of updated asset objects reloaded before import = 0Number of asset objects unloaded after import = 9

========================================================================
Received Import Request.
  Time since last request: 0.000035 seconds.
  path: Assets/Art_Assets/Rocas/stylized_rock_69.fbx
  artifactKey: Guid(c15f69641ac24de4fa6ac17c55f39355) Importer(815301076,1909f56bfc062723c751e8b465ee728b)
Start importing Assets/Art_Assets/Rocas/stylized_rock_69.fbx using Guid(c15f69641ac24de4fa6ac17c55f39355) Importer(815301076,1909f56bfc062723c751e8b465ee728b) (PreviewImporter) -> (artifact id: '98f45318dcaae84603e77c8031bcf154') in 0.0459901 seconds
Number of updated asset objects reloaded before import = 0Number of asset objects unloaded after import = 9

========================================================================
Received Import Request.
  Time since last request: 0.000058 seconds.
  path: Assets/Art_Assets/Rocas/stylized_rock_29.fbx
  artifactKey: Guid(ef90f824d65c1054aa4948c33e504481) Importer(815301076,1909f56bfc062723c751e8b465ee728b)
Start importing Assets/Art_Assets/Rocas/stylized_rock_29.fbx using Guid(ef90f824d65c1054aa4948c33e504481) Importer(815301076,1909f56bfc062723c751e8b465ee728b) (PreviewImporter) -> (artifact id: '650bda39fc785996649cb4d3c72c14bd') in 0.0480726 seconds
Number of updated asset objects reloaded before import = 0Number of asset objects unloaded after import = 9

========================================================================
Received Import Request.
  Time since last request: 0.000043 seconds.
  path: Assets/Art_Assets/Rocas/stylized_rock_16.fbx
  artifactKey: Guid(c68ffd04d71581043a1a6b4dffa7e231) Importer(815301076,1909f56bfc062723c751e8b465ee728b)
Start importing Assets/Art_Assets/Rocas/stylized_rock_16.fbx using Guid(c68ffd04d71581043a1a6b4dffa7e231) Importer(815301076,1909f56bfc062723c751e8b465ee728b) (PreviewImporter) -> (artifact id: '258851c6f49f5e558e153e34a4e31899') in 0.0569051 seconds
Number of updated asset objects reloaded before import = 0Number of asset objects unloaded after import = 9

========================================================================
Received Import Request.
  Time since last request: 0.000037 seconds.
  path: Assets/Art_Assets/Rocas/stylized_rock_28.fbx
  artifactKey: Guid(1c7aa500c25c7ac4f8ace225b19a7e3f) Importer(815301076,1909f56bfc062723c751e8b465ee728b)
Start importing Assets/Art_Assets/Rocas/stylized_rock_28.fbx using Guid(1c7aa500c25c7ac4f8ace225b19a7e3f) Importer(815301076,1909f56bfc062723c751e8b465ee728b) (PreviewImporter) -> (artifact id: 'fc1a43e803cfd77d090b256e6be98841') in 0.0523411 seconds
Number of updated asset objects reloaded before import = 0Number of asset objects unloaded after import = 9

========================================================================
Received Import Request.
  Time since last request: 0.000047 seconds.
  path: Assets/Art_Assets/Rocas/stylized_rock_64.fbx
  artifactKey: Guid(f51216eafa2076c4c8823112cc7923da) Importer(815301076,1909f56bfc062723c751e8b465ee728b)
Start importing Assets/Art_Assets/Rocas/stylized_rock_64.fbx using Guid(f51216eafa2076c4c8823112cc7923da) Importer(815301076,1909f56bfc062723c751e8b465ee728b) (PreviewImporter) -> (artifact id: '7660618d1fd73320e737f001b690db57') in 0.0487761 seconds
Number of updated asset objects reloaded before import = 0Number of asset objects unloaded after import = 9

========================================================================
Received Import Request.
  Time since last request: 0.000036 seconds.
  path: Assets/Art_Assets/Rocas/stylized_rock_70.fbx
  artifactKey: Guid(d6416abf237cd0c4b9b30965aeacc9be) Importer(815301076,1909f56bfc062723c751e8b465ee728b)
Start importing Assets/Art_Assets/Rocas/stylized_rock_70.fbx using Guid(d6416abf237cd0c4b9b30965aeacc9be) Importer(815301076,1909f56bfc062723c751e8b465ee728b) (PreviewImporter) -> (artifact id: 'fa947f63ffe532dcd15d9909e3c0c7c3') in 0.0526472 seconds
Number of updated asset objects reloaded before import = 0Number of asset objects unloaded after import = 9

========================================================================
Received Import Request.
  Time since last request: 0.000030 seconds.
  path: Assets/Art_Assets/Rocas/stylized_rock_10.fbx
  artifactKey: Guid(45e2768954669d845a87249ef43d188e) Importer(815301076,1909f56bfc062723c751e8b465ee728b)
Start importing Assets/Art_Assets/Rocas/stylized_rock_10.fbx using Guid(45e2768954669d845a87249ef43d188e) Importer(815301076,1909f56bfc062723c751e8b465ee728b) (PreviewImporter) -> (artifact id: '93e85cab5135e27d182b148eed1179af') in 0.0628119 seconds
Number of updated asset objects reloaded before import = 0Number of asset objects unloaded after import = 9

========================================================================
Received Import Request.
  Time since last request: 0.000051 seconds.
  path: Assets/Art_Assets/Rocas/stylized_rock_23.fbx
  artifactKey: Guid(97dd437f1e2a9704c9fa21e2c3cfb7dc) Importer(815301076,1909f56bfc062723c751e8b465ee728b)
Start importing Assets/Art_Assets/Rocas/stylized_rock_23.fbx using Guid(97dd437f1e2a9704c9fa21e2c3cfb7dc) Importer(815301076,1909f56bfc062723c751e8b465ee728b) (PreviewImporter) -> (artifact id: 'f33a8695db798c925d77cedb45034da8') in 0.0670636 seconds
Number of updated asset objects reloaded before import = 0Number of asset objects unloaded after import = 9

========================================================================
Received Import Request.
  Time since last request: 0.000034 seconds.
  path: Assets/Art_Assets/Rocas/stylized_rock_63.fbx
  artifactKey: Guid(aeaa3f945071a0a44be70a39ed0942dd) Importer(815301076,1909f56bfc062723c751e8b465ee728b)
Start importing Assets/Art_Assets/Rocas/stylized_rock_63.fbx using Guid(aeaa3f945071a0a44be70a39ed0942dd) Importer(815301076,1909f56bfc062723c751e8b465ee728b) (PreviewImporter) -> (artifact id: '83ebc4c4002ee987066b7f4e560cf2e3') in 0.0530931 seconds
Number of updated asset objects reloaded before import = 0Number of asset objects unloaded after import = 9

========================================================================
Received Import Request.
  Time since last request: 0.000030 seconds.
  path: Assets/Art_Assets/Rocas/stylized_rock_18.fbx
  artifactKey: Guid(91633ccb170c1684ca7d085699ef953d) Importer(815301076,1909f56bfc062723c751e8b465ee728b)
Start importing Assets/Art_Assets/Rocas/stylized_rock_18.fbx using Guid(91633ccb170c1684ca7d085699ef953d) Importer(815301076,1909f56bfc062723c751e8b465ee728b) (PreviewImporter) -> (artifact id: '45bb433771fb49093763a8627217c683') in 0.0518194 seconds
Number of updated asset objects reloaded before import = 0Number of asset objects unloaded after import = 9

========================================================================
Received Import Request.
  Time since last request: 0.000042 seconds.
  path: Assets/Art_Assets/Rocas/stylized_rock_11.fbx
  artifactKey: Guid(dba6c4560f4743747ad0555d85934514) Importer(815301076,1909f56bfc062723c751e8b465ee728b)
Start importing Assets/Art_Assets/Rocas/stylized_rock_11.fbx using Guid(dba6c4560f4743747ad0555d85934514) Importer(815301076,1909f56bfc062723c751e8b465ee728b) (PreviewImporter) -> (artifact id: '19f03d82e8048d12d98105df4a6fed35') in 0.046932 seconds
Number of updated asset objects reloaded before import = 0Number of asset objects unloaded after import = 9

========================================================================
Received Import Request.
  Time since last request: 0.000036 seconds.
  path: Assets/Art_Assets/Rocas/stylized_rock_03.fbx
  artifactKey: Guid(b33eb0196e70da541841b70176004c2b) Importer(815301076,1909f56bfc062723c751e8b465ee728b)
Start importing Assets/Art_Assets/Rocas/stylized_rock_03.fbx using Guid(b33eb0196e70da541841b70176004c2b) Importer(815301076,1909f56bfc062723c751e8b465ee728b) (PreviewImporter) -> (artifact id: 'e9c0a75a289f3dd8e83fd70572e7c7fe') in 0.0503406 seconds
Number of updated asset objects reloaded before import = 0Number of asset objects unloaded after import = 9

========================================================================
Received Import Request.
  Time since last request: 0.000032 seconds.
  path: Assets/Art_Assets/Rocas/stylized_rock_24.fbx
  artifactKey: Guid(bcc2b5aabba529d47a5b569f3e755913) Importer(815301076,1909f56bfc062723c751e8b465ee728b)
Start importing Assets/Art_Assets/Rocas/stylized_rock_24.fbx using Guid(bcc2b5aabba529d47a5b569f3e755913) Importer(815301076,1909f56bfc062723c751e8b465ee728b) (PreviewImporter) -> (artifact id: '9f036b617939a7b89bce7e1cda6687fe') in 0.0439362 seconds
Number of updated asset objects reloaded before import = 0Number of asset objects unloaded after import = 9

========================================================================
Received Import Request.
  Time since last request: 0.454345 seconds.
  path: Assets/prefabs/Enemigo.prefab
  artifactKey: Guid(b313a87c6cd54aa4087bb135a8ef4ea1) Importer(815301076,1909f56bfc062723c751e8b465ee728b)
Start importing Assets/prefabs/Enemigo.prefab using Guid(b313a87c6cd54aa4087bb135a8ef4ea1) Importer(815301076,1909f56bfc062723c751e8b465ee728b) (PreviewImporter) -> (artifact id: '452707ba2f922a9413fbd43e75916558') in 6.3042344 seconds
Number of updated asset objects reloaded before import = 0Number of asset objects unloaded after import = 174

========================================================================
Received Import Request.
  Time since last request: 217.253744 seconds.
  path: Packages/com.unity.render-pipelines.universal/Runtime/VFXGraph/Shaders/VFXCommon.hlsl
  artifactKey: Guid(385bc181e02fb7549a92fc001133ad46) Importer(815301076,1909f56bfc062723c751e8b465ee728b)
Start importing Packages/com.unity.render-pipelines.universal/Runtime/VFXGraph/Shaders/VFXCommon.hlsl using Guid(385bc181e02fb7549a92fc001133ad46) Importer(815301076,1909f56bfc062723c751e8b465ee728b) (PreviewImporter) -> (artifact id: 'd28792107c191306a04de24f797f381c') in 0.0076992 seconds
Number of updated asset objects reloaded before import = 0Number of asset objects unloaded after import = 1

========================================================================
Received Import Request.
  Time since last request: 0.000033 seconds.
  path: Packages/com.unity.render-pipelines.universal/Runtime/VFXGraph/Shaders/VFXDefines.hlsl
  artifactKey: Guid(730c9c8a21ae0a64aba043694dfacca7) Importer(815301076,1909f56bfc062723c751e8b465ee728b)
Start importing Packages/com.unity.render-pipelines.universal/Runtime/VFXGraph/Shaders/VFXDefines.hlsl using Guid(730c9c8a21ae0a64aba043694dfacca7) Importer(815301076,1909f56bfc062723c751e8b465ee728b) (PreviewImporter) -> (artifact id: '7e427b4145503661371eda28316cf8e3') in 0.0081775 seconds
Number of updated asset objects reloaded before import = 0Number of asset objects unloaded after import = 1

========================================================================
Received Import Request.
  Time since last request: 0.000033 seconds.
  path: Packages/com.unity.render-pipelines.universal/Shaders/2D/VFXSpriteLit.shadergraph
  artifactKey: Guid(24a73dccd7b6fad4798be282f96a21f4) Importer(815301076,1909f56bfc062723c751e8b465ee728b)
Start importing Packages/com.unity.render-pipelines.universal/Shaders/2D/VFXSpriteLit.shadergraph using Guid(24a73dccd7b6fad4798be282f96a21f4) Importer(815301076,1909f56bfc062723c751e8b465ee728b) (PreviewImporter) -> (artifact id: '1abc03ccf3c8ba769cb1ac9d0f059f9f') in 0.3847942 seconds
Number of updated asset objects reloaded before import = 0Number of asset objects unloaded after import = 2

========================================================================
Received Import Request.
  Time since last request: 0.000041 seconds.
  path: Packages/com.unity.render-pipelines.universal/Runtime/VFXGraph/Shaders/VFXLit.hlsl
  artifactKey: Guid(045a06f7c76196a43a929d2a916c7d95) Importer(815301076,1909f56bfc062723c751e8b465ee728b)
Start importing Packages/com.unity.render-pipelines.universal/Runtime/VFXGraph/Shaders/VFXLit.hlsl using Guid(045a06f7c76196a43a929d2a916c7d95) Importer(815301076,1909f56bfc062723c751e8b465ee728b) (PreviewImporter) -> (artifact id: '65a6ba14fcf179d307cc741a25fa3cc3') in 0.0021895 seconds
Number of updated asset objects reloaded before import = 0Number of asset objects unloaded after import = 1

Editor requested this worker to shutdown with reason: Scaling down because of idle timeout
AssetImportWorker is now disconnected from the server
Process exiting
Exiting without the bug reporter. Application will terminate with return code 0