Using pre-set license
Built from '6000.0/release' branch; Version is '6000.0.44f1 (101c91f3a8fb) revision 1055889'; Using compiler version '193933523'; Build Type 'Release'
OS: 'Windows 10  (10.0.19045) 64bit Core' Language: 'es' Physical Memory: 16315 MB
BatchMode: 1, IsHumanControllingUs: 0, StartBugReporterOnCrash: 0, Is64bit: 1, IsPro: 1

COMMAND LINE ARGUMENTS:
C:\Program Files\Unity\Hub\Editor\6000.0.44f1\Editor\Unity.exe
-adb2
-batchMode
-noUpm
-name
AssetImportWorker13
-projectPath
C:/Users/Alain Deleau/Desktop/Da Vinci/(Final Pendiente) Inteligencia Artificial 1/ElementsGame
-logFile
Logs/AssetImportWorker13.log
-srvPort
59732
-job-worker-count
5
-background-job-worker-count
8
-gc-helper-count
1
Successfully changed project path to: C:/Users/Alain Deleau/Desktop/Da Vinci/(Final Pendiente) Inteligencia Artificial 1/ElementsGame
C:/Users/Alain Deleau/Desktop/Da Vinci/(Final Pendiente) Inteligencia Artificial 1/ElementsGame
[UnityMemory] Configuration Parameters - Can be set up in boot.config
    "memorysetup-bucket-allocator-granularity=16"
    "memorysetup-bucket-allocator-bucket-count=8"
    "memorysetup-bucket-allocator-block-size=33554432"
    "memorysetup-bucket-allocator-block-count=8"
    "memorysetup-main-allocator-block-size=16777216"
    "memorysetup-thread-allocator-block-size=16777216"
    "memorysetup-gfx-main-allocator-block-size=16777216"
    "memorysetup-gfx-thread-allocator-block-size=16777216"
    "memorysetup-cache-allocator-block-size=4194304"
    "memorysetup-typetree-allocator-block-size=2097152"
    "memorysetup-profiler-bucket-allocator-granularity=16"
    "memorysetup-profiler-bucket-allocator-bucket-count=8"
    "memorysetup-profiler-bucket-allocator-block-size=33554432"
    "memorysetup-profiler-bucket-allocator-block-count=8"
    "memorysetup-profiler-allocator-block-size=16777216"
    "memorysetup-profiler-editor-allocator-block-size=1048576"
    "memorysetup-temp-allocator-size-main=16777216"
    "memorysetup-job-temp-allocator-block-size=2097152"
    "memorysetup-job-temp-allocator-block-size-background=1048576"
    "memorysetup-job-temp-allocator-reduction-small-platforms=262144"
    "memorysetup-allocator-temp-initial-block-size-main=262144"
    "memorysetup-allocator-temp-initial-block-size-worker=262144"
    "memorysetup-temp-allocator-size-background-worker=32768"
    "memorysetup-temp-allocator-size-job-worker=262144"
    "memorysetup-temp-allocator-size-preload-manager=33554432"
    "memorysetup-temp-allocator-size-nav-mesh-worker=65536"
    "memorysetup-temp-allocator-size-audio-worker=65536"
    "memorysetup-temp-allocator-size-cloud-worker=32768"
    "memorysetup-temp-allocator-size-gi-baking-worker=262144"
    "memorysetup-temp-allocator-size-gi-baking-worker=262144"
    "memorysetup-temp-allocator-size-gi-baking-worker=262144"
    "memorysetup-temp-allocator-size-gi-baking-worker=262144"
    "memorysetup-temp-allocator-size-gi-baking-worker=262144"
    "memorysetup-temp-allocator-size-gfx=262144"
Player connection [6256]  Target information:

Player connection [6256]  * "[IP] 192.168.0.5 [Port] 0 [Flags] 2 [Guid] 3863905369 [EditorId] 3863905369 [Version] 1048832 [Id] WindowsEditor(7,DESKTOP-NPM4VDT) [Debug] 1 [PackageName] WindowsEditor [ProjectName] Editor" 

Player connection [6256] Host joined multi-casting on [225.0.0.222:54997]...
Player connection [6256] Host joined alternative multi-casting on [225.0.0.222:34997]...
JobSystem: Creating JobQueue using job-worker-count value 5
Input System module state changed to: Initialized.
[Physics::Module] Initialized fallback backend.
[Physics::Module] Id: 0xdecafbad
Library Redirect Path: Library/
[Physics::Module] Selected backend.
[Physics::Module] Name: PhysX
[Physics::Module] Id: 0xf2b8ea05
[Physics::Module] SDK Version: 4.1.2
[Physics::Module] Integration Version: 1.0.0
[Physics::Module] Threading Mode: Multi-Threaded
Refreshing native plugins compatible for Editor in 3.47 ms, found 3 plugins.
Preloading 0 native plugins for Editor in 0.00 ms.
Initialize engine version: 6000.0.44f1 (101c91f3a8fb)
[Subsystems] Discovering subsystems at path C:/Program Files/Unity/Hub/Editor/6000.0.44f1/Editor/Data/Resources/UnitySubsystems
[Subsystems] Discovering subsystems at path C:/Users/Alain Deleau/Desktop/Da Vinci/(Final Pendiente) Inteligencia Artificial 1/ElementsGame/Assets
GfxDevice: creating device client; kGfxThreadingModeNonThreaded
Direct3D:
    Version:  Direct3D 11.0 [level 11.1]
    Renderer: NVIDIA GeForce RTX 2060 (ID=0x1f08)
    Vendor:   NVIDIA
    VRAM:     5954 MB
    Driver:   32.0.15.6094
Initialize mono
Mono path[0] = 'C:/Program Files/Unity/Hub/Editor/6000.0.44f1/Editor/Data/Managed'
Mono path[1] = 'C:/Program Files/Unity/Hub/Editor/6000.0.44f1/Editor/Data/MonoBleedingEdge/lib/mono/unityjit-win32'
Mono config path = 'C:/Program Files/Unity/Hub/Editor/6000.0.44f1/Editor/Data/MonoBleedingEdge/etc'
Using monoOptions --debugger-agent=transport=dt_socket,embedding=1,server=y,suspend=n,address=127.0.0.1:56592
Begin MonoManager ReloadAssembly
Registering precompiled unity dll's ...
Register platform support module: C:/Program Files/Unity/Hub/Editor/6000.0.44f1/Editor/Data/PlaybackEngines/WindowsStandaloneSupport/UnityEditor.WindowsStandalone.Extensions.dll
Registered in 0.005895 seconds.
- Loaded All Assemblies, in  0.563 seconds
Native extension for WindowsStandalone target not found
Mono: successfully reloaded assembly
- Finished resetting the current domain, in  0.578 seconds
Domain Reload Profiling: 1135ms
	BeginReloadAssembly (192ms)
		ExecutionOrderSort (0ms)
		DisableScriptedObjects (0ms)
		BackupInstance (0ms)
		ReleaseScriptingObjects (0ms)
		CreateAndSetChildDomain (1ms)
	RebuildCommonClasses (57ms)
	RebuildNativeTypeToScriptingClass (17ms)
	initialDomainReloadingComplete (77ms)
	LoadAllAssembliesAndSetupDomain (213ms)
		LoadAssemblies (185ms)
		RebuildTransferFunctionScriptingTraits (0ms)
		AnalyzeDomain (209ms)
			TypeCache.Refresh (208ms)
				TypeCache.ScanAssembly (192ms)
			BuildScriptInfoCaches (0ms)
			ResolveRequiredComponents (1ms)
	FinalizeReload (578ms)
		ReleaseScriptCaches (0ms)
		RebuildScriptCaches (0ms)
		SetupLoadedEditorAssemblies (512ms)
			LogAssemblyErrors (0ms)
			InitializePlatformSupportModulesInManaged (34ms)
			SetLoadedEditorAssemblies (6ms)
			BeforeProcessingInitializeOnLoad (80ms)
			ProcessInitializeOnLoadAttributes (253ms)
			ProcessInitializeOnLoadMethodAttributes (139ms)
			AfterProcessingInitializeOnLoad (0ms)
			EditorAssembliesLoaded (0ms)
		ExecutionOrderSort2 (0ms)
		AwakeInstancesAfterBackupRestoration (0ms)
========================================================================
Worker process is ready to serve import requests
Import Worker Mode flag is 0x00
Begin MonoManager ReloadAssembly
- Loaded All Assemblies, in  1.210 seconds
Refreshing native plugins compatible for Editor in 2.50 ms, found 3 plugins.
Native extension for WindowsStandalone target not found
Mono: successfully reloaded assembly
- Finished resetting the current domain, in  1.061 seconds
Domain Reload Profiling: 2259ms
	BeginReloadAssembly (259ms)
		ExecutionOrderSort (0ms)
		DisableScriptedObjects (10ms)
		BackupInstance (0ms)
		ReleaseScriptingObjects (0ms)
		CreateAndSetChildDomain (36ms)
	RebuildCommonClasses (54ms)
	RebuildNativeTypeToScriptingClass (17ms)
	initialDomainReloadingComplete (62ms)
	LoadAllAssembliesAndSetupDomain (806ms)
		LoadAssemblies (586ms)
		RebuildTransferFunctionScriptingTraits (0ms)
		AnalyzeDomain (379ms)
			TypeCache.Refresh (272ms)
				TypeCache.ScanAssembly (254ms)
			BuildScriptInfoCaches (86ms)
			ResolveRequiredComponents (17ms)
	FinalizeReload (1062ms)
		ReleaseScriptCaches (0ms)
		RebuildScriptCaches (0ms)
		SetupLoadedEditorAssemblies (837ms)
			LogAssemblyErrors (0ms)
			InitializePlatformSupportModulesInManaged (3ms)
			SetLoadedEditorAssemblies (7ms)
			BeforeProcessingInitializeOnLoad (180ms)
			ProcessInitializeOnLoadAttributes (513ms)
			ProcessInitializeOnLoadMethodAttributes (121ms)
			AfterProcessingInitializeOnLoad (12ms)
			EditorAssembliesLoaded (0ms)
		ExecutionOrderSort2 (0ms)
		AwakeInstancesAfterBackupRestoration (8ms)
Launched and connected shader compiler UnityShaderCompiler.exe after 0.01 seconds
Refreshing native plugins compatible for Editor in 1.97 ms, found 3 plugins.
Preloading 0 native plugins for Editor in 0.00 ms.
Unloading 218 Unused Serialized files (Serialized files now loaded: 0)
Unloading 6212 unused Assets / (4.4 MB). Loaded Objects now: 6918.
Memory consumption went from 165.6 MB to 161.2 MB.
Total: 11.207000 ms (FindLiveObjects: 0.831800 ms CreateObjectMapping: 0.637100 ms MarkObjects: 6.423600 ms  DeleteObjects: 3.312900 ms)

========================================================================
Received Import Request.
  Time since last request: 152472.876297 seconds.
  path: Assets/Art_Character/Animations/Player_Death.fbx
  artifactKey: Guid(286d2bd76dd7d514f89aadac17f07eb0) Importer(815301076,1909f56bfc062723c751e8b465ee728b)
Start importing Assets/Art_Character/Animations/Player_Death.fbx using Guid(286d2bd76dd7d514f89aadac17f07eb0) Importer(815301076,1909f56bfc062723c751e8b465ee728b) (PreviewImporter) -> (artifact id: 'ccbb1bf0af7c4d0797f0a032e04bbf79') in 0.0600764 seconds
Number of updated asset objects reloaded before import = 0Number of asset objects unloaded after import = 137

========================================================================
Received Import Request.
  Time since last request: 12.763156 seconds.
  path: Assets/Art_Character/Animations/Player_Fire_Attack.fbx
  artifactKey: Guid(d6085fca2eeaff94c87f371d973f1550) Importer(815301076,1909f56bfc062723c751e8b465ee728b)
Start importing Assets/Art_Character/Animations/Player_Fire_Attack.fbx using Guid(d6085fca2eeaff94c87f371d973f1550) Importer(815301076,1909f56bfc062723c751e8b465ee728b) (PreviewImporter) -> (artifact id: 'fe8807411640c50bbf395ea71c4b483f') in 0.0049776 seconds
Number of updated asset objects reloaded before import = 0Number of asset objects unloaded after import = 137

========================================================================
Received Import Request.
  Time since last request: 9.889041 seconds.
  path: Assets/Art_Character/Animations/Player_Fire_Attack1.fbx
  artifactKey: Guid(8e1e68cd77431e04984c29909327c25c) Importer(815301076,1909f56bfc062723c751e8b465ee728b)
Start importing Assets/Art_Character/Animations/Player_Fire_Attack1.fbx using Guid(8e1e68cd77431e04984c29909327c25c) Importer(815301076,1909f56bfc062723c751e8b465ee728b) (PreviewImporter) -> (artifact id: '9c848efde35831b2912d6a88a23a0209') in 0.0058277 seconds
Number of updated asset objects reloaded before import = 0Number of asset objects unloaded after import = 137

========================================================================
Received Import Request.
  Time since last request: 10.529172 seconds.
  path: Assets/Art_Character/Animations/Player_Hitted.fbx
  artifactKey: Guid(c09c5d9ba371ca44bb687ab698183832) Importer(815301076,1909f56bfc062723c751e8b465ee728b)
Start importing Assets/Art_Character/Animations/Player_Hitted.fbx using Guid(c09c5d9ba371ca44bb687ab698183832) Importer(815301076,1909f56bfc062723c751e8b465ee728b) (PreviewImporter) -> (artifact id: '27dccfb36b1454097a020a2e3a9ad7cb') in 0.005354 seconds
Number of updated asset objects reloaded before import = 0Number of asset objects unloaded after import = 137

========================================================================
Received Import Request.
  Time since last request: 6.243512 seconds.
  path: Assets/Art_Character/Animations/Player_Idle.fbx
  artifactKey: Guid(5f3acbb3074e3ff428398be1702945f5) Importer(815301076,1909f56bfc062723c751e8b465ee728b)
Start importing Assets/Art_Character/Animations/Player_Idle.fbx using Guid(5f3acbb3074e3ff428398be1702945f5) Importer(815301076,1909f56bfc062723c751e8b465ee728b) (PreviewImporter) -> (artifact id: 'd1231d7b44eb5b646e80237a1b5b2228') in 0.0151057 seconds
Number of updated asset objects reloaded before import = 0Number of asset objects unloaded after import = 137

========================================================================
Received Import Request.
  Time since last request: 7.449734 seconds.
  path: Assets/Art_Character/Animations/Player_Hitted.fbx
  artifactKey: Guid(c09c5d9ba371ca44bb687ab698183832) Importer(815301076,1909f56bfc062723c751e8b465ee728b)
Start importing Assets/Art_Character/Animations/Player_Hitted.fbx using Guid(c09c5d9ba371ca44bb687ab698183832) Importer(815301076,1909f56bfc062723c751e8b465ee728b) (PreviewImporter) -> (artifact id: 'f8a43e7bcc3bb788730adc11957066e3') in 0.0052925 seconds
Number of updated asset objects reloaded before import = 0Number of asset objects unloaded after import = 137

========================================================================
Received Import Request.
  Time since last request: 8.141662 seconds.
  path: Assets/Art_Character/Animations/Player_Run.fbx
  artifactKey: Guid(34ac258b7eb2e724fabc26d0aeace790) Importer(815301076,1909f56bfc062723c751e8b465ee728b)
Start importing Assets/Art_Character/Animations/Player_Run.fbx using Guid(34ac258b7eb2e724fabc26d0aeace790) Importer(815301076,1909f56bfc062723c751e8b465ee728b) (PreviewImporter) -> (artifact id: '934c673a497d518459d24c2d25a969eb') in 0.0048661 seconds
Number of updated asset objects reloaded before import = 0Number of asset objects unloaded after import = 137

========================================================================
Received Import Request.
  Time since last request: 5.695693 seconds.
  path: Assets/Art_Character/Animations/Player_Water_Attack.fbx
  artifactKey: Guid(e0573f260eec82649ab3e8e70b46b2d1) Importer(815301076,1909f56bfc062723c751e8b465ee728b)
Start importing Assets/Art_Character/Animations/Player_Water_Attack.fbx using Guid(e0573f260eec82649ab3e8e70b46b2d1) Importer(815301076,1909f56bfc062723c751e8b465ee728b) (PreviewImporter) -> (artifact id: '12bf54a6e537e2ba96ddd26f371f06ab') in 0.0054169 seconds
Number of updated asset objects reloaded before import = 0Number of asset objects unloaded after import = 137

========================================================================
Received Import Request.
  Time since last request: 29.614926 seconds.
  path: Assets/Art_Character/Animations/Player_Water_Shield.fbx
  artifactKey: Guid(64e8e71892168c0409abc2b56e8749eb) Importer(815301076,1909f56bfc062723c751e8b465ee728b)
Start importing Assets/Art_Character/Animations/Player_Water_Shield.fbx using Guid(64e8e71892168c0409abc2b56e8749eb) Importer(815301076,1909f56bfc062723c751e8b465ee728b) (PreviewImporter) -> (artifact id: '6f0f1c657869c5e7ca82f93b0840acdb') in 0.0078081 seconds
Number of updated asset objects reloaded before import = 0Number of asset objects unloaded after import = 137

========================================================================
Received Import Request.
  Time since last request: 2.095370 seconds.
  path: Assets/Art_Character/Player.controller
  artifactKey: Guid(18699a47733ace84ab2747d95c67cead) Importer(815301076,1909f56bfc062723c751e8b465ee728b)
Start importing Assets/Art_Character/Player.controller using Guid(18699a47733ace84ab2747d95c67cead) Importer(815301076,1909f56bfc062723c751e8b465ee728b) (PreviewImporter) -> (artifact id: 'fa49dc6ed709971471ab2e00797e93d0') in 0.0023179 seconds
Number of updated asset objects reloaded before import = 0Number of asset objects unloaded after import = 2

========================================================================
Received Prepare
Begin MonoManager ReloadAssembly
- Loaded All Assemblies, in  1.223 seconds
Refreshing native plugins compatible for Editor in 2.62 ms, found 3 plugins.
Native extension for WindowsStandalone target not found
Mono: successfully reloaded assembly
- Finished resetting the current domain, in  1.062 seconds
Domain Reload Profiling: 2275ms
	BeginReloadAssembly (322ms)
		ExecutionOrderSort (0ms)
		DisableScriptedObjects (9ms)
		BackupInstance (0ms)
		ReleaseScriptingObjects (0ms)
		CreateAndSetChildDomain (91ms)
	RebuildCommonClasses (58ms)
	RebuildNativeTypeToScriptingClass (18ms)
	initialDomainReloadingComplete (49ms)
	LoadAllAssembliesAndSetupDomain (764ms)
		LoadAssemblies (648ms)
		RebuildTransferFunctionScriptingTraits (0ms)
		AnalyzeDomain (274ms)
			TypeCache.Refresh (7ms)
				TypeCache.ScanAssembly (0ms)
			BuildScriptInfoCaches (246ms)
			ResolveRequiredComponents (17ms)
	FinalizeReload (1063ms)
		ReleaseScriptCaches (0ms)
		RebuildScriptCaches (0ms)
		SetupLoadedEditorAssemblies (771ms)
			LogAssemblyErrors (0ms)
			InitializePlatformSupportModulesInManaged (3ms)
			SetLoadedEditorAssemblies (6ms)
			BeforeProcessingInitializeOnLoad (190ms)
			ProcessInitializeOnLoadAttributes (477ms)
			ProcessInitializeOnLoadMethodAttributes (81ms)
			AfterProcessingInitializeOnLoad (13ms)
			EditorAssembliesLoaded (0ms)
		ExecutionOrderSort2 (0ms)
		AwakeInstancesAfterBackupRestoration (17ms)
Refreshing native plugins compatible for Editor in 2.37 ms, found 3 plugins.
Preloading 0 native plugins for Editor in 0.00 ms.
Unloading 25 Unused Serialized files (Serialized files now loaded: 0)
Unloading 6210 unused Assets / (4.5 MB). Loaded Objects now: 6936.
Memory consumption went from 146.3 MB to 141.9 MB.
Total: 11.449500 ms (FindLiveObjects: 1.027900 ms CreateObjectMapping: 0.724600 ms MarkObjects: 6.912500 ms  DeleteObjects: 2.783100 ms)

Prepare: number of updated asset objects reloaded= 0
========================================================================
Received Prepare
Begin MonoManager ReloadAssembly
- Loaded All Assemblies, in  1.196 seconds
Refreshing native plugins compatible for Editor in 2.00 ms, found 3 plugins.
Native extension for WindowsStandalone target not found
Mono: successfully reloaded assembly
- Finished resetting the current domain, in  1.078 seconds
Domain Reload Profiling: 2264ms
	BeginReloadAssembly (305ms)
		ExecutionOrderSort (0ms)
		DisableScriptedObjects (10ms)
		BackupInstance (0ms)
		ReleaseScriptingObjects (0ms)
		CreateAndSetChildDomain (70ms)
	RebuildCommonClasses (61ms)
	RebuildNativeTypeToScriptingClass (22ms)
	initialDomainReloadingComplete (51ms)
	LoadAllAssembliesAndSetupDomain (746ms)
		LoadAssemblies (603ms)
		RebuildTransferFunctionScriptingTraits (0ms)
		AnalyzeDomain (300ms)
			TypeCache.Refresh (7ms)
				TypeCache.ScanAssembly (0ms)
			BuildScriptInfoCaches (271ms)
			ResolveRequiredComponents (17ms)
	FinalizeReload (1079ms)
		ReleaseScriptCaches (0ms)
		RebuildScriptCaches (0ms)
		SetupLoadedEditorAssemblies (803ms)
			LogAssemblyErrors (0ms)
			InitializePlatformSupportModulesInManaged (3ms)
			SetLoadedEditorAssemblies (6ms)
			BeforeProcessingInitializeOnLoad (187ms)
			ProcessInitializeOnLoadAttributes (503ms)
			ProcessInitializeOnLoadMethodAttributes (89ms)
			AfterProcessingInitializeOnLoad (15ms)
			EditorAssembliesLoaded (0ms)
		ExecutionOrderSort2 (0ms)
		AwakeInstancesAfterBackupRestoration (20ms)
Refreshing native plugins compatible for Editor in 3.15 ms, found 3 plugins.
Preloading 0 native plugins for Editor in 0.00 ms.
Unloading 15 Unused Serialized files (Serialized files now loaded: 0)
Unloading 6210 unused Assets / (4.6 MB). Loaded Objects now: 6938.
Memory consumption went from 144.6 MB to 140.0 MB.
Total: 13.148800 ms (FindLiveObjects: 0.942000 ms CreateObjectMapping: 0.920700 ms MarkObjects: 6.910500 ms  DeleteObjects: 4.373700 ms)

Prepare: number of updated asset objects reloaded= 0
========================================================================
Received Import Request.
  Time since last request: 248.618516 seconds.
  path: Assets/Art_Character/Player.controller
  artifactKey: Guid(18699a47733ace84ab2747d95c67cead) Importer(815301076,1909f56bfc062723c751e8b465ee728b)
Start importing Assets/Art_Character/Player.controller using Guid(18699a47733ace84ab2747d95c67cead) Importer(815301076,1909f56bfc062723c751e8b465ee728b) (PreviewImporter) -> (artifact id: '9ac6c5f39654ee10d7663fc1de82e0a0') in 0.0406926 seconds
Number of updated asset objects reloaded before import = 0Number of asset objects unloaded after import = 4

========================================================================
Received Import Request.
  Time since last request: 724.597693 seconds.
  path: Assets/Art_Character/Animations/Player_Run.fbx
  artifactKey: Guid(34ac258b7eb2e724fabc26d0aeace790) Importer(815301076,1909f56bfc062723c751e8b465ee728b)
Start importing Assets/Art_Character/Animations/Player_Run.fbx using Guid(34ac258b7eb2e724fabc26d0aeace790) Importer(815301076,1909f56bfc062723c751e8b465ee728b) (PreviewImporter) -> (artifact id: '3a3bf7bfc4db709a5cc67e594410ff2e') in 0.0300636 seconds
Number of updated asset objects reloaded before import = 0Number of asset objects unloaded after import = 137

========================================================================
Received Import Request.
  Time since last request: 149.197771 seconds.
  path: Assets/Art_Character/Player.controller
  artifactKey: Guid(18699a47733ace84ab2747d95c67cead) Importer(815301076,1909f56bfc062723c751e8b465ee728b)
Start importing Assets/Art_Character/Player.controller using Guid(18699a47733ace84ab2747d95c67cead) Importer(815301076,1909f56bfc062723c751e8b465ee728b) (PreviewImporter) -> (artifact id: '247de14981ad41287727da109f846f87') in 0.0032861 seconds
Number of updated asset objects reloaded before import = 0Number of asset objects unloaded after import = 7

========================================================================
Received Import Request.
  Time since last request: 63.932585 seconds.
  path: Assets/Art_Character/Player.controller
  artifactKey: Guid(18699a47733ace84ab2747d95c67cead) Importer(815301076,1909f56bfc062723c751e8b465ee728b)
Start importing Assets/Art_Character/Player.controller using Guid(18699a47733ace84ab2747d95c67cead) Importer(815301076,1909f56bfc062723c751e8b465ee728b) (PreviewImporter) -> (artifact id: '845123caebb6e1d00042e132630a2c5c') in 0.0056184 seconds
Number of updated asset objects reloaded before import = 0Number of asset objects unloaded after import = 8

========================================================================
Received Import Request.
  Time since last request: 22.358599 seconds.
  path: Assets/Art_Character/Player.controller
  artifactKey: Guid(18699a47733ace84ab2747d95c67cead) Importer(815301076,1909f56bfc062723c751e8b465ee728b)
Start importing Assets/Art_Character/Player.controller using Guid(18699a47733ace84ab2747d95c67cead) Importer(815301076,1909f56bfc062723c751e8b465ee728b) (PreviewImporter) -> (artifact id: 'e72324e351f3d8b5139a607674ec0bf5') in 0.0032849 seconds
Number of updated asset objects reloaded before import = 0Number of asset objects unloaded after import = 8

========================================================================
Received Import Request.
  Time since last request: 307.918974 seconds.
  path: Assets/Art_Character/Player.controller
  artifactKey: Guid(18699a47733ace84ab2747d95c67cead) Importer(815301076,1909f56bfc062723c751e8b465ee728b)
Start importing Assets/Art_Character/Player.controller using Guid(18699a47733ace84ab2747d95c67cead) Importer(815301076,1909f56bfc062723c751e8b465ee728b) (PreviewImporter) -> (artifact id: '0c2434492919eab12d78f87b56426dfe') in 0.005061 seconds
Number of updated asset objects reloaded before import = 0Number of asset objects unloaded after import = 12

========================================================================
Received Import Request.
  Time since last request: 0.275588 seconds.
  path: Assets/Art_Character/Player.controller
  artifactKey: Guid(18699a47733ace84ab2747d95c67cead) Importer(815301076,1909f56bfc062723c751e8b465ee728b)
Start importing Assets/Art_Character/Player.controller using Guid(18699a47733ace84ab2747d95c67cead) Importer(815301076,1909f56bfc062723c751e8b465ee728b) (PreviewImporter) -> (artifact id: '068211e19ab193b973685897fca6cd00') in 0.0049656 seconds
Number of updated asset objects reloaded before import = 0Number of asset objects unloaded after import = 14

========================================================================
Received Import Request.
  Time since last request: 327.241418 seconds.
  path: Assets/Art_Character/Player.controller
  artifactKey: Guid(18699a47733ace84ab2747d95c67cead) Importer(815301076,1909f56bfc062723c751e8b465ee728b)
Start importing Assets/Art_Character/Player.controller using Guid(18699a47733ace84ab2747d95c67cead) Importer(815301076,1909f56bfc062723c751e8b465ee728b) (PreviewImporter) -> (artifact id: 'cacce375f41815c069af30ad066416e3') in 0.0058354 seconds
Number of updated asset objects reloaded before import = 0Number of asset objects unloaded after import = 20

========================================================================
Received Import Request.
  Time since last request: 10.574364 seconds.
  path: Assets/Art_Character/Player.controller
  artifactKey: Guid(18699a47733ace84ab2747d95c67cead) Importer(815301076,1909f56bfc062723c751e8b465ee728b)
Start importing Assets/Art_Character/Player.controller using Guid(18699a47733ace84ab2747d95c67cead) Importer(815301076,1909f56bfc062723c751e8b465ee728b) (PreviewImporter) -> (artifact id: 'bff7168d5eabbd82b5ae1a45751ed76c') in 0.0057982 seconds
Number of updated asset objects reloaded before import = 0Number of asset objects unloaded after import = 20

========================================================================
Received Prepare
Begin MonoManager ReloadAssembly
- Loaded All Assemblies, in  1.059 seconds
Refreshing native plugins compatible for Editor in 2.75 ms, found 3 plugins.
Native extension for WindowsStandalone target not found
Mono: successfully reloaded assembly
- Finished resetting the current domain, in  0.997 seconds
Domain Reload Profiling: 2046ms
	BeginReloadAssembly (271ms)
		ExecutionOrderSort (0ms)
		DisableScriptedObjects (9ms)
		BackupInstance (0ms)
		ReleaseScriptingObjects (0ms)
		CreateAndSetChildDomain (60ms)
	RebuildCommonClasses (52ms)
	RebuildNativeTypeToScriptingClass (18ms)
	initialDomainReloadingComplete (44ms)
	LoadAllAssembliesAndSetupDomain (663ms)
		LoadAssemblies (542ms)
		RebuildTransferFunctionScriptingTraits (0ms)
		AnalyzeDomain (264ms)
			TypeCache.Refresh (8ms)
				TypeCache.ScanAssembly (0ms)
			BuildScriptInfoCaches (236ms)
			ResolveRequiredComponents (16ms)
	FinalizeReload (998ms)
		ReleaseScriptCaches (0ms)
		RebuildScriptCaches (0ms)
		SetupLoadedEditorAssemblies (737ms)
			LogAssemblyErrors (0ms)
			InitializePlatformSupportModulesInManaged (3ms)
			SetLoadedEditorAssemblies (5ms)
			BeforeProcessingInitializeOnLoad (170ms)
			ProcessInitializeOnLoadAttributes (461ms)
			ProcessInitializeOnLoadMethodAttributes (84ms)
			AfterProcessingInitializeOnLoad (14ms)
			EditorAssembliesLoaded (0ms)
		ExecutionOrderSort2 (0ms)
		AwakeInstancesAfterBackupRestoration (20ms)
Refreshing native plugins compatible for Editor in 2.23 ms, found 3 plugins.
Preloading 0 native plugins for Editor in 0.00 ms.
Unloading 15 Unused Serialized files (Serialized files now loaded: 0)
Unloading 6210 unused Assets / (4.4 MB). Loaded Objects now: 6940.
Memory consumption went from 144.7 MB to 140.3 MB.
Total: 11.833300 ms (FindLiveObjects: 0.881800 ms CreateObjectMapping: 0.486400 ms MarkObjects: 6.307200 ms  DeleteObjects: 4.156300 ms)

Prepare: number of updated asset objects reloaded= 0
